###got sofa!(http://www.douban.com/group/topic/69646918/)
###got sofa!(http://www.douban.com/group/topic/69646917/)
###got sofa!(http://www.douban.com/group/topic/69646827/)
#######################refresh#######################
###got sofa!(http://www.douban.com/group/topic/69646984/)
###got sofa!(http://www.douban.com/group/topic/69646973/)
###got sofa!(http://www.douban.com/group/topic/69646969/)
#######################refresh#######################
###got sofa!(http://www.douban.com/group/topic/69647041/)
###got sofa!(http://www.douban.com/group/topic/69647010/)
###got sofa!(http://www.douban.com/group/topic/69646988/)
#######################refresh#######################
###got sofa!(http://www.douban.com/group/topic/69647090/)
###got sofa!(http://www.douban.com/group/topic/69647088/)
###got sofa!(http://www.douban.com/group/topic/69647046/)
#######################refresh#######################
###got sofa!(http://www.douban.com/group/topic/69647157/)
###got sofa!(http://www.douban.com/group/topic/69614554/)
###got sofa!(http://www.douban.com/group/topic/69647090/)
###got sofa!(http://www.douban.com/group/topic/69647088/)
#######################refresh#######################
###got sofa!(http://www.douban.com/group/topic/69647183/)
#######################refresh#######################
###got sofa!(http://www.douban.com/group/topic/69647258/)
###got sofa!(http://www.douban.com/group/topic/69647183/)
#######################refresh#######################
#######################refresh#######################
#######################refresh#######################
#######################refresh#######################
#######################refresh#######################
#######################refresh#######################
#######################refresh#######################
###got sofa!(http://www.douban.com/group/topic/69647482/)
###got sofa!(http://www.douban.com/group/topic/69647466/)
#######################refresh#######################
###got sofa!(http://www.douban.com/group/topic/69646875/)
###got sofa!(http://www.douban.com/group/topic/69647527/)
###got sofa!(http://www.douban.com/group/topic/69647512/)
###got sofa!(http://www.douban.com/group/topic/69647509/)
#######################refresh#######################
###got sofa!(http://www.douban.com/group/topic/69647603/)
#######################refresh#######################
###got sofa!(http://www.douban.com/group/topic/69647645/)
###got sofa!(http://www.douban.com/group/topic/69647640/)
###got sofa!(http://www.douban.com/group/topic/69647603/)
#######################refresh#######################
###got sofa!(http://www.douban.com/group/topic/69647680/)
###got sofa!(http://www.douban.com/group/topic/69647603/)
#######################refresh#######################
###got sofa!(http://www.douban.com/group/topic/69647680/)
#######################refresh#######################
###got sofa!(http://www.douban.com/group/topic/69647772/)
###got sofa!(http://www.douban.com/group/topic/69647680/)
#######################refresh#######################
###got sofa!(http://www.douban.com/group/topic/69647836/)
###got sofa!(http://www.douban.com/group/topic/69647772/)
#######################refresh#######################
###got sofa!(http://www.douban.com/group/topic/69647901/)
###got sofa!(http://www.douban.com/group/topic/69647895/)
###got sofa!(http://www.douban.com/group/topic/69647874/)
###got sofa!(http://www.douban.com/group/topic/69647860/)
#######################refresh#######################
###got sofa!(http://www.douban.com/group/topic/69647966/)
###got sofa!(http://www.douban.com/group/topic/69647906/)
###got sofa!(http://www.douban.com/group/topic/69647901/)
###got sofa!(http://www.douban.com/group/topic/69647860/)
#######################refresh#######################
###got sofa!(http://www.douban.com/group/topic/69648031/)
###got sofa!(http://www.douban.com/group/topic/69647966/)
###got sofa!(http://www.douban.com/group/topic/69647906/)
###got sofa!(http://www.douban.com/group/topic/69647901/)
#######################refresh#######################
###got sofa!(http://www.douban.com/group/topic/69648168/)
###got sofa!(http://www.douban.com/group/topic/69648159/)
###got sofa!(http://www.douban.com/group/topic/69648157/)
###got sofa!(http://www.douban.com/group/topic/69648102/)
###got sofa!(http://www.douban.com/group/topic/69647966/)
#######################refresh#######################
###got sofa!(http://www.douban.com/group/topic/69648228/)
###got sofa!(http://www.douban.com/group/topic/69648195/)
###got sofa!(http://www.douban.com/group/topic/69648168/)
###got sofa!(http://www.douban.com/group/topic/69648102/)
#######################refresh#######################
###got sofa!(http://www.douban.com/group/topic/69648312/)
###got sofa!(http://www.douban.com/group/topic/69648195/)
#######################refresh#######################
###got sofa!(http://www.douban.com/group/topic/69648368/)
###got sofa!(http://www.douban.com/group/topic/69648195/)
#######################refresh#######################
#######################refresh#######################
###got sofa!(http://www.douban.com/group/topic/69648462/)
#######################refresh#######################
#######################refresh#######################
#######################refresh#######################
###got sofa!(http://www.douban.com/group/topic/69648623/)
###got sofa!(http://www.douban.com/group/topic/69648602/)
#######################refresh#######################
###got sofa!(http://www.douban.com/group/topic/69648623/)
#######################refresh#######################
###got sofa!(http://www.douban.com/group/topic/69648736/)
###got sofa!(http://www.douban.com/group/topic/69648718/)
too many connection resets (due to end of file reached - EOFError) after 19 requests on 36485220, last used 0.021600236 seconds ago
#######################refresh#######################
###got sofa!(http://www.douban.com/group/topic/69648775/)
#######################refresh#######################
###got sofa!(http://www.douban.com/group/topic/69648816/)
###got sofa!(http://www.douban.com/group/topic/69648806/)
###got sofa!(http://www.douban.com/group/topic/69648804/)
###got sofa!(http://www.douban.com/group/topic/69648800/)
#######################refresh#######################
###got sofa!(http://www.douban.com/group/topic/69648806/)
#######################refresh#######################
###got sofa!(http://www.douban.com/group/topic/69648918/)
#######################refresh#######################
#######################refresh#######################
###got sofa!(http://www.douban.com/group/topic/69649020/)
###got sofa!(http://www.douban.com/group/topic/69649003/)
#######################refresh#######################
###got sofa!(http://www.douban.com/group/topic/69649038/)
###got sofa!(http://www.douban.com/group/topic/69649003/)
#######################refresh#######################
#######################refresh#######################
#######################refresh#######################
###got sofa!(http://www.douban.com/group/topic/69649185/)
#######################refresh#######################
###got sofa!(http://www.douban.com/group/topic/69649214/)
###got sofa!(http://www.douban.com/group/topic/69649213/)
#######################refresh#######################
###got sofa!(http://www.douban.com/group/topic/69649295/)
###got sofa!(http://www.douban.com/group/topic/69649214/)
###got sofa!(http://www.douban.com/group/topic/69649213/)
#######################refresh#######################
###got sofa!(http://www.douban.com/group/topic/69649319/)
#######################refresh#######################
###got sofa!(http://www.douban.com/group/topic/69649409/)
#######################refresh#######################
#######################refresh#######################
###got sofa!(http://www.douban.com/group/topic/69649509/)
###got sofa!(http://www.douban.com/group/topic/69649508/)
#######################refresh#######################
#######################refresh#######################
###got sofa!(http://www.douban.com/group/topic/69649578/)
#######################refresh#######################
###got sofa!(http://www.douban.com/group/topic/69649578/)
#######################refresh#######################
###got sofa!(http://www.douban.com/group/topic/69649622/)
#######################refresh#######################
###got sofa!(http://www.douban.com/group/topic/69649688/)
#######################refresh#######################
###got sofa!(http://www.douban.com/group/topic/69649742/)
###got sofa!(http://www.douban.com/group/topic/69649688/)
#######################refresh#######################
###got sofa!(http://www.douban.com/group/topic/69649805/)
###got sofa!(http://www.douban.com/group/topic/69649804/)
###got sofa!(http://www.douban.com/group/topic/69649796/)
###got sofa!(http://www.douban.com/group/topic/69649785/)
###got sofa!(http://www.douban.com/group/topic/69649764/)
###got sofa!(http://www.douban.com/group/topic/69649757/)
###got sofa!(http://www.douban.com/group/topic/69649688/)
#######################refresh#######################
###got sofa!(http://www.douban.com/group/topic/69649908/)
###got sofa!(http://www.douban.com/group/topic/69649846/)
###got sofa!(http://www.douban.com/group/topic/69649837/)
###got sofa!(http://www.douban.com/group/topic/69649833/)
#######################refresh#######################
###got sofa!(http://www.douban.com/group/topic/69649846/)
#######################refresh#######################
###got sofa!(http://www.douban.com/group/topic/69650020/)
###got sofa!(http://www.douban.com/group/topic/69650014/)
###got sofa!(http://www.douban.com/group/topic/69650012/)
###got sofa!(http://www.douban.com/group/topic/69649998/)
#######################refresh#######################
###got sofa!(http://www.douban.com/group/topic/69650102/)
###got sofa!(http://www.douban.com/group/topic/69650099/)
###got sofa!(http://www.douban.com/group/topic/69650084/)
###got sofa!(http://www.douban.com/group/topic/69650033/)
#######################refresh#######################
###got sofa!(http://www.douban.com/group/topic/69650173/)
###got sofa!(http://www.douban.com/group/topic/69650084/)
###got sofa!(http://www.douban.com/group/topic/69650033/)
#######################refresh#######################
###got sofa!(http://www.douban.com/group/topic/69650256/)
###got sofa!(http://www.douban.com/group/topic/69650235/)
#######################refresh#######################
#######################refresh#######################
###got sofa!(http://www.douban.com/group/topic/69650376/)
#######################refresh#######################
###got sofa!(http://www.douban.com/group/topic/69650401/)
###got sofa!(http://www.douban.com/group/topic/69650400/)
#######################refresh#######################
###got sofa!(http://www.douban.com/group/topic/69650400/)
#######################refresh#######################
###got sofa!(http://www.douban.com/group/topic/69650504/)
###got sofa!(http://www.douban.com/group/topic/69650400/)
#######################refresh#######################
###got sofa!(http://www.douban.com/group/topic/69650546/)
###got sofa!(http://www.douban.com/group/topic/69650540/)
###got sofa!(http://www.douban.com/group/topic/69650400/)
#######################refresh#######################
###got sofa!(http://www.douban.com/group/topic/69650593/)
###got sofa!(http://www.douban.com/group/topic/69650546/)
too many connection resets (due to end of file reached - EOFError) after 10 requests on 36485220, last used 0.053196983 seconds ago
#######################refresh#######################
###got sofa!(http://www.douban.com/group/topic/69599610/)
###got sofa!(http://www.douban.com/group/topic/69650639/)
#######################refresh#######################
#######################refresh#######################
404 => Net::HTTPNotFound for http://www.douban.com/group/topic/69650731/ -- unhandled response
#######################refresh#######################
###got sofa!(http://www.douban.com/group/topic/69650787/)
too many connection resets (due to end of file reached - EOFError) after 6 requests on 36485220, last used 0.011590859 seconds ago
#######################refresh#######################
###got sofa!(http://www.douban.com/group/topic/69650797/)
###got sofa!(http://www.douban.com/group/topic/69650791/)
#######################refresh#######################
###got sofa!(http://www.douban.com/group/topic/69650797/)
###got sofa!(http://www.douban.com/group/topic/69650791/)
#######################refresh#######################
###got sofa!(http://www.douban.com/group/topic/69650936/)
###got sofa!(http://www.douban.com/group/topic/69650929/)
###got sofa!(http://www.douban.com/group/topic/69650912/)
###got sofa!(http://www.douban.com/group/topic/69650797/)
###got sofa!(http://www.douban.com/group/topic/69650791/)
#######################refresh#######################
###got sofa!(http://www.douban.com/group/topic/69651013/)
#######################refresh#######################
###got sofa!(http://www.douban.com/group/topic/69651042/)
#######################refresh#######################
###got sofa!(http://www.douban.com/group/topic/69651087/)
too many connection resets (due to end of file reached - EOFError) after 8 requests on 36485220, last used 0.077268759 seconds ago
#######################refresh#######################
#######################refresh#######################
#######################refresh#######################
###got sofa!(http://www.douban.com/group/topic/69651152/)
#######################refresh#######################
#######################refresh#######################
###got sofa!(http://www.douban.com/group/topic/69651203/)
#######################refresh#######################
###got sofa!(http://www.douban.com/group/topic/69651223/)
too many connection resets (due to Connection reset by peer - Errno::ECONNRESET) after 30 requests on 36485220, last used 0.103701731 seconds ago
#######################refresh#######################
###got sofa!(http://www.douban.com/group/topic/69651269/)
###got sofa!(http://www.douban.com/group/topic/69651223/)
#######################refresh#######################
#######################refresh#######################
###got sofa!(http://www.douban.com/group/topic/69651343/)
###got sofa!(http://www.douban.com/group/topic/69651337/)
too many connection resets (due to Connection reset by peer - Errno::ECONNRESET) after 3 requests on 36485220, last used 0.140830752 seconds ago
#######################refresh#######################
###got sofa!(http://www.douban.com/group/topic/69651385/)
###got sofa!(http://www.douban.com/group/topic/69651383/)
###got sofa!(http://www.douban.com/group/topic/69651381/)
###got sofa!(http://www.douban.com/group/topic/69651375/)
###got sofa!(http://www.douban.com/group/topic/69651362/)
404 => Net::HTTPNotFound for http://www.douban.com/group/topic/69651343/ -- unhandled response
#######################refresh#######################
###got sofa!(http://www.douban.com/group/topic/69651482/)
#######################refresh#######################
###got sofa!(http://www.douban.com/group/topic/69651536/)
###got sofa!(http://www.douban.com/group/topic/69651525/)
###got sofa!(http://www.douban.com/group/topic/69651498/)
#######################refresh#######################
###got sofa!(http://www.douban.com/group/topic/69651607/)
#######################refresh#######################
###got sofa!(http://www.douban.com/group/topic/69651638/)
#######################refresh#######################
###got sofa!(http://www.douban.com/group/topic/69651713/)
###got sofa!(http://www.douban.com/group/topic/69651707/)
###got sofa!(http://www.douban.com/group/topic/69651705/)
###got sofa!(http://www.douban.com/group/topic/69651684/)
###got sofa!(http://www.douban.com/group/topic/69651661/)
#######################refresh#######################
###got sofa!(http://www.douban.com/group/topic/69651783/)
###got sofa!(http://www.douban.com/group/topic/69651769/)
###got sofa!(http://www.douban.com/group/topic/69651751/)
###got sofa!(http://www.douban.com/group/topic/69651715/)
###got sofa!(http://www.douban.com/group/topic/69651705/)
#######################refresh#######################
###got sofa!(http://www.douban.com/group/topic/69651877/)
###got sofa!(http://www.douban.com/group/topic/69651872/)
###got sofa!(http://www.douban.com/group/topic/69651868/)
###got sofa!(http://www.douban.com/group/topic/69651818/)
###got sofa!(http://www.douban.com/group/topic/69651783/)
#######################refresh#######################
###got sofa!(http://www.douban.com/group/topic/69651868/)
#######################refresh#######################
###got sofa!(http://www.douban.com/group/topic/69651868/)
#######################refresh#######################
#######################refresh#######################
###got sofa!(http://www.douban.com/group/topic/69652045/)
###got sofa!(http://www.douban.com/group/topic/69652033/)
#######################refresh#######################
###got sofa!(http://www.douban.com/group/topic/69652088/)
###got sofa!(http://www.douban.com/group/topic/69652067/)
#######################refresh#######################
###got sofa!(http://www.douban.com/group/topic/69652067/)
#######################refresh#######################
###got sofa!(http://www.douban.com/group/topic/69652194/)
too many connection resets (due to end of file reached - EOFError) after 18 requests on 36485220, last used 0.022123767 seconds ago
###got sofa!(http://www.douban.com/group/topic/69652067/)
#######################refresh#######################
###got sofa!(http://www.douban.com/group/topic/69652245/)
#######################refresh#######################
###got sofa!(http://www.douban.com/group/topic/69652279/)
#######################refresh#######################
###got sofa!(http://www.douban.com/group/topic/69652294/)
###got sofa!(http://www.douban.com/group/topic/69652279/)
#######################refresh#######################
###got sofa!(http://www.douban.com/group/topic/69652351/)
#######################refresh#######################
###got sofa!(http://www.douban.com/group/topic/69652390/)
404 => Net::HTTPNotFound for http://www.douban.com/group/topic/69651707/ -- unhandled response
#######################refresh#######################
###got sofa!(http://www.douban.com/group/topic/69652431/)
###got sofa!(http://www.douban.com/group/topic/69652411/)
#######################refresh#######################
###got sofa!(http://www.douban.com/group/topic/69652411/)
#######################refresh#######################
###got sofa!(http://www.douban.com/group/topic/69652514/)
too many connection resets (due to end of file reached - EOFError) after 5 requests on 36485220, last used 0.020725824 seconds ago
###got sofa!(http://www.douban.com/group/topic/69652411/)
#######################refresh#######################
###got sofa!(http://www.douban.com/group/topic/69652514/)
404 => Net::HTTPNotFound for http://www.douban.com/group/topic/69641174/ -- unhandled response
###got sofa!(http://www.douban.com/group/topic/69652411/)
#######################refresh#######################
###got sofa!(http://www.douban.com/group/topic/69652411/)
#######################refresh#######################
###got sofa!(http://www.douban.com/group/topic/69652626/)
#######################refresh#######################
###got sofa!(http://www.douban.com/group/topic/69652673/)
#######################refresh#######################
###got sofa!(http://www.douban.com/group/topic/69652710/)
###got sofa!(http://www.douban.com/group/topic/69652685/)
###got sofa!(http://www.douban.com/group/topic/69652673/)
#######################refresh#######################
###got sofa!(http://www.douban.com/group/topic/69652784/)
###got sofa!(http://www.douban.com/group/topic/69652770/)
###got sofa!(http://www.douban.com/group/topic/69652710/)
#######################refresh#######################
###got sofa!(http://www.douban.com/group/topic/69652770/)
#######################refresh#######################
500 => Net::HTTPInternalServerError for http://www.douban.com/group/topic/68267875/ -- unhandled response
###got sofa!(http://www.douban.com/group/topic/69652770/)
#######################refresh#######################
###got sofa!(http://www.douban.com/group/topic/69652922/)
#######################refresh#######################
500 => Net::HTTPInternalServerError for http://www.douban.com/group/topic/69616377/ -- unhandled response
404 => Net::HTTPNotFound for http://www.douban.com/group/topic/69652968/ -- unhandled response
#######################refresh#######################
###got sofa!(http://www.douban.com/group/topic/69653000/)
###got sofa!(http://www.douban.com/group/topic/69652999/)
#######################refresh#######################
###got sofa!(http://www.douban.com/group/topic/69653053/)
###got sofa!(http://www.douban.com/group/topic/69653050/)
###got sofa!(http://www.douban.com/group/topic/69653023/)
###got sofa!(http://www.douban.com/group/topic/69652999/)
500 => Net::HTTPInternalServerError for http://www.douban.com/group/topic/50510238/ -- unhandled response
#######################refresh#######################
###got sofa!(http://www.douban.com/group/topic/69653135/)
###got sofa!(http://www.douban.com/group/topic/69653092/)
500 => Net::HTTPInternalServerError for http://www.douban.com/group/topic/68420144/ -- unhandled response
###got sofa!(http://www.douban.com/group/topic/69653070/)
too many connection resets (due to end of file reached - EOFError) after 7 requests on 36485220, last used 0.021941964 seconds ago
###got sofa!(http://www.douban.com/group/topic/69653023/)
#######################refresh#######################
###got sofa!(http://www.douban.com/group/topic/69653195/)
###got sofa!(http://www.douban.com/group/topic/69653156/)
too many connection resets (due to end of file reached - EOFError) after 26 requests on 36485220, last used 0.048757657 seconds ago
###got sofa!(http://www.douban.com/group/topic/69653135/)
###got sofa!(http://www.douban.com/group/topic/69653092/)
###got sofa!(http://www.douban.com/group/topic/69653023/)
#######################refresh#######################
###got sofa!(http://www.douban.com/group/topic/69653265/)
###got sofa!(http://www.douban.com/group/topic/69653260/)
###got sofa!(http://www.douban.com/group/topic/69653259/)
###got sofa!(http://www.douban.com/group/topic/69653233/)
###got sofa!(http://www.douban.com/group/topic/69653225/)
###got sofa!(http://www.douban.com/group/topic/69653213/)
###got sofa!(http://www.douban.com/group/topic/69653156/)
#######################refresh#######################
###got sofa!(http://www.douban.com/group/topic/69653356/)
###got sofa!(http://www.douban.com/group/topic/69653339/)
###got sofa!(http://www.douban.com/group/topic/69653335/)
###got sofa!(http://www.douban.com/group/topic/69653316/)
###got sofa!(http://www.douban.com/group/topic/69653314/)
###got sofa!(http://www.douban.com/group/topic/69653265/)
#######################refresh#######################
###got sofa!(http://www.douban.com/group/topic/69653441/)
###got sofa!(http://www.douban.com/group/topic/69653438/)
###got sofa!(http://www.douban.com/group/topic/69653426/)
###got sofa!(http://www.douban.com/group/topic/69653366/)
###got sofa!(http://www.douban.com/group/topic/69653335/)
#######################refresh#######################
###got sofa!(http://www.douban.com/group/topic/69653511/)
###got sofa!(http://www.douban.com/group/topic/69653497/)
###got sofa!(http://www.douban.com/group/topic/69653460/)
#######################refresh#######################
###got sofa!(http://www.douban.com/group/topic/69653460/)
#######################refresh#######################
###got sofa!(http://www.douban.com/group/topic/69653594/)
###got sofa!(http://www.douban.com/group/topic/69653561/)
###got sofa!(http://www.douban.com/group/topic/69653460/)
#######################refresh#######################
###got sofa!(http://www.douban.com/group/topic/69653629/)
#######################refresh#######################
###got sofa!(http://www.douban.com/group/topic/69653683/)
#######################refresh#######################
###got sofa!(http://www.douban.com/group/topic/69653715/)
###got sofa!(http://www.douban.com/group/topic/69653714/)
###got sofa!(http://www.douban.com/group/topic/69653688/)
###got sofa!(http://www.douban.com/group/topic/69653683/)
#######################refresh#######################
###got sofa!(http://www.douban.com/group/topic/69653785/)
###got sofa!(http://www.douban.com/group/topic/69653688/)
#######################refresh#######################
###got sofa!(http://www.douban.com/group/topic/69653688/)
#######################refresh#######################
###got sofa!(http://www.douban.com/group/topic/69653856/)
###got sofa!(http://www.douban.com/group/topic/69653851/)
#######################refresh#######################
###got sofa!(http://www.douban.com/group/topic/69653869/)
###got sofa!(http://www.douban.com/group/topic/69653851/)
#######################refresh#######################
###got sofa!(http://www.douban.com/group/topic/69653919/)
###got sofa!(http://www.douban.com/group/topic/69653911/)
###got sofa!(http://www.douban.com/group/topic/69653869/)
###got sofa!(http://www.douban.com/group/topic/69653851/)
too many connection resets (due to end of file reached - EOFError) after 2 requests on 36485220, last used 0.023283132 seconds ago
#######################refresh#######################
###got sofa!(http://www.douban.com/group/topic/69653953/)
###got sofa!(http://www.douban.com/group/topic/69653919/)
###got sofa!(http://www.douban.com/group/topic/69653911/)
###got sofa!(http://www.douban.com/group/topic/69653869/)
###got sofa!(http://www.douban.com/group/topic/69653851/)
#######################refresh#######################
###got sofa!(http://www.douban.com/group/topic/69654028/)
###got sofa!(http://www.douban.com/group/topic/69654000/)
#######################refresh#######################
###got sofa!(http://www.douban.com/group/topic/69654000/)
too many connection resets (due to end of file reached - EOFError) after 44 requests on 36485220, last used 0.019139029 seconds ago
#######################refresh#######################
###got sofa!(http://www.douban.com/group/topic/69654087/)
###got sofa!(http://www.douban.com/group/topic/69654000/)
#######################refresh#######################
###got sofa!(http://www.douban.com/group/topic/69654000/)
#######################refresh#######################
###got sofa!(http://www.douban.com/group/topic/69654124/)
#######################refresh#######################
###got sofa!(http://www.douban.com/group/topic/69654154/)
#######################refresh#######################
###got sofa!(http://www.douban.com/group/topic/69654154/)
#######################refresh#######################
###got sofa!(http://www.douban.com/group/topic/69654154/)
#######################refresh#######################
###got sofa!(http://www.douban.com/group/topic/69654154/)
#######################refresh#######################
###got sofa!(http://www.douban.com/group/topic/69654276/)
###got sofa!(http://www.douban.com/group/topic/69654273/)
###got sofa!(http://www.douban.com/group/topic/69654264/)
#######################refresh#######################
###got sofa!(http://www.douban.com/group/topic/69654329/)
###got sofa!(http://www.douban.com/group/topic/69654295/)
#######################refresh#######################
###got sofa!(http://www.douban.com/group/topic/69654367/)
404 => Net::HTTPNotFound for http://www.douban.com/group/topic/69654363/ -- unhandled response
#######################refresh#######################
###got sofa!(http://www.douban.com/group/topic/69654367/)
#######################refresh#######################
#######################refresh#######################
###got sofa!(http://www.douban.com/group/topic/69654443/)
too many connection resets (due to Connection reset by peer - Errno::ECONNRESET) after 14 requests on 36485220, last used 0.104380777 seconds ago
#######################refresh#######################
###got sofa!(http://www.douban.com/group/topic/69654468/)
###got sofa!(http://www.douban.com/group/topic/69654443/)
#######################refresh#######################
#######################refresh#######################
###got sofa!(http://www.douban.com/group/topic/69654520/)
#######################refresh#######################
###got sofa!(http://www.douban.com/group/topic/69654552/)
###got sofa!(http://www.douban.com/group/topic/69654549/)
#######################refresh#######################
#######################refresh#######################
#######################refresh#######################
#######################refresh#######################
###got sofa!(http://www.douban.com/group/topic/69654630/)
#######################refresh#######################
###got sofa!(http://www.douban.com/group/topic/69654630/)
#######################refresh#######################
###got sofa!(http://www.douban.com/group/topic/69654706/)
###got sofa!(http://www.douban.com/group/topic/69654695/)
#######################refresh#######################
###got sofa!(http://www.douban.com/group/topic/69654761/)
#######################refresh#######################
###got sofa!(http://www.douban.com/group/topic/69654791/)
###got sofa!(http://www.douban.com/group/topic/69654788/)
###got sofa!(http://www.douban.com/group/topic/69654774/)
#######################refresh#######################
###got sofa!(http://www.douban.com/group/topic/69654791/)
###got sofa!(http://www.douban.com/group/topic/69654774/)
#######################refresh#######################
###got sofa!(http://www.douban.com/group/topic/69654774/)
too many connection resets (due to end of file reached - EOFError) after 51 requests on 36485220, last used 0.056899976 seconds ago
#######################refresh#######################
###got sofa!(http://www.douban.com/group/topic/69654886/)
#######################refresh#######################
#######################refresh#######################
#######################refresh#######################
###got sofa!(http://www.douban.com/group/topic/69654952/)
#######################refresh#######################
###got sofa!(http://www.douban.com/group/topic/69654980/)
#######################refresh#######################
#######################refresh#######################
#######################refresh#######################
###got sofa!(http://www.douban.com/group/topic/69655053/)
#######################refresh#######################
###got sofa!(http://www.douban.com/group/topic/69655078/)
#######################refresh#######################
###got sofa!(http://www.douban.com/group/topic/69655113/)
###got sofa!(http://www.douban.com/group/topic/69655111/)
#######################refresh#######################
###got sofa!(http://www.douban.com/group/topic/69655142/)
###got sofa!(http://www.douban.com/group/topic/69655133/)
#######################refresh#######################
###got sofa!(http://www.douban.com/group/topic/69655169/)
###got sofa!(http://www.douban.com/group/topic/69655168/)
#######################refresh#######################
###got sofa!(http://www.douban.com/group/topic/69655206/)
###got sofa!(http://www.douban.com/group/topic/69655185/)
#######################refresh#######################
###got sofa!(http://www.douban.com/group/topic/69655242/)
###got sofa!(http://www.douban.com/group/topic/69655241/)
#######################refresh#######################
###got sofa!(http://www.douban.com/group/topic/69655278/)
###got sofa!(http://www.douban.com/group/topic/69655245/)
#######################refresh#######################
#######################refresh#######################
#######################refresh#######################
#######################refresh#######################
###got sofa!(http://www.douban.com/group/topic/69655364/)
###got sofa!(http://www.douban.com/group/topic/69655354/)
#######################refresh#######################
###got sofa!(http://www.douban.com/group/topic/69655397/)
###got sofa!(http://www.douban.com/group/topic/69655378/)
#######################refresh#######################
#######################refresh#######################
###got sofa!(http://www.douban.com/group/topic/69655477/)
#######################refresh#######################
###got sofa!(http://www.douban.com/group/topic/69655503/)
###got sofa!(http://www.douban.com/group/topic/69655496/)
#######################refresh#######################
###got sofa!(http://www.douban.com/group/topic/69655546/)
###got sofa!(http://www.douban.com/group/topic/69655529/)
too many connection resets (due to end of file reached - EOFError) after 8 requests on 36485220, last used 0.01732595 seconds ago
###got sofa!(http://www.douban.com/group/topic/69655496/)
#######################refresh#######################
###got sofa!(http://www.douban.com/group/topic/69655599/)
###got sofa!(http://www.douban.com/group/topic/69655590/)
###got sofa!(http://www.douban.com/group/topic/69655588/)
###got sofa!(http://www.douban.com/group/topic/69655496/)
#######################refresh#######################
###got sofa!(http://www.douban.com/group/topic/69655637/)
###got sofa!(http://www.douban.com/group/topic/69655613/)
###got sofa!(http://www.douban.com/group/topic/69655588/)
#######################refresh#######################
###got sofa!(http://www.douban.com/group/topic/69655613/)
###got sofa!(http://www.douban.com/group/topic/69655588/)
#######################refresh#######################
###got sofa!(http://www.douban.com/group/topic/69655613/)
#######################refresh#######################
###got sofa!(http://www.douban.com/group/topic/69655730/)
###got sofa!(http://www.douban.com/group/topic/69655613/)
#######################refresh#######################
###got sofa!(http://www.douban.com/group/topic/69655755/)
#######################refresh#######################
#######################refresh#######################
#######################refresh#######################
###got sofa!(http://www.douban.com/group/topic/69655830/)
###got sofa!(http://www.douban.com/group/topic/69655822/)
#######################refresh#######################
#######################refresh#######################
###got sofa!(http://www.douban.com/group/topic/69655900/)
###got sofa!(http://www.douban.com/group/topic/69655888/)
#######################refresh#######################
#######################refresh#######################
#######################refresh#######################
#######################refresh#######################
#######################refresh#######################
#######################refresh#######################
#######################refresh#######################
###got sofa!(http://www.douban.com/group/topic/69656049/)
#######################refresh#######################
###got sofa!(http://www.douban.com/group/topic/69656081/)
###got sofa!(http://www.douban.com/group/topic/69656077/)
#######################refresh#######################
###got sofa!(http://www.douban.com/group/topic/69656139/)
###got sofa!(http://www.douban.com/group/topic/69656081/)
###got sofa!(http://www.douban.com/group/topic/69656077/)
#######################refresh#######################
###got sofa!(http://www.douban.com/group/topic/69656081/)
#######################refresh#######################
###got sofa!(http://www.douban.com/group/topic/69656256/)
###got sofa!(http://www.douban.com/group/topic/69656254/)
###got sofa!(http://www.douban.com/group/topic/69656199/)
#######################refresh#######################
###got sofa!(http://www.douban.com/group/topic/69656308/)
###got sofa!(http://www.douban.com/group/topic/69656256/)
#######################refresh#######################
###got sofa!(http://www.douban.com/group/topic/69656319/)
###got sofa!(http://www.douban.com/group/topic/69656315/)
#######################refresh#######################
###got sofa!(http://www.douban.com/group/topic/69656361/)
#######################refresh#######################
###got sofa!(http://www.douban.com/group/topic/69656361/)
#######################refresh#######################
#######################refresh#######################
###got sofa!(http://www.douban.com/group/topic/69656466/)
###got sofa!(http://www.douban.com/group/topic/69656459/)
#######################refresh#######################
###got sofa!(http://www.douban.com/group/topic/69656533/)
#######################refresh#######################
###got sofa!(http://www.douban.com/group/topic/69656540/)
#######################refresh#######################
###got sofa!(http://www.douban.com/group/topic/69656613/)
###got sofa!(http://www.douban.com/group/topic/69656611/)
###got sofa!(http://www.douban.com/group/topic/69656607/)
###got sofa!(http://www.douban.com/group/topic/69656540/)
#######################refresh#######################
###got sofa!(http://www.douban.com/group/topic/69656688/)
###got sofa!(http://www.douban.com/group/topic/69656686/)
###got sofa!(http://www.douban.com/group/topic/69656666/)
#######################refresh#######################
###got sofa!(http://www.douban.com/group/topic/69656733/)
###got sofa!(http://www.douban.com/group/topic/69656697/)
###got sofa!(http://www.douban.com/group/topic/69656688/)
too many connection resets (due to end of file reached - EOFError) after 2 requests on 36485220, last used 0.022502586 seconds ago
###got sofa!(http://www.douban.com/group/topic/69656666/)
#######################refresh#######################
###got sofa!(http://www.douban.com/group/topic/69656811/)
too many connection resets (due to end of file reached - EOFError) after 6 requests on 36485220, last used 0.022853189 seconds ago
###got sofa!(http://www.douban.com/group/topic/69656789/)
###got sofa!(http://www.douban.com/group/topic/69656760/)
###got sofa!(http://www.douban.com/group/topic/69656733/)
#######################refresh#######################
###got sofa!(http://www.douban.com/group/topic/69656837/)
###got sofa!(http://www.douban.com/group/topic/69656825/)
too many connection resets (due to end of file reached - EOFError) after 6 requests on 36485220, last used 0.021292653 seconds ago
#######################refresh#######################
###got sofa!(http://www.douban.com/group/topic/69656892/)
too many connection resets (due to end of file reached - EOFError) after 21 requests on 36485220, last used 0.021272823 seconds ago
#######################refresh#######################
###got sofa!(http://www.douban.com/group/topic/69656892/)
#######################refresh#######################
###got sofa!(http://www.douban.com/group/topic/69656949/)
#######################refresh#######################
###got sofa!(http://www.douban.com/group/topic/69657016/)
###got sofa!(http://www.douban.com/group/topic/69657003/)
###got sofa!(http://www.douban.com/group/topic/69656949/)
#######################refresh#######################
###got sofa!(http://www.douban.com/group/topic/69657003/)
#######################refresh#######################
###got sofa!(http://www.douban.com/group/topic/69657003/)
#######################refresh#######################
###got sofa!(http://www.douban.com/group/topic/69657156/)
#######################refresh#######################
###got sofa!(http://www.douban.com/group/topic/69657199/)
###got sofa!(http://www.douban.com/group/topic/69657156/)
#######################refresh#######################
###got sofa!(http://www.douban.com/group/topic/69657156/)
#######################refresh#######################
#######################refresh#######################
#######################refresh#######################
###got sofa!(http://www.douban.com/group/topic/69657344/)
#######################refresh#######################
###got sofa!(http://www.douban.com/group/topic/69657344/)
#######################refresh#######################
#######################refresh#######################
###got sofa!(http://www.douban.com/group/topic/69657438/)
#######################refresh#######################
#######################refresh#######################
#######################refresh#######################
#######################refresh#######################
#######################refresh#######################
###got sofa!(http://www.douban.com/group/topic/69657564/)
###got sofa!(http://www.douban.com/group/topic/69657549/)
#######################refresh#######################
###got sofa!(http://www.douban.com/group/topic/69657615/)
###got sofa!(http://www.douban.com/group/topic/69657566/)
###got sofa!(http://www.douban.com/group/topic/69657564/)
#######################refresh#######################
###got sofa!(http://www.douban.com/group/topic/69657664/)
###got sofa!(http://www.douban.com/group/topic/69657615/)
#######################refresh#######################
###got sofa!(http://www.douban.com/group/topic/69657664/)
###got sofa!(http://www.douban.com/group/topic/69657615/)
#######################refresh#######################
###got sofa!(http://www.douban.com/group/topic/69657739/)
###got sofa!(http://www.douban.com/group/topic/69657737/)
###got sofa!(http://www.douban.com/group/topic/69657615/)
#######################refresh#######################
###got sofa!(http://www.douban.com/group/topic/69657799/)
###got sofa!(http://www.douban.com/group/topic/69657739/)
###got sofa!(http://www.douban.com/group/topic/69657737/)
#######################refresh#######################
###got sofa!(http://www.douban.com/group/topic/69657867/)
###got sofa!(http://www.douban.com/group/topic/69657860/)
###got sofa!(http://www.douban.com/group/topic/69657799/)
#######################refresh#######################
###got sofa!(http://www.douban.com/group/topic/69657914/)
###got sofa!(http://www.douban.com/group/topic/69657860/)
#######################refresh#######################
#######################refresh#######################
###got sofa!(http://www.douban.com/group/topic/69658003/)
#######################refresh#######################
###got sofa!(http://www.douban.com/group/topic/69658043/)
###got sofa!(http://www.douban.com/group/topic/69658017/)
#######################refresh#######################
#######################refresh#######################
#######################refresh#######################
###got sofa!(http://www.douban.com/group/topic/69658115/)
#######################refresh#######################
###got sofa!(http://www.douban.com/group/topic/69658150/)
###got sofa!(http://www.douban.com/group/topic/69658115/)
too many connection resets (due to end of file reached - EOFError) after 16 requests on 36485220, last used 0.02259282 seconds ago
#######################refresh#######################
###got sofa!(http://www.douban.com/group/topic/69658150/)
#######################refresh#######################
###got sofa!(http://www.douban.com/group/topic/69658240/)
###got sofa!(http://www.douban.com/group/topic/69658150/)
#######################refresh#######################
###got sofa!(http://www.douban.com/group/topic/69658301/)
###got sofa!(http://www.douban.com/group/topic/69658240/)
#######################refresh#######################
#######################refresh#######################
###got sofa!(http://www.douban.com/group/topic/69658369/)
###got sofa!(http://www.douban.com/group/topic/69658368/)
#######################refresh#######################
###got sofa!(http://www.douban.com/group/topic/69658368/)
#######################refresh#######################
###got sofa!(http://www.douban.com/group/topic/69658368/)
#######################refresh#######################
###got sofa!(http://www.douban.com/group/topic/69658557/)
#######################refresh#######################
###got sofa!(http://www.douban.com/group/topic/69658611/)
###got sofa!(http://www.douban.com/group/topic/69658584/)
###got sofa!(http://www.douban.com/group/topic/69658557/)
#######################refresh#######################
###got sofa!(http://www.douban.com/group/topic/69658660/)
404 => Net::HTTPNotFound for http://www.douban.com/group/topic/69641158/ -- unhandled response
#######################refresh#######################
###got sofa!(http://www.douban.com/group/topic/69658711/)
#######################refresh#######################
###got sofa!(http://www.douban.com/group/topic/69658740/)
#######################refresh#######################
###got sofa!(http://www.douban.com/group/topic/69658755/)
#######################refresh#######################
#######################refresh#######################
#######################refresh#######################
###got sofa!(http://www.douban.com/group/topic/69658850/)
#######################refresh#######################
###got sofa!(http://www.douban.com/group/topic/69658891/)
#######################refresh#######################
###got sofa!(http://www.douban.com/group/topic/69658942/)
#######################refresh#######################
###got sofa!(http://www.douban.com/group/topic/69658984/)
#######################refresh#######################
#######################refresh#######################
#######################refresh#######################
#######################refresh#######################
###got sofa!(http://www.douban.com/group/topic/69659108/)
###got sofa!(http://www.douban.com/group/topic/69659097/)
###got sofa!(http://www.douban.com/group/topic/69659095/)
#######################refresh#######################
###got sofa!(http://www.douban.com/group/topic/69659149/)
###got sofa!(http://www.douban.com/group/topic/69659145/)
#######################refresh#######################
###got sofa!(http://www.douban.com/group/topic/69659188/)
#######################refresh#######################
###got sofa!(http://www.douban.com/group/topic/69659219/)
###got sofa!(http://www.douban.com/group/topic/69659213/)
#######################refresh#######################
###got sofa!(http://www.douban.com/group/topic/69659263/)
#######################refresh#######################
###got sofa!(http://www.douban.com/group/topic/69659301/)
#######################refresh#######################
#######################refresh#######################
###got sofa!(http://www.douban.com/group/topic/69659367/)
#######################refresh#######################
###got sofa!(http://www.douban.com/group/topic/69659426/)
###got sofa!(http://www.douban.com/group/topic/69659410/)
#######################refresh#######################
###got sofa!(http://www.douban.com/group/topic/69659432/)
#######################refresh#######################
#######################refresh#######################
###got sofa!(http://www.douban.com/group/topic/69659532/)
#######################refresh#######################
#######################refresh#######################
###got sofa!(http://www.douban.com/group/topic/69659599/)
#######################refresh#######################
###got sofa!(http://www.douban.com/group/topic/69659644/)
#######################refresh#######################
###got sofa!(http://www.douban.com/group/topic/69659701/)
#######################refresh#######################
###got sofa!(http://www.douban.com/group/topic/69659744/)
#######################refresh#######################
###got sofa!(http://www.douban.com/group/topic/69659763/)
#######################refresh#######################
#######################refresh#######################
#######################refresh#######################
#######################refresh#######################
#######################refresh#######################
###got sofa!(http://www.douban.com/group/topic/69659932/)
#######################refresh#######################
###got sofa!(http://www.douban.com/group/topic/69659960/)
###got sofa!(http://www.douban.com/group/topic/69659957/)
###got sofa!(http://www.douban.com/group/topic/69659942/)
###got sofa!(http://www.douban.com/group/topic/69659938/)
#######################refresh#######################
###got sofa!(http://www.douban.com/group/topic/69660027/)
###got sofa!(http://www.douban.com/group/topic/69660024/)
###got sofa!(http://www.douban.com/group/topic/69659983/)
###got sofa!(http://www.douban.com/group/topic/69659978/)
#######################refresh#######################
###got sofa!(http://www.douban.com/group/topic/69660027/)
###got sofa!(http://www.douban.com/group/topic/69659983/)
#######################refresh#######################
###got sofa!(http://www.douban.com/group/topic/69660140/)
###got sofa!(http://www.douban.com/group/topic/69660027/)
#######################refresh#######################
###got sofa!(http://www.douban.com/group/topic/69660216/)
###got sofa!(http://www.douban.com/group/topic/69660214/)
###got sofa!(http://www.douban.com/group/topic/69660180/)
#######################refresh#######################
###got sofa!(http://www.douban.com/group/topic/69660240/)
#######################refresh#######################
###got sofa!(http://www.douban.com/group/topic/69660326/)
###got sofa!(http://www.douban.com/group/topic/69660316/)
###got sofa!(http://www.douban.com/group/topic/69660305/)
###got sofa!(http://www.douban.com/group/topic/69660240/)
#######################refresh#######################
###got sofa!(http://www.douban.com/group/topic/69660391/)
###got sofa!(http://www.douban.com/group/topic/69660366/)
#######################refresh#######################
###got sofa!(http://www.douban.com/group/topic/69660456/)
###got sofa!(http://www.douban.com/group/topic/69660446/)
404 => Net::HTTPNotFound for http://www.douban.com/group/topic/69660436/ -- unhandled response
###got sofa!(http://www.douban.com/group/topic/69660435/)
###got sofa!(http://www.douban.com/group/topic/69660391/)
#######################refresh#######################
###got sofa!(http://www.douban.com/group/topic/69660512/)
###got sofa!(http://www.douban.com/group/topic/69660501/)
###got sofa!(http://www.douban.com/group/topic/69660468/)
too many connection resets (due to Connection reset by peer - Errno::ECONNRESET) after 7 requests on 36485220, last used 0.120667021 seconds ago
###got sofa!(http://www.douban.com/group/topic/69660446/)
#######################refresh#######################
###got sofa!(http://www.douban.com/group/topic/69660580/)
###got sofa!(http://www.douban.com/group/topic/69660525/)
###got sofa!(http://www.douban.com/group/topic/69660520/)
###got sofa!(http://www.douban.com/group/topic/69660468/)
###got sofa!(http://www.douban.com/group/topic/69660446/)
#######################refresh#######################
###got sofa!(http://www.douban.com/group/topic/69660673/)
404 => Net::HTTPNotFound for http://www.douban.com/group/topic/69660671/ -- unhandled response
###got sofa!(http://www.douban.com/group/topic/69660662/)
###got sofa!(http://www.douban.com/group/topic/69660601/)
###got sofa!(http://www.douban.com/group/topic/69660580/)
#######################refresh#######################
###got sofa!(http://www.douban.com/group/topic/69660740/)
###got sofa!(http://www.douban.com/group/topic/69660735/)
###got sofa!(http://www.douban.com/group/topic/69660719/)
###got sofa!(http://www.douban.com/group/topic/69660711/)
#######################refresh#######################
###got sofa!(http://www.douban.com/group/topic/69660755/)
too many connection resets (due to end of file reached - EOFError) after 46 requests on 36485220, last used 0.021727905 seconds ago
#######################refresh#######################
###got sofa!(http://www.douban.com/group/topic/69660861/)
###got sofa!(http://www.douban.com/group/topic/69660853/)
#######################refresh#######################
#######################refresh#######################
#######################refresh#######################
###got sofa!(http://www.douban.com/group/topic/69660981/)
###got sofa!(http://www.douban.com/group/topic/69660978/)
#######################refresh#######################
###got sofa!(http://www.douban.com/group/topic/69661036/)
###got sofa!(http://www.douban.com/group/topic/69660981/)
###got sofa!(http://www.douban.com/group/topic/69660978/)
#######################refresh#######################
###got sofa!(http://www.douban.com/group/topic/69661036/)
#######################refresh#######################
###got sofa!(http://www.douban.com/group/topic/69661162/)
#######################refresh#######################
###got sofa!(http://www.douban.com/group/topic/69661244/)
###got sofa!(http://www.douban.com/group/topic/69661240/)
###got sofa!(http://www.douban.com/group/topic/69661237/)
###got sofa!(http://www.douban.com/group/topic/69661235/)
#######################refresh#######################
###got sofa!(http://www.douban.com/group/topic/69661327/)
###got sofa!(http://www.douban.com/group/topic/69661302/)
###got sofa!(http://www.douban.com/group/topic/69661271/)
#######################refresh#######################
###got sofa!(http://www.douban.com/group/topic/69661398/)
###got sofa!(http://www.douban.com/group/topic/69661302/)
###got sofa!(http://www.douban.com/group/topic/69661271/)
#######################refresh#######################
###got sofa!(http://www.douban.com/group/topic/69661463/)
#######################refresh#######################
#######################refresh#######################
###got sofa!(http://www.douban.com/group/topic/69661524/)
too many connection resets (due to end of file reached - EOFError) after 24 requests on 36485220, last used 0.021449761 seconds ago
#######################refresh#######################
#######################refresh#######################
#######################refresh#######################
###got sofa!(http://www.douban.com/group/topic/69661631/)
#######################refresh#######################
404 => Net::HTTPNotFound for http://www.douban.com/group/topic/69661668/ -- unhandled response
###got sofa!(http://www.douban.com/group/topic/69661664/)
404 => Net::HTTPNotFound for http://www.douban.com/group/topic/69661663/ -- unhandled response
###got sofa!(http://www.douban.com/group/topic/69661654/)
###got sofa!(http://www.douban.com/group/topic/69661637/)
#######################refresh#######################
###got sofa!(http://www.douban.com/group/topic/69661664/)
###got sofa!(http://www.douban.com/group/topic/69661637/)
#######################refresh#######################
###got sofa!(http://www.douban.com/group/topic/69661664/)
#######################refresh#######################
#######################refresh#######################
###got sofa!(http://www.douban.com/group/topic/69661843/)
#######################refresh#######################
###got sofa!(http://www.douban.com/group/topic/69661875/)
#######################refresh#######################
###got sofa!(http://www.douban.com/group/topic/69661909/)
#######################refresh#######################
#######################refresh#######################
###got sofa!(http://www.douban.com/group/topic/69661960/)
#######################refresh#######################
###got sofa!(http://www.douban.com/group/topic/69662019/)
###got sofa!(http://www.douban.com/group/topic/69661980/)
###got sofa!(http://www.douban.com/group/topic/69661960/)
#######################refresh#######################
###got sofa!(http://www.douban.com/group/topic/69662073/)
too many connection resets (due to Connection reset by peer - Errno::ECONNRESET) after 16 requests on 36485220, last used 0.088383857 seconds ago
###got sofa!(http://www.douban.com/group/topic/69662065/)
#######################refresh#######################
###got sofa!(http://www.douban.com/group/topic/69662128/)
###got sofa!(http://www.douban.com/group/topic/69662122/)
###got sofa!(http://www.douban.com/group/topic/69662065/)
#######################refresh#######################
###got sofa!(http://www.douban.com/group/topic/69662141/)
#######################refresh#######################
#######################refresh#######################
###got sofa!(http://www.douban.com/group/topic/69662261/)
###got sofa!(http://www.douban.com/group/topic/69662257/)
too many connection resets (due to end of file reached - EOFError) after 3 requests on 36485220, last used 0.040507392 seconds ago
###got sofa!(http://www.douban.com/group/topic/69662256/)
#######################refresh#######################
###got sofa!(http://www.douban.com/group/topic/69662314/)
###got sofa!(http://www.douban.com/group/topic/69662261/)
###got sofa!(http://www.douban.com/group/topic/69662257/)
#######################refresh#######################
###got sofa!(http://www.douban.com/group/topic/69662380/)
###got sofa!(http://www.douban.com/group/topic/69662261/)
###got sofa!(http://www.douban.com/group/topic/69662257/)
#######################refresh#######################
#######################refresh#######################
###got sofa!(http://www.douban.com/group/topic/69662441/)
###got sofa!(http://www.douban.com/group/topic/69662437/)
#######################refresh#######################
###got sofa!(http://www.douban.com/group/topic/69662543/)
###got sofa!(http://www.douban.com/group/topic/69662508/)
###got sofa!(http://www.douban.com/group/topic/69662494/)
###got sofa!(http://www.douban.com/group/topic/69662441/)
#######################refresh#######################
###got sofa!(http://www.douban.com/group/topic/69662603/)
###got sofa!(http://www.douban.com/group/topic/69662594/)
###got sofa!(http://www.douban.com/group/topic/69662494/)
#######################refresh#######################
###got sofa!(http://www.douban.com/group/topic/69662665/)
###got sofa!(http://www.douban.com/group/topic/69662659/)
###got sofa!(http://www.douban.com/group/topic/69662603/)
#######################refresh#######################
###got sofa!(http://www.douban.com/group/topic/69662710/)
###got sofa!(http://www.douban.com/group/topic/69662708/)
###got sofa!(http://www.douban.com/group/topic/69662676/)
###got sofa!(http://www.douban.com/group/topic/69662659/)
#######################refresh#######################
###got sofa!(http://www.douban.com/group/topic/69662797/)
#######################refresh#######################
###got sofa!(http://www.douban.com/group/topic/69662839/)
###got sofa!(http://www.douban.com/group/topic/69662828/)
###got sofa!(http://www.douban.com/group/topic/69662824/)
###got sofa!(http://www.douban.com/group/topic/69662817/)
###got sofa!(http://www.douban.com/group/topic/69662811/)
###got sofa!(http://www.douban.com/group/topic/69662797/)
too many connection resets (due to end of file reached - EOFError) after 1 requests on 36485220, last used 0.640366585 seconds ago
#######################refresh#######################
###got sofa!(http://www.douban.com/group/topic/69662924/)
too many connection resets (due to end of file reached - EOFError) after 16 requests on 36485220, last used 0.012149878 seconds ago
###got sofa!(http://www.douban.com/group/topic/69662797/)
#######################refresh#######################
###got sofa!(http://www.douban.com/group/topic/69662963/)
#######################refresh#######################
###got sofa!(http://www.douban.com/group/topic/69662986/)
###got sofa!(http://www.douban.com/group/topic/69662963/)
#######################refresh#######################
###got sofa!(http://www.douban.com/group/topic/69662986/)
#######################refresh#######################
###got sofa!(http://www.douban.com/group/topic/69663063/)
#######################refresh#######################
###got sofa!(http://www.douban.com/group/topic/69663125/)
###got sofa!(http://www.douban.com/group/topic/69663115/)
###got sofa!(http://www.douban.com/group/topic/69663112/)
###got sofa!(http://www.douban.com/group/topic/69663063/)
#######################refresh#######################
###got sofa!(http://www.douban.com/group/topic/69663194/)
###got sofa!(http://www.douban.com/group/topic/69663172/)
#######################refresh#######################
###got sofa!(http://www.douban.com/group/topic/69663275/)
too many connection resets (due to end of file reached - EOFError) after 17 requests on 36485220, last used 0.009357054 seconds ago
###got sofa!(http://www.douban.com/group/topic/69663261/)
###got sofa!(http://www.douban.com/group/topic/69663194/)
###got sofa!(http://www.douban.com/group/topic/69663172/)
#######################refresh#######################
###got sofa!(http://www.douban.com/group/topic/69663345/)
too many connection resets (due to end of file reached - EOFError) after 8 requests on 36485220, last used 0.010106034 seconds ago
###got sofa!(http://www.douban.com/group/topic/69663342/)
###got sofa!(http://www.douban.com/group/topic/69663315/)
###got sofa!(http://www.douban.com/group/topic/69663261/)
#######################refresh#######################
###got sofa!(http://www.douban.com/group/topic/69663392/)
###got sofa!(http://www.douban.com/group/topic/69663386/)
###got sofa!(http://www.douban.com/group/topic/69663342/)
#######################refresh#######################
###got sofa!(http://www.douban.com/group/topic/69663465/)
###got sofa!(http://www.douban.com/group/topic/69663442/)
#######################refresh#######################
#######################refresh#######################
###got sofa!(http://www.douban.com/group/topic/69663596/)
too many connection resets (due to end of file reached - EOFError) after 30 requests on 36485220, last used 0.020729466 seconds ago
###got sofa!(http://www.douban.com/group/topic/69663539/)
too many connection resets (due to end of file reached - EOFError) after 14 requests on 36485220, last used 0.020997364 seconds ago
#######################refresh#######################
###got sofa!(http://www.douban.com/group/topic/69663648/)
###got sofa!(http://www.douban.com/group/topic/69663645/)
#######################refresh#######################
###got sofa!(http://www.douban.com/group/topic/69663707/)
###got sofa!(http://www.douban.com/group/topic/69663701/)
###got sofa!(http://www.douban.com/group/topic/69663684/)
#######################refresh#######################
###got sofa!(http://www.douban.com/group/topic/69663781/)
too many connection resets (due to end of file reached - EOFError) after 5 requests on 36485220, last used 0.033076555 seconds ago
###got sofa!(http://www.douban.com/group/topic/69663779/)
###got sofa!(http://www.douban.com/group/topic/69663763/)
#######################refresh#######################
###got sofa!(http://www.douban.com/group/topic/69663794/)
#######################refresh#######################
###got sofa!(http://www.douban.com/group/topic/69663870/)
###got sofa!(http://www.douban.com/group/topic/69663868/)
#######################refresh#######################
###got sofa!(http://www.douban.com/group/topic/69663918/)
###got sofa!(http://www.douban.com/group/topic/69663904/)
###got sofa!(http://www.douban.com/group/topic/69663877/)
#######################refresh#######################
#######################refresh#######################
#######################refresh#######################
404 => Net::HTTPNotFound for http://www.douban.com/group/topic/69664058/ -- unhandled response
###got sofa!(http://www.douban.com/group/topic/69664039/)
###got sofa!(http://www.douban.com/group/topic/69664023/)
#######################refresh#######################
###got sofa!(http://www.douban.com/group/topic/69664101/)
#######################refresh#######################
###got sofa!(http://www.douban.com/group/topic/69664141/)
###got sofa!(http://www.douban.com/group/topic/69664129/)
#######################refresh#######################
#######################refresh#######################
#######################refresh#######################
###got sofa!(http://www.douban.com/group/topic/69664220/)
too many connection resets (due to end of file reached - EOFError) after 27 requests on 36485220, last used 0.022258423 seconds ago
###got sofa!(http://www.douban.com/group/topic/69664218/)
#######################refresh#######################
###got sofa!(http://www.douban.com/group/topic/69664268/)
###got sofa!(http://www.douban.com/group/topic/69664259/)
###got sofa!(http://www.douban.com/group/topic/69664220/)
###got sofa!(http://www.douban.com/group/topic/69664218/)
#######################refresh#######################
###got sofa!(http://www.douban.com/group/topic/69664353/)
###got sofa!(http://www.douban.com/group/topic/69664348/)
###got sofa!(http://www.douban.com/group/topic/69664333/)
###got sofa!(http://www.douban.com/group/topic/69664259/)
#######################refresh#######################
###got sofa!(http://www.douban.com/group/topic/69664444/)
###got sofa!(http://www.douban.com/group/topic/69664439/)
###got sofa!(http://www.douban.com/group/topic/69664412/)
###got sofa!(http://www.douban.com/group/topic/69664333/)
#######################refresh#######################
###got sofa!(http://www.douban.com/group/topic/69664513/)
###got sofa!(http://www.douban.com/group/topic/69664493/)
###got sofa!(http://www.douban.com/group/topic/69664469/)
###got sofa!(http://www.douban.com/group/topic/69664446/)
###got sofa!(http://www.douban.com/group/topic/69664412/)
#######################refresh#######################
###got sofa!(http://www.douban.com/group/topic/69664598/)
#######################refresh#######################
###got sofa!(http://www.douban.com/group/topic/69664643/)
###got sofa!(http://www.douban.com/group/topic/69664615/)
#######################refresh#######################
###got sofa!(http://www.douban.com/group/topic/69664676/)
###got sofa!(http://www.douban.com/group/topic/69664615/)
#######################refresh#######################
###got sofa!(http://www.douban.com/group/topic/69664731/)
###got sofa!(http://www.douban.com/group/topic/69664709/)
#######################refresh#######################
###got sofa!(http://www.douban.com/group/topic/69664747/)
#######################refresh#######################
###got sofa!(http://www.douban.com/group/topic/69664747/)
#######################refresh#######################
###got sofa!(http://www.douban.com/group/topic/69664747/)
#######################refresh#######################
###got sofa!(http://www.douban.com/group/topic/69664858/)
#######################refresh#######################
#######################refresh#######################
#######################refresh#######################
#######################refresh#######################
###got sofa!(http://www.douban.com/group/topic/69665005/)
#######################refresh#######################
###got sofa!(http://www.douban.com/group/topic/69665054/)
###got sofa!(http://www.douban.com/group/topic/69665005/)
#######################refresh#######################
#######################refresh#######################
###got sofa!(http://www.douban.com/group/topic/69665121/)
###got sofa!(http://www.douban.com/group/topic/69665120/)
###got sofa!(http://www.douban.com/group/topic/69665104/)
#######################refresh#######################
###got sofa!(http://www.douban.com/group/topic/69665185/)
too many connection resets (due to end of file reached - EOFError) after 18 requests on 36485220, last used 0.022043871 seconds ago
###got sofa!(http://www.douban.com/group/topic/69665180/)
###got sofa!(http://www.douban.com/group/topic/69665163/)
###got sofa!(http://www.douban.com/group/topic/69665121/)
#######################refresh#######################
###got sofa!(http://www.douban.com/group/topic/69665255/)
###got sofa!(http://www.douban.com/group/topic/69665239/)
###got sofa!(http://www.douban.com/group/topic/69665238/)
###got sofa!(http://www.douban.com/group/topic/69665180/)
###got sofa!(http://www.douban.com/group/topic/69665121/)
#######################refresh#######################
###got sofa!(http://www.douban.com/group/topic/69665345/)
#######################refresh#######################
###got sofa!(http://www.douban.com/group/topic/69665416/)
###got sofa!(http://www.douban.com/group/topic/69665345/)
#######################refresh#######################
###got sofa!(http://www.douban.com/group/topic/69665460/)
#######################refresh#######################
###got sofa!(http://www.douban.com/group/topic/69665506/)
#######################refresh#######################
###got sofa!(http://www.douban.com/group/topic/69665506/)
#######################refresh#######################
###got sofa!(http://www.douban.com/group/topic/69665624/)
###got sofa!(http://www.douban.com/group/topic/69665506/)
#######################refresh#######################
###got sofa!(http://www.douban.com/group/topic/69665711/)
###got sofa!(http://www.douban.com/group/topic/69665695/)
###got sofa!(http://www.douban.com/group/topic/69665684/)
###got sofa!(http://www.douban.com/group/topic/69665669/)
#######################refresh#######################
###got sofa!(http://www.douban.com/group/topic/69665734/)
###got sofa!(http://www.douban.com/group/topic/69665669/)
#######################refresh#######################
###got sofa!(http://www.douban.com/group/topic/69665862/)
###got sofa!(http://www.douban.com/group/topic/69665817/)
###got sofa!(http://www.douban.com/group/topic/69665734/)
#######################refresh#######################
#######################refresh#######################
###got sofa!(http://www.douban.com/group/topic/69665973/)
#######################refresh#######################
###got sofa!(http://www.douban.com/group/topic/69666030/)
###got sofa!(http://www.douban.com/group/topic/69666025/)
###got sofa!(http://www.douban.com/group/topic/69665999/)
#######################refresh#######################
###got sofa!(http://www.douban.com/group/topic/69666128/)
#######################refresh#######################
###got sofa!(http://www.douban.com/group/topic/69666143/)
###got sofa!(http://www.douban.com/group/topic/69666139/)
#######################refresh#######################
###got sofa!(http://www.douban.com/group/topic/69666255/)
###got sofa!(http://www.douban.com/group/topic/69666250/)
###got sofa!(http://www.douban.com/group/topic/69666203/)
too many connection resets (due to end of file reached - EOFError) after 25 requests on 36485220, last used 0.050724327 seconds ago
###got sofa!(http://www.douban.com/group/topic/69666186/)
#######################refresh#######################
###got sofa!(http://www.douban.com/group/topic/69666341/)
###got sofa!(http://www.douban.com/group/topic/69666311/)
###got sofa!(http://www.douban.com/group/topic/69666289/)
###got sofa!(http://www.douban.com/group/topic/69666203/)
#######################refresh#######################
###got sofa!(http://www.douban.com/group/topic/69666412/)
###got sofa!(http://www.douban.com/group/topic/69666411/)
###got sofa!(http://www.douban.com/group/topic/69666387/)
#######################refresh#######################
###got sofa!(http://www.douban.com/group/topic/69666477/)
###got sofa!(http://www.douban.com/group/topic/69666466/)
#######################refresh#######################
#######################refresh#######################
###got sofa!(http://www.douban.com/group/topic/69666564/)
#######################refresh#######################
###got sofa!(http://www.douban.com/group/topic/69666608/)
###got sofa!(http://www.douban.com/group/topic/69666605/)
###got sofa!(http://www.douban.com/group/topic/69666576/)
#######################refresh#######################
###got sofa!(http://www.douban.com/group/topic/69666670/)
###got sofa!(http://www.douban.com/group/topic/69666637/)
#######################refresh#######################
###got sofa!(http://www.douban.com/group/topic/69666722/)
###got sofa!(http://www.douban.com/group/topic/69666685/)
###got sofa!(http://www.douban.com/group/topic/69666670/)
###got sofa!(http://www.douban.com/group/topic/69666637/)
#######################refresh#######################
###got sofa!(http://www.douban.com/group/topic/69666786/)
###got sofa!(http://www.douban.com/group/topic/69666782/)
#######################refresh#######################
###got sofa!(http://www.douban.com/group/topic/69666860/)
###got sofa!(http://www.douban.com/group/topic/69666786/)
#######################refresh#######################
###got sofa!(http://www.douban.com/group/topic/69666923/)
###got sofa!(http://www.douban.com/group/topic/69666860/)
###got sofa!(http://www.douban.com/group/topic/69666786/)
#######################refresh#######################
###got sofa!(http://www.douban.com/group/topic/69666980/)
###got sofa!(http://www.douban.com/group/topic/69666947/)
###got sofa!(http://www.douban.com/group/topic/69666860/)
#######################refresh#######################
###got sofa!(http://www.douban.com/group/topic/69667046/)
###got sofa!(http://www.douban.com/group/topic/69666996/)
#######################refresh#######################
###got sofa!(http://www.douban.com/group/topic/69667109/)
###got sofa!(http://www.douban.com/group/topic/69667107/)
###got sofa!(http://www.douban.com/group/topic/69667080/)
#######################refresh#######################
###got sofa!(http://www.douban.com/group/topic/69667163/)
###got sofa!(http://www.douban.com/group/topic/69667159/)
###got sofa!(http://www.douban.com/group/topic/69667158/)
###got sofa!(http://www.douban.com/group/topic/69667080/)
#######################refresh#######################
###got sofa!(http://www.douban.com/group/topic/69667243/)
###got sofa!(http://www.douban.com/group/topic/69667238/)
###got sofa!(http://www.douban.com/group/topic/69667217/)
#######################refresh#######################
###got sofa!(http://www.douban.com/group/topic/69667321/)
###got sofa!(http://www.douban.com/group/topic/69667308/)
###got sofa!(http://www.douban.com/group/topic/69667238/)
###got sofa!(http://www.douban.com/group/topic/69667217/)
#######################refresh#######################
###got sofa!(http://www.douban.com/group/topic/69667409/)
###got sofa!(http://www.douban.com/group/topic/69667406/)
###got sofa!(http://www.douban.com/group/topic/69667405/)
###got sofa!(http://www.douban.com/group/topic/69667400/)
###got sofa!(http://www.douban.com/group/topic/69667382/)
#######################refresh#######################
###got sofa!(http://www.douban.com/group/topic/69667507/)
###got sofa!(http://www.douban.com/group/topic/69667400/)
#######################refresh#######################
###got sofa!(http://www.douban.com/group/topic/69667567/)
###got sofa!(http://www.douban.com/group/topic/69667560/)
###got sofa!(http://www.douban.com/group/topic/69667546/)
too many connection resets (due to end of file reached - EOFError) after 9 requests on 36485220, last used 0.015118407 seconds ago
#######################refresh#######################
###got sofa!(http://www.douban.com/group/topic/69667546/)
too many connection resets (due to end of file reached - EOFError) after 47 requests on 36485220, last used 0.019986343 seconds ago
#######################refresh#######################
#######################refresh#######################
###got sofa!(http://www.douban.com/group/topic/69667697/)
###got sofa!(http://www.douban.com/group/topic/69667695/)
###got sofa!(http://www.douban.com/group/topic/69667681/)
#######################refresh#######################
###got sofa!(http://www.douban.com/group/topic/69667759/)
###got sofa!(http://www.douban.com/group/topic/69667717/)
#######################refresh#######################
###got sofa!(http://www.douban.com/group/topic/69667759/)
###got sofa!(http://www.douban.com/group/topic/69667717/)
#######################refresh#######################
###got sofa!(http://www.douban.com/group/topic/69667887/)
#######################refresh#######################
###got sofa!(http://www.douban.com/group/topic/69667940/)
###got sofa!(http://www.douban.com/group/topic/69667893/)
#######################refresh#######################
###got sofa!(http://www.douban.com/group/topic/69667980/)
###got sofa!(http://www.douban.com/group/topic/69667962/)
###got sofa!(http://www.douban.com/group/topic/69667946/)
#######################refresh#######################
###got sofa!(http://www.douban.com/group/topic/69668050/)
#######################refresh#######################
###got sofa!(http://www.douban.com/group/topic/69668082/)
#######################refresh#######################
#######################refresh#######################
###got sofa!(http://www.douban.com/group/topic/69668161/)
#######################refresh#######################
###got sofa!(http://www.douban.com/group/topic/69668214/)
#######################refresh#######################
#######################refresh#######################
###got sofa!(http://www.douban.com/group/topic/69668283/)
#######################refresh#######################
###got sofa!(http://www.douban.com/group/topic/69668332/)
###got sofa!(http://www.douban.com/group/topic/69668326/)
#######################refresh#######################
###got sofa!(http://www.douban.com/group/topic/69668387/)
too many connection resets (due to end of file reached - EOFError) after 14 requests on 36485220, last used 0.022377148 seconds ago
#######################refresh#######################
#######################refresh#######################
#######################refresh#######################
###got sofa!(http://www.douban.com/group/topic/69668474/)
###got sofa!(http://www.douban.com/group/topic/69668472/)
#######################refresh#######################
###got sofa!(http://www.douban.com/group/topic/69668488/)
#######################refresh#######################
###got sofa!(http://www.douban.com/group/topic/69668586/)
#######################refresh#######################
###got sofa!(http://www.douban.com/group/topic/69668602/)
#######################refresh#######################
#######################refresh#######################
#######################refresh#######################
###got sofa!(http://www.douban.com/group/topic/69668707/)
#######################refresh#######################
###got sofa!(http://www.douban.com/group/topic/69668741/)
#######################refresh#######################
###got sofa!(http://www.douban.com/group/topic/69668792/)
###got sofa!(http://www.douban.com/group/topic/69668791/)
too many connection resets (due to end of file reached - EOFError) after 4 requests on 36485220, last used 1.36500058 seconds ago
###got sofa!(http://www.douban.com/group/topic/69668785/)
#######################refresh#######################
###got sofa!(http://www.douban.com/group/topic/69668864/)
#######################refresh#######################
###got sofa!(http://www.douban.com/group/topic/69668899/)
too many connection resets (due to end of file reached - EOFError) after 6 requests on 36485220, last used 0.009328845 seconds ago
###got sofa!(http://www.douban.com/group/topic/69668877/)
#######################refresh#######################
###got sofa!(http://www.douban.com/group/topic/69668926/)
###got sofa!(http://www.douban.com/group/topic/69668918/)
too many connection resets (due to end of file reached - EOFError) after 4 requests on 36485220, last used 0.010241528 seconds ago
###got sofa!(http://www.douban.com/group/topic/69668908/)
#######################refresh#######################
###got sofa!(http://www.douban.com/group/topic/69668984/)
#######################refresh#######################
###got sofa!(http://www.douban.com/group/topic/69669024/)
404 => Net::HTTPNotFound for http://www.douban.com/group/topic/69660366/ -- unhandled response
#######################refresh#######################
###got sofa!(http://www.douban.com/group/topic/69669072/)
###got sofa!(http://www.douban.com/group/topic/69669061/)
#######################refresh#######################
###got sofa!(http://www.douban.com/group/topic/69669081/)
too many connection resets (due to end of file reached - EOFError) after 18 requests on 36485220, last used 0.008478179 seconds ago
###got sofa!(http://www.douban.com/group/topic/69669109/)
#######################refresh#######################
###got sofa!(http://www.douban.com/group/topic/69669153/)
###got sofa!(http://www.douban.com/group/topic/69669134/)
#######################refresh#######################
#######################refresh#######################
###got sofa!(http://www.douban.com/group/topic/69669230/)
#######################refresh#######################
###got sofa!(http://www.douban.com/group/topic/69669277/)
###got sofa!(http://www.douban.com/group/topic/69669243/)
#######################refresh#######################
###got sofa!(http://www.douban.com/group/topic/69669324/)
###got sofa!(http://www.douban.com/group/topic/69669304/)
###got sofa!(http://www.douban.com/group/topic/69669286/)
#######################refresh#######################
###got sofa!(http://www.douban.com/group/topic/69669410/)
###got sofa!(http://www.douban.com/group/topic/69669407/)
###got sofa!(http://www.douban.com/group/topic/69669382/)
###got sofa!(http://www.douban.com/group/topic/69669371/)
###got sofa!(http://www.douban.com/group/topic/69669370/)
###got sofa!(http://www.douban.com/group/topic/69669358/)
too many connection resets (due to end of file reached - EOFError) after 3 requests on 36485220, last used 0.082569711 seconds ago
#######################refresh#######################
###got sofa!(http://www.douban.com/group/topic/69669477/)
###got sofa!(http://www.douban.com/group/topic/69669470/)
###got sofa!(http://www.douban.com/group/topic/69669469/)
too many connection resets (due to end of file reached - EOFError) after 1 requests on 36485220, last used 0.271599322 seconds ago
###got sofa!(http://www.douban.com/group/topic/69669451/)
###got sofa!(http://www.douban.com/group/topic/69669438/)
#######################refresh#######################
###got sofa!(http://www.douban.com/group/topic/69669513/)
###got sofa!(http://www.douban.com/group/topic/69669470/)
###got sofa!(http://www.douban.com/group/topic/69669469/)
#######################refresh#######################
###got sofa!(http://www.douban.com/group/topic/69669592/)
###got sofa!(http://www.douban.com/group/topic/69669584/)
#######################refresh#######################
###got sofa!(http://www.douban.com/group/topic/69669592/)
too many connection resets (due to end of file reached - EOFError) after 46 requests on 36485220, last used 0.016887407 seconds ago
#######################refresh#######################
###got sofa!(http://www.douban.com/group/topic/69669702/)
#######################refresh#######################
###got sofa!(http://www.douban.com/group/topic/69669756/)
###got sofa!(http://www.douban.com/group/topic/69669729/)
###got sofa!(http://www.douban.com/group/topic/69669702/)
#######################refresh#######################
###got sofa!(http://www.douban.com/group/topic/69669781/)
#######################refresh#######################
###got sofa!(http://www.douban.com/group/topic/69669781/)
#######################refresh#######################
###got sofa!(http://www.douban.com/group/topic/69669891/)
###got sofa!(http://www.douban.com/group/topic/69669878/)
###got sofa!(http://www.douban.com/group/topic/69669877/)
###got sofa!(http://www.douban.com/group/topic/69669781/)
#######################refresh#######################
###got sofa!(http://www.douban.com/group/topic/69669964/)
#######################refresh#######################
#######################refresh#######################
###got sofa!(http://www.douban.com/group/topic/69670052/)
###got sofa!(http://www.douban.com/group/topic/69670031/)
#######################refresh#######################
###got sofa!(http://www.douban.com/group/topic/69670107/)
###got sofa!(http://www.douban.com/group/topic/69670031/)
#######################refresh#######################
###got sofa!(http://www.douban.com/group/topic/69670120/)
#######################refresh#######################
###got sofa!(http://www.douban.com/group/topic/69670120/)
#######################refresh#######################
###got sofa!(http://www.douban.com/group/topic/69670242/)
###got sofa!(http://www.douban.com/group/topic/69670232/)
###got sofa!(http://www.douban.com/group/topic/69670223/)
#######################refresh#######################
###got sofa!(http://www.douban.com/group/topic/69670328/)
###got sofa!(http://www.douban.com/group/topic/69670324/)
###got sofa!(http://www.douban.com/group/topic/69670323/)
###got sofa!(http://www.douban.com/group/topic/69670290/)
###got sofa!(http://www.douban.com/group/topic/69670242/)
###got sofa!(http://www.douban.com/group/topic/69670232/)
too many connection resets (due to end of file reached - EOFError) after 3 requests on 36485220, last used 0.009728615 seconds ago
###got sofa!(http://www.douban.com/group/topic/69670223/)
#######################refresh#######################
###got sofa!(http://www.douban.com/group/topic/69670424/)
too many connection resets (due to Connection reset by peer - Errno::ECONNRESET) after 2 requests on 36485220, last used 0.097959101 seconds ago
###got sofa!(http://www.douban.com/group/topic/69670403/)
###got sofa!(http://www.douban.com/group/topic/69670378/)
###got sofa!(http://www.douban.com/group/topic/69670334/)
too many connection resets (due to end of file reached - EOFError) after 8 requests on 36485220, last used 0.020332756 seconds ago
#######################refresh#######################
###got sofa!(http://www.douban.com/group/topic/69670481/)
###got sofa!(http://www.douban.com/group/topic/69670472/)
###got sofa!(http://www.douban.com/group/topic/69670378/)
###got sofa!(http://www.douban.com/group/topic/69670334/)
#######################refresh#######################
###got sofa!(http://www.douban.com/group/topic/69670554/)
###got sofa!(http://www.douban.com/group/topic/69670472/)
###got sofa!(http://www.douban.com/group/topic/69670378/)
###got sofa!(http://www.douban.com/group/topic/69670334/)
#######################refresh#######################
###got sofa!(http://www.douban.com/group/topic/69670576/)
###got sofa!(http://www.douban.com/group/topic/69670554/)
#######################refresh#######################
###got sofa!(http://www.douban.com/group/topic/69670680/)
###got sofa!(http://www.douban.com/group/topic/69670649/)
#######################refresh#######################
#######################refresh#######################
###got sofa!(http://www.douban.com/group/topic/69670777/)
#######################refresh#######################
###got sofa!(http://www.douban.com/group/topic/69670792/)
###got sofa!(http://www.douban.com/group/topic/69670777/)
#######################refresh#######################
###got sofa!(http://www.douban.com/group/topic/69670854/)
###got sofa!(http://www.douban.com/group/topic/69670792/)
too many connection resets (due to end of file reached - EOFError) after 14 requests on 36485220, last used 0.01008732 seconds ago
###got sofa!(http://www.douban.com/group/topic/69670777/)
#######################refresh#######################
###got sofa!(http://www.douban.com/group/topic/69670854/)
###got sofa!(http://www.douban.com/group/topic/69670792/)
###got sofa!(http://www.douban.com/group/topic/69670777/)
#######################refresh#######################
###got sofa!(http://www.douban.com/group/topic/69670792/)
#######################refresh#######################
###got sofa!(http://www.douban.com/group/topic/69671008/)
###got sofa!(http://www.douban.com/group/topic/69670792/)
#######################refresh#######################
###got sofa!(http://www.douban.com/group/topic/69671008/)
#######################refresh#######################
###got sofa!(http://www.douban.com/group/topic/69651529/)
too many connection resets (due to end of file reached - EOFError) after 4 requests on 36485220, last used 0.022068458 seconds ago
###got sofa!(http://www.douban.com/group/topic/69671133/)
###got sofa!(http://www.douban.com/group/topic/69671108/)
#######################refresh#######################
###got sofa!(http://www.douban.com/group/topic/69671185/)
###got sofa!(http://www.douban.com/group/topic/69671177/)
#######################refresh#######################
###got sofa!(http://www.douban.com/group/topic/69671224/)
too many connection resets (due to Connection reset by peer - Errno::ECONNRESET) after 35 requests on 36485220, last used 0.116684679 seconds ago
###got sofa!(http://www.douban.com/group/topic/69671207/)
###got sofa!(http://www.douban.com/group/topic/69671185/)
###got sofa!(http://www.douban.com/group/topic/69671177/)
#######################refresh#######################
###got sofa!(http://www.douban.com/group/topic/69671290/)
###got sofa!(http://www.douban.com/group/topic/69671271/)
###got sofa!(http://www.douban.com/group/topic/69671207/)
#######################refresh#######################
###got sofa!(http://www.douban.com/group/topic/69671358/)
###got sofa!(http://www.douban.com/group/topic/69671271/)
too many connection resets (due to end of file reached - EOFError) after 37 requests on 36485220, last used 0.021999449 seconds ago
#######################refresh#######################
###got sofa!(http://www.douban.com/group/topic/69671400/)
###got sofa!(http://www.douban.com/group/topic/69671387/)
###got sofa!(http://www.douban.com/group/topic/69671271/)
#######################refresh#######################
#######################refresh#######################
###got sofa!(http://www.douban.com/group/topic/69671487/)
#######################refresh#######################
###got sofa!(http://www.douban.com/group/topic/69671530/)
###got sofa!(http://www.douban.com/group/topic/69671528/)
#######################refresh#######################
###got sofa!(http://www.douban.com/group/topic/69671572/)
###got sofa!(http://www.douban.com/group/topic/69671563/)
###got sofa!(http://www.douban.com/group/topic/69671528/)
#######################refresh#######################
###got sofa!(http://www.douban.com/group/topic/69671627/)
#######################refresh#######################
###got sofa!(http://www.douban.com/group/topic/69671669/)
###got sofa!(http://www.douban.com/group/topic/69671657/)
#######################refresh#######################
###got sofa!(http://www.douban.com/group/topic/69671699/)
###got sofa!(http://www.douban.com/group/topic/69671676/)
#######################refresh#######################
#######################refresh#######################
###got sofa!(http://www.douban.com/group/topic/69671771/)
#######################refresh#######################
#######################refresh#######################
###got sofa!(http://www.douban.com/group/topic/69671825/)
#######################refresh#######################
###got sofa!(http://www.douban.com/group/topic/69671877/)
###got sofa!(http://www.douban.com/group/topic/69671876/)
###got sofa!(http://www.douban.com/group/topic/69671825/)
too many connection resets (due to Connection reset by peer - Errno::ECONNRESET) after 26 requests on 36485220, last used 1.993938899 seconds ago
#######################refresh#######################
###got sofa!(http://www.douban.com/group/topic/69671899/)
###got sofa!(http://www.douban.com/group/topic/69671876/)
###got sofa!(http://www.douban.com/group/topic/69671825/)
#######################refresh#######################
###got sofa!(http://www.douban.com/group/topic/69671981/)
###got sofa!(http://www.douban.com/group/topic/69671941/)
#######################refresh#######################
###got sofa!(http://www.douban.com/group/topic/69672028/)
###got sofa!(http://www.douban.com/group/topic/69671987/)
###got sofa!(http://www.douban.com/group/topic/69671981/)
#######################refresh#######################
###got sofa!(http://www.douban.com/group/topic/69672064/)
###got sofa!(http://www.douban.com/group/topic/69672033/)
#######################refresh#######################
###got sofa!(http://www.douban.com/group/topic/69672116/)
###got sofa!(http://www.douban.com/group/topic/69672064/)
#######################refresh#######################
#######################refresh#######################
###got sofa!(http://www.douban.com/group/topic/69672185/)
too many connection resets (due to end of file reached - EOFError) after 16 requests on 36485220, last used 0.022935885 seconds ago
###got sofa!(http://www.douban.com/group/topic/69672179/)
#######################refresh#######################
###got sofa!(http://www.douban.com/group/topic/69672179/)
#######################refresh#######################
###got sofa!(http://www.douban.com/group/topic/69672179/)
#######################refresh#######################
###got sofa!(http://www.douban.com/group/topic/69672297/)
###got sofa!(http://www.douban.com/group/topic/69672179/)
#######################refresh#######################
###got sofa!(http://www.douban.com/group/topic/69672328/)
#######################refresh#######################
###got sofa!(http://www.douban.com/group/topic/69672328/)
#######################refresh#######################
#######################refresh#######################
###got sofa!(http://www.douban.com/group/topic/69672427/)
###got sofa!(http://www.douban.com/group/topic/69672423/)
#######################refresh#######################
###got sofa!(http://www.douban.com/group/topic/69672483/)
###got sofa!(http://www.douban.com/group/topic/69672467/)
too many connection resets (due to end of file reached - EOFError) after 15 requests on 36485220, last used 0.00890924 seconds ago
###got sofa!(http://www.douban.com/group/topic/69672452/)
###got sofa!(http://www.douban.com/group/topic/69672423/)
#######################refresh#######################
###got sofa!(http://www.douban.com/group/topic/69672423/)
#######################refresh#######################
###got sofa!(http://www.douban.com/group/topic/69672586/)
###got sofa!(http://www.douban.com/group/topic/69672583/)
too many connection resets (due to end of file reached - EOFError) after 3 requests on 36485220, last used 0.022070971 seconds ago
###got sofa!(http://www.douban.com/group/topic/69672568/)
#######################refresh#######################
404 => Net::HTTPNotFound for http://www.douban.com/group/topic/69672586/ -- unhandled response
###got sofa!(http://www.douban.com/group/topic/69672568/)
#######################refresh#######################
###got sofa!(http://www.douban.com/group/topic/69672568/)
#######################refresh#######################
###got sofa!(http://www.douban.com/group/topic/69672681/)
#######################refresh#######################
###got sofa!(http://www.douban.com/group/topic/69672715/)
#######################refresh#######################
###got sofa!(http://www.douban.com/group/topic/69672715/)
#######################refresh#######################
#######################refresh#######################
#######################refresh#######################
###got sofa!(http://www.douban.com/group/topic/69672815/)
too many connection resets (due to Connection reset by peer - Errno::ECONNRESET) after 26 requests on 36485220, last used 0.129482658 seconds ago
#######################refresh#######################
###got sofa!(http://www.douban.com/group/topic/69672815/)
#######################refresh#######################
#######################refresh#######################
###got sofa!(http://www.douban.com/group/topic/69672907/)
###got sofa!(http://www.douban.com/group/topic/69672900/)
#######################refresh#######################
###got sofa!(http://www.douban.com/group/topic/69672900/)
#######################refresh#######################
###got sofa!(http://www.douban.com/group/topic/69672986/)
too many connection resets (due to end of file reached - EOFError) after 4 requests on 36485220, last used 0.339137238 seconds ago
###got sofa!(http://www.douban.com/group/topic/69672984/)
###got sofa!(http://www.douban.com/group/topic/69672982/)
###got sofa!(http://www.douban.com/group/topic/69672957/)
###got sofa!(http://www.douban.com/group/topic/69672900/)
#######################refresh#######################
###got sofa!(http://www.douban.com/group/topic/69673042/)
###got sofa!(http://www.douban.com/group/topic/69673030/)
###got sofa!(http://www.douban.com/group/topic/69673008/)
too many connection resets (due to end of file reached - EOFError) after 12 requests on 36485220, last used 0.021394624 seconds ago
###got sofa!(http://www.douban.com/group/topic/69672957/)
#######################refresh#######################
###got sofa!(http://www.douban.com/group/topic/69673105/)
#######################refresh#######################
###got sofa!(http://www.douban.com/group/topic/69673156/)
###got sofa!(http://www.douban.com/group/topic/69673129/)
#######################refresh#######################
#######################refresh#######################
###got sofa!(http://www.douban.com/group/topic/69673211/)
#######################refresh#######################
###got sofa!(http://www.douban.com/group/topic/69673272/)
#######################refresh#######################
###got sofa!(http://www.douban.com/group/topic/69673296/)
#######################refresh#######################
#######################refresh#######################
###got sofa!(http://www.douban.com/group/topic/69673370/)
###got sofa!(http://www.douban.com/group/topic/69673363/)
#######################refresh#######################
#######################refresh#######################
###got sofa!(http://www.douban.com/group/topic/69673429/)
#######################refresh#######################
###got sofa!(http://www.douban.com/group/topic/69673477/)
#######################refresh#######################
###got sofa!(http://www.douban.com/group/topic/69673510/)
###got sofa!(http://www.douban.com/group/topic/69673497/)
#######################refresh#######################
###got sofa!(http://www.douban.com/group/topic/69673544/)
#######################refresh#######################
###got sofa!(http://www.douban.com/group/topic/69673568/)
###got sofa!(http://www.douban.com/group/topic/69673567/)
#######################refresh#######################
###got sofa!(http://www.douban.com/group/topic/69673604/)
#######################refresh#######################
###got sofa!(http://www.douban.com/group/topic/69673611/)
#######################refresh#######################
#######################refresh#######################
###got sofa!(http://www.douban.com/group/topic/69673677/)
#######################refresh#######################
###got sofa!(http://www.douban.com/group/topic/69673708/)
#######################refresh#######################
###got sofa!(http://www.douban.com/group/topic/69673754/)
###got sofa!(http://www.douban.com/group/topic/69673752/)
#######################refresh#######################
###got sofa!(http://www.douban.com/group/topic/69673792/)
#######################refresh#######################
###got sofa!(http://www.douban.com/group/topic/69673819/)
###got sofa!(http://www.douban.com/group/topic/69673792/)
###got sofa!(http://www.douban.com/group/topic/69673752/)
#######################refresh#######################
###got sofa!(http://www.douban.com/group/topic/69673856/)
too many connection resets (due to end of file reached - EOFError) after 9 requests on 36485220, last used 0.021145151 seconds ago
###got sofa!(http://www.douban.com/group/topic/69673832/)
#######################refresh#######################
###got sofa!(http://www.douban.com/group/topic/69673867/)
###got sofa!(http://www.douban.com/group/topic/69673832/)
#######################refresh#######################
###got sofa!(http://www.douban.com/group/topic/69673925/)
###got sofa!(http://www.douban.com/group/topic/69673924/)
###got sofa!(http://www.douban.com/group/topic/69666613/)
###got sofa!(http://www.douban.com/group/topic/69673867/)
#######################refresh#######################
###got sofa!(http://www.douban.com/group/topic/69673981/)
404 => Net::HTTPNotFound for http://www.douban.com/group/topic/69671177/ -- unhandled response
###got sofa!(http://www.douban.com/group/topic/69673946/)
###got sofa!(http://www.douban.com/group/topic/69666613/)
#######################refresh#######################
###got sofa!(http://www.douban.com/group/topic/69674030/)
###got sofa!(http://www.douban.com/group/topic/69674022/)
###got sofa!(http://www.douban.com/group/topic/69674021/)
###got sofa!(http://www.douban.com/group/topic/69674006/)
#######################refresh#######################
###got sofa!(http://www.douban.com/group/topic/69674084/)
###got sofa!(http://www.douban.com/group/topic/69674057/)
###got sofa!(http://www.douban.com/group/topic/69674051/)
###got sofa!(http://www.douban.com/group/topic/69674022/)
###got sofa!(http://www.douban.com/group/topic/69674021/)
#######################refresh#######################
###got sofa!(http://www.douban.com/group/topic/69674138/)
#######################refresh#######################
###got sofa!(http://www.douban.com/group/topic/69674178/)
###got sofa!(http://www.douban.com/group/topic/69674168/)
###got sofa!(http://www.douban.com/group/topic/69674138/)
#######################refresh#######################
###got sofa!(http://www.douban.com/group/topic/69674138/)
#######################refresh#######################
###got sofa!(http://www.douban.com/group/topic/69674245/)
###got sofa!(http://www.douban.com/group/topic/69674138/)
#######################refresh#######################
###got sofa!(http://www.douban.com/group/topic/69674287/)
###got sofa!(http://www.douban.com/group/topic/69674257/)
###got sofa!(http://www.douban.com/group/topic/69674245/)
#######################refresh#######################
###got sofa!(http://www.douban.com/group/topic/69674287/)
###got sofa!(http://www.douban.com/group/topic/69674245/)
#######################refresh#######################
###got sofa!(http://www.douban.com/group/topic/69674287/)
###got sofa!(http://www.douban.com/group/topic/69674245/)
#######################refresh#######################
###got sofa!(http://www.douban.com/group/topic/69674287/)
#######################refresh#######################
###got sofa!(http://www.douban.com/group/topic/69674439/)
###got sofa!(http://www.douban.com/group/topic/69674430/)
###got sofa!(http://www.douban.com/group/topic/69674425/)
###got sofa!(http://www.douban.com/group/topic/69674287/)
#######################refresh#######################
###got sofa!(http://www.douban.com/group/topic/69674425/)
#######################refresh#######################
###got sofa!(http://www.douban.com/group/topic/69674522/)
###got sofa!(http://www.douban.com/group/topic/69674514/)
#######################refresh#######################
###got sofa!(http://www.douban.com/group/topic/69674561/)
###got sofa!(http://www.douban.com/group/topic/69674514/)
#######################refresh#######################
###got sofa!(http://www.douban.com/group/topic/69674581/)
#######################refresh#######################
###got sofa!(http://www.douban.com/group/topic/69674581/)
#######################refresh#######################
###got sofa!(http://www.douban.com/group/topic/69674738/)
###got sofa!(http://www.douban.com/group/topic/69674731/)
###got sofa!(http://www.douban.com/group/topic/69674581/)
#######################refresh#######################
#######################refresh#######################
###got sofa!(http://www.douban.com/group/topic/69674836/)
###got sofa!(http://www.douban.com/group/topic/69674817/)
#######################refresh#######################
###got sofa!(http://www.douban.com/group/topic/69674869/)
###got sofa!(http://www.douban.com/group/topic/69674866/)
404 => Net::HTTPNotFound for http://www.douban.com/group/topic/69674860/ -- unhandled response
###got sofa!(http://www.douban.com/group/topic/69674850/)
###got sofa!(http://www.douban.com/group/topic/69674817/)
#######################refresh#######################
###got sofa!(http://www.douban.com/group/topic/69674880/)
###got sofa!(http://www.douban.com/group/topic/69674817/)
#######################refresh#######################
###got sofa!(http://www.douban.com/group/topic/69674880/)
#######################refresh#######################
###got sofa!(http://www.douban.com/group/topic/69674880/)
#######################refresh#######################
###got sofa!(http://www.douban.com/group/topic/69674880/)
too many connection resets (due to end of file reached - EOFError) after 51 requests on 36485220, last used 0.01011637 seconds ago
#######################refresh#######################
###got sofa!(http://www.douban.com/group/topic/69675024/)
#######################refresh#######################
###got sofa!(http://www.douban.com/group/topic/69675052/)
###got sofa!(http://www.douban.com/group/topic/69675051/)
#######################refresh#######################
#######################refresh#######################
#######################refresh#######################
###got sofa!(http://www.douban.com/group/topic/69675120/)
#######################refresh#######################
###got sofa!(http://www.douban.com/group/topic/69675155/)
###got sofa!(http://www.douban.com/group/topic/69675120/)
#######################refresh#######################
#######################refresh#######################
#######################refresh#######################
###got sofa!(http://www.douban.com/group/topic/69675247/)
#######################refresh#######################
###got sofa!(http://www.douban.com/group/topic/69675247/)
#######################refresh#######################
###got sofa!(http://www.douban.com/group/topic/69675336/)
#######################refresh#######################
###got sofa!(http://www.douban.com/group/topic/69675361/)
#######################refresh#######################
###got sofa!(http://www.douban.com/group/topic/69675413/)
###got sofa!(http://www.douban.com/group/topic/69675361/)
#######################refresh#######################
###got sofa!(http://www.douban.com/group/topic/69675443/)
###got sofa!(http://www.douban.com/group/topic/69675432/)
###got sofa!(http://www.douban.com/group/topic/69675361/)
#######################refresh#######################
###got sofa!(http://www.douban.com/group/topic/69675443/)
###got sofa!(http://www.douban.com/group/topic/69675432/)
#######################refresh#######################
###got sofa!(http://www.douban.com/group/topic/69675512/)
#######################refresh#######################
###got sofa!(http://www.douban.com/group/topic/69675558/)
###got sofa!(http://www.douban.com/group/topic/69675556/)
###got sofa!(http://www.douban.com/group/topic/69675552/)
###got sofa!(http://www.douban.com/group/topic/69675545/)
###got sofa!(http://www.douban.com/group/topic/69675512/)
#######################refresh#######################
###got sofa!(http://www.douban.com/group/topic/69675639/)
###got sofa!(http://www.douban.com/group/topic/69675638/)
###got sofa!(http://www.douban.com/group/topic/69675558/)
###got sofa!(http://www.douban.com/group/topic/69675556/)
###got sofa!(http://www.douban.com/group/topic/69675545/)
###got sofa!(http://www.douban.com/group/topic/69675512/)
#######################refresh#######################
###got sofa!(http://www.douban.com/group/topic/69675703/)
###got sofa!(http://www.douban.com/group/topic/69675688/)
###got sofa!(http://www.douban.com/group/topic/69675638/)
#######################refresh#######################
###got sofa!(http://www.douban.com/group/topic/69675749/)
###got sofa!(http://www.douban.com/group/topic/69675703/)
###got sofa!(http://www.douban.com/group/topic/69675688/)
###got sofa!(http://www.douban.com/group/topic/69675638/)
#######################refresh#######################
###got sofa!(http://www.douban.com/group/topic/69675703/)
###got sofa!(http://www.douban.com/group/topic/69675688/)
#######################refresh#######################
###got sofa!(http://www.douban.com/group/topic/69675839/)
#######################refresh#######################
###got sofa!(http://www.douban.com/group/topic/69675859/)
###got sofa!(http://www.douban.com/group/topic/69675848/)
###got sofa!(http://www.douban.com/group/topic/69675839/)
#######################refresh#######################
###got sofa!(http://www.douban.com/group/topic/69675848/)
#######################refresh#######################
###got sofa!(http://www.douban.com/group/topic/69675890/)
#######################refresh#######################
###got sofa!(http://www.douban.com/group/topic/69675890/)
#######################refresh#######################
###got sofa!(http://www.douban.com/group/topic/69675890/)
#######################refresh#######################
###got sofa!(http://www.douban.com/group/topic/69675890/)
#######################refresh#######################
###got sofa!(http://www.douban.com/group/topic/69676028/)
###got sofa!(http://www.douban.com/group/topic/69676018/)
###got sofa!(http://www.douban.com/group/topic/69676013/)
###got sofa!(http://www.douban.com/group/topic/69676012/)
###got sofa!(http://www.douban.com/group/topic/69675890/)
#######################refresh#######################
###got sofa!(http://www.douban.com/group/topic/69676105/)
###got sofa!(http://www.douban.com/group/topic/69676090/)
###got sofa!(http://www.douban.com/group/topic/69676018/)
###got sofa!(http://www.douban.com/group/topic/69675890/)
#######################refresh#######################
###got sofa!(http://www.douban.com/group/topic/69676152/)
###got sofa!(http://www.douban.com/group/topic/69676139/)
###got sofa!(http://www.douban.com/group/topic/69676018/)
#######################refresh#######################
###got sofa!(http://www.douban.com/group/topic/69676168/)
###got sofa!(http://www.douban.com/group/topic/69676165/)
#######################refresh#######################
###got sofa!(http://www.douban.com/group/topic/69676196/)
too many connection resets (due to end of file reached - EOFError) after 24 requests on 36485220, last used 0.048816826 seconds ago
###got sofa!(http://www.douban.com/group/topic/69676187/)
#######################refresh#######################
###got sofa!(http://www.douban.com/group/topic/69676233/)
###got sofa!(http://www.douban.com/group/topic/69676187/)
#######################refresh#######################
###got sofa!(http://www.douban.com/group/topic/69676272/)
###got sofa!(http://www.douban.com/group/topic/69676187/)
#######################refresh#######################
###got sofa!(http://www.douban.com/group/topic/69676313/)
###got sofa!(http://www.douban.com/group/topic/69676309/)
###got sofa!(http://www.douban.com/group/topic/69676285/)
#######################refresh#######################
###got sofa!(http://www.douban.com/group/topic/69676357/)
###got sofa!(http://www.douban.com/group/topic/69676313/)
###got sofa!(http://www.douban.com/group/topic/69676285/)
#######################refresh#######################
###got sofa!(http://www.douban.com/group/topic/69676357/)
###got sofa!(http://www.douban.com/group/topic/69676313/)
###got sofa!(http://www.douban.com/group/topic/69676285/)
#######################refresh#######################
###got sofa!(http://www.douban.com/group/topic/69676357/)
#######################refresh#######################
#######################refresh#######################
#######################refresh#######################
#######################refresh#######################
###got sofa!(http://www.douban.com/group/topic/69676504/)
#######################refresh#######################
###got sofa!(http://www.douban.com/group/topic/69676522/)
###got sofa!(http://www.douban.com/group/topic/69676504/)
#######################refresh#######################
###got sofa!(http://www.douban.com/group/topic/69676562/)
#######################refresh#######################
###got sofa!(http://www.douban.com/group/topic/69676602/)
###got sofa!(http://www.douban.com/group/topic/69676597/)
###got sofa!(http://www.douban.com/group/topic/69676590/)
#######################refresh#######################
###got sofa!(http://www.douban.com/group/topic/69676624/)
###got sofa!(http://www.douban.com/group/topic/69676609/)
#######################refresh#######################
#######################refresh#######################
#######################refresh#######################
#######################refresh#######################
###got sofa!(http://www.douban.com/group/topic/69676734/)
#######################refresh#######################
###got sofa!(http://www.douban.com/group/topic/69676753/)
#######################refresh#######################
###got sofa!(http://www.douban.com/group/topic/69676781/)
#######################refresh#######################
#######################refresh#######################
###got sofa!(http://www.douban.com/group/topic/69676835/)
#######################refresh#######################
#######################refresh#######################
###got sofa!(http://www.douban.com/group/topic/69676898/)
###got sofa!(http://www.douban.com/group/topic/69676887/)
###got sofa!(http://www.douban.com/group/topic/69676874/)
#######################refresh#######################
#######################refresh#######################
###got sofa!(http://www.douban.com/group/topic/69676954/)
#######################refresh#######################
###got sofa!(http://www.douban.com/group/topic/69676972/)
###got sofa!(http://www.douban.com/group/topic/69676960/)
#######################refresh#######################
#######################refresh#######################
###got sofa!(http://www.douban.com/group/topic/69677015/)
#######################refresh#######################
#######################refresh#######################
#######################refresh#######################
###got sofa!(http://www.douban.com/group/topic/69677050/)
#######################refresh#######################
###got sofa!(http://www.douban.com/group/topic/69677076/)
###got sofa!(http://www.douban.com/group/topic/69677067/)
#######################refresh#######################
###got sofa!(http://www.douban.com/group/topic/69677119/)
###got sofa!(http://www.douban.com/group/topic/69677117/)
#######################refresh#######################
#######################refresh#######################
###got sofa!(http://www.douban.com/group/topic/69677181/)
#######################refresh#######################
###got sofa!(http://www.douban.com/group/topic/69677202/)
###got sofa!(http://www.douban.com/group/topic/69677187/)
###got sofa!(http://www.douban.com/group/topic/69677185/)
#######################refresh#######################
###got sofa!(http://www.douban.com/group/topic/69677251/)
###got sofa!(http://www.douban.com/group/topic/69677185/)
#######################refresh#######################
###got sofa!(http://www.douban.com/group/topic/69677298/)
###got sofa!(http://www.douban.com/group/topic/69677294/)
###got sofa!(http://www.douban.com/group/topic/69677287/)
###got sofa!(http://www.douban.com/group/topic/69677275/)
###got sofa!(http://www.douban.com/group/topic/69677270/)
#######################refresh#######################
###got sofa!(http://www.douban.com/group/topic/69677348/)
###got sofa!(http://www.douban.com/group/topic/69677298/)
###got sofa!(http://www.douban.com/group/topic/69677270/)
#######################refresh#######################
###got sofa!(http://www.douban.com/group/topic/69677298/)
###got sofa!(http://www.douban.com/group/topic/69677270/)
#######################refresh#######################
###got sofa!(http://www.douban.com/group/topic/69677425/)
###got sofa!(http://www.douban.com/group/topic/69677298/)
#######################refresh#######################
###got sofa!(http://www.douban.com/group/topic/69677455/)
###got sofa!(http://www.douban.com/group/topic/69677452/)
###got sofa!(http://www.douban.com/group/topic/69677443/)
###got sofa!(http://www.douban.com/group/topic/69677425/)
###got sofa!(http://www.douban.com/group/topic/69677298/)
#######################refresh#######################
###got sofa!(http://www.douban.com/group/topic/69677512/)
###got sofa!(http://www.douban.com/group/topic/69677507/)
###got sofa!(http://www.douban.com/group/topic/69677500/)
###got sofa!(http://www.douban.com/group/topic/69677425/)
#######################refresh#######################
###got sofa!(http://www.douban.com/group/topic/69677572/)
###got sofa!(http://www.douban.com/group/topic/69677545/)
###got sofa!(http://www.douban.com/group/topic/69677529/)
###got sofa!(http://www.douban.com/group/topic/69677522/)
###got sofa!(http://www.douban.com/group/topic/69677512/)
#######################refresh#######################
###got sofa!(http://www.douban.com/group/topic/69677614/)
###got sofa!(http://www.douban.com/group/topic/69677594/)
###got sofa!(http://www.douban.com/group/topic/69677545/)
###got sofa!(http://www.douban.com/group/topic/69677522/)
#######################refresh#######################
###got sofa!(http://www.douban.com/group/topic/69677659/)
###got sofa!(http://www.douban.com/group/topic/69677648/)
#######################refresh#######################
###got sofa!(http://www.douban.com/group/topic/69677717/)
###got sofa!(http://www.douban.com/group/topic/69677648/)
#######################refresh#######################
###got sofa!(http://www.douban.com/group/topic/69677751/)
###got sofa!(http://www.douban.com/group/topic/69677717/)
#######################refresh#######################
###got sofa!(http://www.douban.com/group/topic/69677780/)
###got sofa!(http://www.douban.com/group/topic/69677770/)
###got sofa!(http://www.douban.com/group/topic/69677751/)
###got sofa!(http://www.douban.com/group/topic/69677717/)
#######################refresh#######################
###got sofa!(http://www.douban.com/group/topic/69677838/)
###got sofa!(http://www.douban.com/group/topic/69677823/)
###got sofa!(http://www.douban.com/group/topic/69677751/)
#######################refresh#######################
###got sofa!(http://www.douban.com/group/topic/69677869/)
###got sofa!(http://www.douban.com/group/topic/69677861/)
###got sofa!(http://www.douban.com/group/topic/69677823/)
#######################refresh#######################
###got sofa!(http://www.douban.com/group/topic/69677869/)
###got sofa!(http://www.douban.com/group/topic/69677861/)
###got sofa!(http://www.douban.com/group/topic/69677823/)
#######################refresh#######################
###got sofa!(http://www.douban.com/group/topic/69677952/)
###got sofa!(http://www.douban.com/group/topic/69677951/)
###got sofa!(http://www.douban.com/group/topic/69677935/)
too many connection resets (due to end of file reached - EOFError) after 14 requests on 36485220, last used 0.067005442 seconds ago
#######################refresh#######################
###got sofa!(http://www.douban.com/group/topic/69677951/)
#######################refresh#######################
#######################refresh#######################
###got sofa!(http://www.douban.com/group/topic/69678051/)
#######################refresh#######################
###got sofa!(http://www.douban.com/group/topic/69678079/)
###got sofa!(http://www.douban.com/group/topic/69678075/)
###got sofa!(http://www.douban.com/group/topic/69678068/)
###got sofa!(http://www.douban.com/group/topic/69678062/)
###got sofa!(http://www.douban.com/group/topic/69678060/)
###got sofa!(http://www.douban.com/group/topic/69678057/)
#######################refresh#######################
###got sofa!(http://www.douban.com/group/topic/69678143/)
###got sofa!(http://www.douban.com/group/topic/69678140/)
###got sofa!(http://www.douban.com/group/topic/69678129/)
###got sofa!(http://www.douban.com/group/topic/69678075/)
###got sofa!(http://www.douban.com/group/topic/69678062/)
#######################refresh#######################
###got sofa!(http://www.douban.com/group/topic/69678199/)
###got sofa!(http://www.douban.com/group/topic/69678172/)
###got sofa!(http://www.douban.com/group/topic/69678167/)
###got sofa!(http://www.douban.com/group/topic/69678162/)
###got sofa!(http://www.douban.com/group/topic/69678129/)
#######################refresh#######################
###got sofa!(http://www.douban.com/group/topic/69678172/)
###got sofa!(http://www.douban.com/group/topic/69678167/)
###got sofa!(http://www.douban.com/group/topic/69678162/)
#######################refresh#######################
###got sofa!(http://www.douban.com/group/topic/69678319/)
###got sofa!(http://www.douban.com/group/topic/69678285/)
#######################refresh#######################
###got sofa!(http://www.douban.com/group/topic/69678355/)
###got sofa!(http://www.douban.com/group/topic/69678319/)
#######################refresh#######################
###got sofa!(http://www.douban.com/group/topic/69678319/)
#######################refresh#######################
###got sofa!(http://www.douban.com/group/topic/69678419/)
###got sofa!(http://www.douban.com/group/topic/69678319/)
#######################refresh#######################
###got sofa!(http://www.douban.com/group/topic/69678440/)
#######################refresh#######################
###got sofa!(http://www.douban.com/group/topic/69678476/)
###got sofa!(http://www.douban.com/group/topic/69678440/)
#######################refresh#######################
###got sofa!(http://www.douban.com/group/topic/69678530/)
#######################refresh#######################
###got sofa!(http://www.douban.com/group/topic/69678571/)
###got sofa!(http://www.douban.com/group/topic/69678530/)
#######################refresh#######################
###got sofa!(http://www.douban.com/group/topic/69678614/)
#######################refresh#######################
###got sofa!(http://www.douban.com/group/topic/69678663/)
###got sofa!(http://www.douban.com/group/topic/69678659/)
###got sofa!(http://www.douban.com/group/topic/69678655/)
###got sofa!(http://www.douban.com/group/topic/69678614/)
#######################refresh#######################
###got sofa!(http://www.douban.com/group/topic/69678708/)
###got sofa!(http://www.douban.com/group/topic/69678681/)
#######################refresh#######################
#######################refresh#######################
###got sofa!(http://www.douban.com/group/topic/69678765/)
#######################refresh#######################
###got sofa!(http://www.douban.com/group/topic/69678810/)
###got sofa!(http://www.douban.com/group/topic/69678765/)
#######################refresh#######################
###got sofa!(http://www.douban.com/group/topic/69678834/)
###got sofa!(http://www.douban.com/group/topic/69678810/)
#######################refresh#######################
###got sofa!(http://www.douban.com/group/topic/69678905/)
###got sofa!(http://www.douban.com/group/topic/69678810/)
#######################refresh#######################
###got sofa!(http://www.douban.com/group/topic/69678949/)
#######################refresh#######################
###got sofa!(http://www.douban.com/group/topic/69675889/)
#######################refresh#######################
###got sofa!(http://www.douban.com/group/topic/69679012/)
#######################refresh#######################
404 => Net::HTTPNotFound for http://www.douban.com/group/topic/69679012/ -- unhandled response
#######################refresh#######################
#######################refresh#######################
###got sofa!(http://www.douban.com/group/topic/69679081/)
###got sofa!(http://www.douban.com/group/topic/69679075/)
#######################refresh#######################
#######################refresh#######################
###got sofa!(http://www.douban.com/group/topic/69679141/)
###got sofa!(http://www.douban.com/group/topic/69679140/)
###got sofa!(http://www.douban.com/group/topic/69679132/)
404 => Net::HTTPNotFound for http://www.douban.com/group/topic/69679086/ -- unhandled response
#######################refresh#######################
###got sofa!(http://www.douban.com/group/topic/69679141/)
###got sofa!(http://www.douban.com/group/topic/69679132/)
#######################refresh#######################
###got sofa!(http://www.douban.com/group/topic/69679141/)
###got sofa!(http://www.douban.com/group/topic/69679132/)
#######################refresh#######################
###got sofa!(http://www.douban.com/group/topic/69679276/)
###got sofa!(http://www.douban.com/group/topic/69679246/)
#######################refresh#######################
#######################refresh#######################
#######################refresh#######################
###got sofa!(http://www.douban.com/group/topic/69679356/)
#######################refresh#######################
###got sofa!(http://www.douban.com/group/topic/69679388/)
###got sofa!(http://www.douban.com/group/topic/69679377/)
#######################refresh#######################
###got sofa!(http://www.douban.com/group/topic/69679388/)
#######################refresh#######################
###got sofa!(http://www.douban.com/group/topic/69679388/)
#######################refresh#######################
###got sofa!(http://www.douban.com/group/topic/69679478/)
###got sofa!(http://www.douban.com/group/topic/69679477/)
###got sofa!(http://www.douban.com/group/topic/69679388/)
#######################refresh#######################
###got sofa!(http://www.douban.com/group/topic/69679538/)
###got sofa!(http://www.douban.com/group/topic/69679477/)
#######################refresh#######################
###got sofa!(http://www.douban.com/group/topic/69679579/)
###got sofa!(http://www.douban.com/group/topic/69679538/)
#######################refresh#######################
###got sofa!(http://www.douban.com/group/topic/69679639/)
###got sofa!(http://www.douban.com/group/topic/69679608/)
###got sofa!(http://www.douban.com/group/topic/69679579/)
###got sofa!(http://www.douban.com/group/topic/69679538/)
#######################refresh#######################
###got sofa!(http://www.douban.com/group/topic/69679705/)
###got sofa!(http://www.douban.com/group/topic/69679703/)
###got sofa!(http://www.douban.com/group/topic/69679639/)
###got sofa!(http://www.douban.com/group/topic/69679608/)
###got sofa!(http://www.douban.com/group/topic/69679579/)
#######################refresh#######################
###got sofa!(http://www.douban.com/group/topic/69679788/)
###got sofa!(http://www.douban.com/group/topic/69679744/)
###got sofa!(http://www.douban.com/group/topic/69679730/)
###got sofa!(http://www.douban.com/group/topic/69679703/)
###got sofa!(http://www.douban.com/group/topic/69679639/)
#######################refresh#######################
###got sofa!(http://www.douban.com/group/topic/69679855/)
###got sofa!(http://www.douban.com/group/topic/69679816/)
###got sofa!(http://www.douban.com/group/topic/69679805/)
#######################refresh#######################
###got sofa!(http://www.douban.com/group/topic/69679855/)
###got sofa!(http://www.douban.com/group/topic/69679816/)
###got sofa!(http://www.douban.com/group/topic/69679805/)
#######################refresh#######################
###got sofa!(http://www.douban.com/group/topic/69679947/)
###got sofa!(http://www.douban.com/group/topic/69679855/)
#######################refresh#######################
###got sofa!(http://www.douban.com/group/topic/69679992/)
###got sofa!(http://www.douban.com/group/topic/69679991/)
###got sofa!(http://www.douban.com/group/topic/69679947/)
#######################refresh#######################
###got sofa!(http://www.douban.com/group/topic/69680053/)
###got sofa!(http://www.douban.com/group/topic/69680029/)
###got sofa!(http://www.douban.com/group/topic/69680027/)
#######################refresh#######################
###got sofa!(http://www.douban.com/group/topic/69680120/)
#######################refresh#######################
###got sofa!(http://www.douban.com/group/topic/69680148/)
###got sofa!(http://www.douban.com/group/topic/69680147/)
###got sofa!(http://www.douban.com/group/topic/69680144/)
###got sofa!(http://www.douban.com/group/topic/69680132/)
###got sofa!(http://www.douban.com/group/topic/69680129/)
#######################refresh#######################
###got sofa!(http://www.douban.com/group/topic/69680217/)
#######################refresh#######################
###got sofa!(http://www.douban.com/group/topic/69680225/)
###got sofa!(http://www.douban.com/group/topic/69680217/)
#######################refresh#######################
###got sofa!(http://www.douban.com/group/topic/69680277/)
###got sofa!(http://www.douban.com/group/topic/69680259/)
#######################refresh#######################
#######################refresh#######################
###got sofa!(http://www.douban.com/group/topic/69680349/)
###got sofa!(http://www.douban.com/group/topic/69680348/)
###got sofa!(http://www.douban.com/group/topic/69680334/)
#######################refresh#######################
###got sofa!(http://www.douban.com/group/topic/69680404/)
###got sofa!(http://www.douban.com/group/topic/69680361/)
#######################refresh#######################
###got sofa!(http://www.douban.com/group/topic/69680435/)
###got sofa!(http://www.douban.com/group/topic/69680424/)
#######################refresh#######################
###got sofa!(http://www.douban.com/group/topic/69680460/)
too many connection resets (due to end of file reached - EOFError) after 29 requests on 36485220, last used 0.02270596 seconds ago
###got sofa!(http://www.douban.com/group/topic/69680459/)
#######################refresh#######################
###got sofa!(http://www.douban.com/group/topic/69680506/)
###got sofa!(http://www.douban.com/group/topic/69680498/)
###got sofa!(http://www.douban.com/group/topic/69680460/)
#######################refresh#######################
###got sofa!(http://www.douban.com/group/topic/69680576/)
###got sofa!(http://www.douban.com/group/topic/69680545/)
#######################refresh#######################
###got sofa!(http://www.douban.com/group/topic/69680601/)
###got sofa!(http://www.douban.com/group/topic/69680580/)
#######################refresh#######################
###got sofa!(http://www.douban.com/group/topic/69680625/)
#######################refresh#######################
###got sofa!(http://www.douban.com/group/topic/69680659/)
###got sofa!(http://www.douban.com/group/topic/69680645/)
###got sofa!(http://www.douban.com/group/topic/69680625/)
#######################refresh#######################
###got sofa!(http://www.douban.com/group/topic/69680729/)
404 => Net::HTTPNotFound for http://www.douban.com/group/topic/69354045/ -- unhandled response
###got sofa!(http://www.douban.com/group/topic/69680684/)
#######################refresh#######################
###got sofa!(http://www.douban.com/group/topic/69680795/)
###got sofa!(http://www.douban.com/group/topic/69680779/)
###got sofa!(http://www.douban.com/group/topic/69680761/)
#######################refresh#######################
###got sofa!(http://www.douban.com/group/topic/69680833/)
#######################refresh#######################
#######################refresh#######################
###got sofa!(http://www.douban.com/group/topic/69680903/)
###got sofa!(http://www.douban.com/group/topic/69680893/)
#######################refresh#######################
###got sofa!(http://www.douban.com/group/topic/69680940/)
###got sofa!(http://www.douban.com/group/topic/69680925/)
###got sofa!(http://www.douban.com/group/topic/69680893/)
#######################refresh#######################
###got sofa!(http://www.douban.com/group/topic/69680990/)
###got sofa!(http://www.douban.com/group/topic/69680972/)
###got sofa!(http://www.douban.com/group/topic/69680947/)
###got sofa!(http://www.douban.com/group/topic/69680940/)
###got sofa!(http://www.douban.com/group/topic/69680893/)
#######################refresh#######################
###got sofa!(http://www.douban.com/group/topic/69681065/)
too many connection resets (due to end of file reached - EOFError) after 10 requests on 36485220, last used 0.021195155 seconds ago
###got sofa!(http://www.douban.com/group/topic/69681043/)
###got sofa!(http://www.douban.com/group/topic/69680940/)
#######################refresh#######################
###got sofa!(http://www.douban.com/group/topic/69681103/)
###got sofa!(http://www.douban.com/group/topic/69681100/)
###got sofa!(http://www.douban.com/group/topic/69681065/)
#######################refresh#######################
###got sofa!(http://www.douban.com/group/topic/69681151/)
#######################refresh#######################
###got sofa!(http://www.douban.com/group/topic/69681185/)
#######################refresh#######################
###got sofa!(http://www.douban.com/group/topic/69681213/)
###got sofa!(http://www.douban.com/group/topic/69681210/)
###got sofa!(http://www.douban.com/group/topic/69681207/)
###got sofa!(http://www.douban.com/group/topic/69681202/)
###got sofa!(http://www.douban.com/group/topic/69681185/)
#######################refresh#######################
###got sofa!(http://www.douban.com/group/topic/69681271/)
###got sofa!(http://www.douban.com/group/topic/69681202/)
#######################refresh#######################
###got sofa!(http://www.douban.com/group/topic/69681342/)
###got sofa!(http://www.douban.com/group/topic/69681330/)
###got sofa!(http://www.douban.com/group/topic/69681315/)
###got sofa!(http://www.douban.com/group/topic/69681306/)
too many connection resets (due to end of file reached - EOFError) after 5 requests on 36485220, last used 0.528104273 seconds ago
#######################refresh#######################
###got sofa!(http://www.douban.com/group/topic/69681409/)
#######################refresh#######################
###got sofa!(http://www.douban.com/group/topic/69681437/)
#######################refresh#######################
###got sofa!(http://www.douban.com/group/topic/69681437/)
#######################refresh#######################
###got sofa!(http://www.douban.com/group/topic/69681513/)
#######################refresh#######################
###got sofa!(http://www.douban.com/group/topic/69681552/)
###got sofa!(http://www.douban.com/group/topic/69681521/)
#######################refresh#######################
#######################refresh#######################
###got sofa!(http://www.douban.com/group/topic/69681621/)
###got sofa!(http://www.douban.com/group/topic/69681616/)
#######################refresh#######################
###got sofa!(http://www.douban.com/group/topic/69681676/)
#######################refresh#######################
###got sofa!(http://www.douban.com/group/topic/69681683/)
###got sofa!(http://www.douban.com/group/topic/69681682/)
too many connection resets (due to end of file reached - EOFError) after 2 requests on 36485220, last used 0.060573622 seconds ago
#######################refresh#######################
###got sofa!(http://www.douban.com/group/topic/69681721/)
###got sofa!(http://www.douban.com/group/topic/69681682/)
#######################refresh#######################
###got sofa!(http://www.douban.com/group/topic/69681682/)
#######################refresh#######################
#######################refresh#######################
###got sofa!(http://www.douban.com/group/topic/69681870/)
###got sofa!(http://www.douban.com/group/topic/69681862/)
###got sofa!(http://www.douban.com/group/topic/69681861/)
#######################refresh#######################
###got sofa!(http://www.douban.com/group/topic/69681909/)
###got sofa!(http://www.douban.com/group/topic/69681870/)
#######################refresh#######################
###got sofa!(http://www.douban.com/group/topic/69681909/)
###got sofa!(http://www.douban.com/group/topic/69681870/)
#######################refresh#######################
###got sofa!(http://www.douban.com/group/topic/69682027/)
###got sofa!(http://www.douban.com/group/topic/69681997/)
###got sofa!(http://www.douban.com/group/topic/69681909/)
#######################refresh#######################
###got sofa!(http://www.douban.com/group/topic/69682034/)
###got sofa!(http://www.douban.com/group/topic/69682027/)
#######################refresh#######################
###got sofa!(http://www.douban.com/group/topic/69682116/)
###got sofa!(http://www.douban.com/group/topic/69682088/)
###got sofa!(http://www.douban.com/group/topic/69682034/)
too many connection resets (due to end of file reached - EOFError) after 12 requests on 36485220, last used 0.022073204 seconds ago
#######################refresh#######################
###got sofa!(http://www.douban.com/group/topic/69682148/)
###got sofa!(http://www.douban.com/group/topic/69682088/)
#######################refresh#######################
###got sofa!(http://www.douban.com/group/topic/69682204/)
too many connection resets (due to Connection reset by peer - Errno::ECONNRESET) after 37 requests on 36485220, last used 0.139110419 seconds ago
#######################refresh#######################
###got sofa!(http://www.douban.com/group/topic/69682204/)
#######################refresh#######################
###got sofa!(http://www.douban.com/group/topic/69682282/)
###got sofa!(http://www.douban.com/group/topic/69682271/)
###got sofa!(http://www.douban.com/group/topic/69682262/)
#######################refresh#######################
###got sofa!(http://www.douban.com/group/topic/69682361/)
###got sofa!(http://www.douban.com/group/topic/69682335/)
###got sofa!(http://www.douban.com/group/topic/69682322/)
###got sofa!(http://www.douban.com/group/topic/69682297/)
###got sofa!(http://www.douban.com/group/topic/69682282/)
###got sofa!(http://www.douban.com/group/topic/69682271/)
404 => Net::HTTPNotFound for http://www.douban.com/group/topic/69682262/ -- unhandled response
#######################refresh#######################
#######################refresh#######################
###got sofa!(http://www.douban.com/group/topic/69682445/)
#######################refresh#######################
###got sofa!(http://www.douban.com/group/topic/69682471/)
###got sofa!(http://www.douban.com/group/topic/69682445/)
too many connection resets (due to end of file reached - EOFError) after 22 requests on 36485220, last used 0.02119879 seconds ago
#######################refresh#######################
###got sofa!(http://www.douban.com/group/topic/69682509/)
###got sofa!(http://www.douban.com/group/topic/69682445/)
#######################refresh#######################
###got sofa!(http://www.douban.com/group/topic/69682543/)
#######################refresh#######################
###got sofa!(http://www.douban.com/group/topic/69682567/)
#######################refresh#######################
#######################refresh#######################
#######################refresh#######################
###got sofa!(http://www.douban.com/group/topic/69682660/)
###got sofa!(http://www.douban.com/group/topic/69682654/)
###got sofa!(http://www.douban.com/group/topic/69682646/)
too many connection resets (due to end of file reached - EOFError) after 2 requests on 36485220, last used 0.022038398 seconds ago
#######################refresh#######################
###got sofa!(http://www.douban.com/group/topic/69682678/)
#######################refresh#######################
###got sofa!(http://www.douban.com/group/topic/69682678/)
#######################refresh#######################
###got sofa!(http://www.douban.com/group/topic/69682767/)
404 => Net::HTTPNotFound for http://www.douban.com/group/topic/69682761/ -- unhandled response
#######################refresh#######################
###got sofa!(http://www.douban.com/group/topic/69682796/)
#######################refresh#######################
###got sofa!(http://www.douban.com/group/topic/69682854/)
#######################refresh#######################
#######################refresh#######################
#######################refresh#######################
###got sofa!(http://www.douban.com/group/topic/69682951/)
###got sofa!(http://www.douban.com/group/topic/69682948/)
###got sofa!(http://www.douban.com/group/topic/69682928/)
#######################refresh#######################
###got sofa!(http://www.douban.com/group/topic/69683001/)
###got sofa!(http://www.douban.com/group/topic/69682967/)
###got sofa!(http://www.douban.com/group/topic/69682928/)
#######################refresh#######################
###got sofa!(http://www.douban.com/group/topic/69683057/)
502 => Net::HTTPBadGateway for http://www.douban.com/group/topic/69683057/add_comment#last -- unhandled response
502 => Net::HTTPBadGateway for http://www.douban.com/group/topic/69680795/ -- unhandled response
502 => Net::HTTPBadGateway for http://www.douban.com/group/topic/69476224/ -- unhandled response
502 => Net::HTTPBadGateway for http://www.douban.com/group/topic/68845200/ -- unhandled response
502 => Net::HTTPBadGateway for http://www.douban.com/group/topic/69236854/ -- unhandled response
502 => Net::HTTPBadGateway for http://www.douban.com/group/topic/65156661/ -- unhandled response
404 => Net::HTTPNotFound for http://www.douban.com/group/topic/69683031/ -- unhandled response
###got sofa!(http://www.douban.com/group/topic/69683030/)
#######################refresh#######################
###got sofa!(http://www.douban.com/group/topic/69683167/)
###got sofa!(http://www.douban.com/group/topic/69683030/)
#######################refresh#######################
###got sofa!(http://www.douban.com/group/topic/69683205/)
###got sofa!(http://www.douban.com/group/topic/69683203/)
#######################refresh#######################
###got sofa!(http://www.douban.com/group/topic/69683242/)
###got sofa!(http://www.douban.com/group/topic/69683203/)
#######################refresh#######################
###got sofa!(http://www.douban.com/group/topic/69683297/)
###got sofa!(http://www.douban.com/group/topic/69683242/)
#######################refresh#######################
#######################refresh#######################
###got sofa!(http://www.douban.com/group/topic/69683362/)
###got sofa!(http://www.douban.com/group/topic/69683358/)
too many connection resets (due to end of file reached - EOFError) after 4 requests on 36485220, last used 0.023603569 seconds ago
#######################refresh#######################
###got sofa!(http://www.douban.com/group/topic/69683382/)
###got sofa!(http://www.douban.com/group/topic/69683362/)
#######################refresh#######################
###got sofa!(http://www.douban.com/group/topic/69683445/)
###got sofa!(http://www.douban.com/group/topic/69683420/)
###got sofa!(http://www.douban.com/group/topic/69683382/)
###got sofa!(http://www.douban.com/group/topic/69683362/)
#######################refresh#######################
###got sofa!(http://www.douban.com/group/topic/69683504/)
###got sofa!(http://www.douban.com/group/topic/69683498/)
###got sofa!(http://www.douban.com/group/topic/69683420/)
#######################refresh#######################
###got sofa!(http://www.douban.com/group/topic/69683534/)
###got sofa!(http://www.douban.com/group/topic/69683518/)
###got sofa!(http://www.douban.com/group/topic/69683420/)
#######################refresh#######################
###got sofa!(http://www.douban.com/group/topic/69683598/)
###got sofa!(http://www.douban.com/group/topic/69683518/)
#######################refresh#######################
###got sofa!(http://www.douban.com/group/topic/69683628/)
#######################refresh#######################
###got sofa!(http://www.douban.com/group/topic/69683714/)
###got sofa!(http://www.douban.com/group/topic/69683713/)
###got sofa!(http://www.douban.com/group/topic/69683628/)
#######################refresh#######################
###got sofa!(http://www.douban.com/group/topic/69683781/)
###got sofa!(http://www.douban.com/group/topic/69683771/)
###got sofa!(http://www.douban.com/group/topic/69683766/)
###got sofa!(http://www.douban.com/group/topic/69683726/)
#######################refresh#######################
###got sofa!(http://www.douban.com/group/topic/69683859/)
#######################refresh#######################
###got sofa!(http://www.douban.com/group/topic/69683901/)
#######################refresh#######################
###got sofa!(http://www.douban.com/group/topic/69683980/)
###got sofa!(http://www.douban.com/group/topic/69683977/)
too many connection resets (due to end of file reached - EOFError) after 5 requests on 36485220, last used 0.023090092 seconds ago
###got sofa!(http://www.douban.com/group/topic/69683955/)
###got sofa!(http://www.douban.com/group/topic/69683937/)
404 => Net::HTTPNotFound for http://www.douban.com/group/topic/69682649/ -- unhandled response
#######################refresh#######################
###got sofa!(http://www.douban.com/group/topic/69684007/)
#######################refresh#######################
###got sofa!(http://www.douban.com/group/topic/69684053/)
###got sofa!(http://www.douban.com/group/topic/69684047/)
#######################refresh#######################
###got sofa!(http://www.douban.com/group/topic/69684084/)
#######################refresh#######################
###got sofa!(http://www.douban.com/group/topic/69684170/)
###got sofa!(http://www.douban.com/group/topic/69684168/)
#######################refresh#######################
###got sofa!(http://www.douban.com/group/topic/69684199/)
###got sofa!(http://www.douban.com/group/topic/69684187/)
too many connection resets (due to end of file reached - EOFError) after 14 requests on 36485220, last used 0.026827995 seconds ago
#######################refresh#######################
###got sofa!(http://www.douban.com/group/topic/69684252/)
###got sofa!(http://www.douban.com/group/topic/69680506/)
###got sofa!(http://www.douban.com/group/topic/69684187/)
#######################refresh#######################
###got sofa!(http://www.douban.com/group/topic/69684307/)
###got sofa!(http://www.douban.com/group/topic/69684270/)
#######################refresh#######################
###got sofa!(http://www.douban.com/group/topic/69684352/)
###got sofa!(http://www.douban.com/group/topic/69684344/)
###got sofa!(http://www.douban.com/group/topic/69684325/)
###got sofa!(http://www.douban.com/group/topic/69684323/)
###got sofa!(http://www.douban.com/group/topic/69684315/)
###got sofa!(http://www.douban.com/group/topic/69684270/)
#######################refresh#######################
###got sofa!(http://www.douban.com/group/topic/69684442/)
###got sofa!(http://www.douban.com/group/topic/69684441/)
###got sofa!(http://www.douban.com/group/topic/69684387/)
###got sofa!(http://www.douban.com/group/topic/69684344/)
###got sofa!(http://www.douban.com/group/topic/69684325/)
#######################refresh#######################
###got sofa!(http://www.douban.com/group/topic/69684515/)
###got sofa!(http://www.douban.com/group/topic/69684495/)
###got sofa!(http://www.douban.com/group/topic/69684474/)
#######################refresh#######################
###got sofa!(http://www.douban.com/group/topic/69684573/)
###got sofa!(http://www.douban.com/group/topic/69684571/)
###got sofa!(http://www.douban.com/group/topic/69684493/)
too many connection resets (due to end of file reached - EOFError) after 17 requests on 36485220, last used 0.023650775 seconds ago
###got sofa!(http://www.douban.com/group/topic/69684515/)
###got sofa!(http://www.douban.com/group/topic/69684495/)
###got sofa!(http://www.douban.com/group/topic/69684474/)
#######################refresh#######################
###got sofa!(http://www.douban.com/group/topic/69684661/)
###got sofa!(http://www.douban.com/group/topic/69684648/)
###got sofa!(http://www.douban.com/group/topic/69684643/)
###got sofa!(http://www.douban.com/group/topic/69684580/)
###got sofa!(http://www.douban.com/group/topic/69684571/)
#######################refresh#######################
###got sofa!(http://www.douban.com/group/topic/69684714/)
too many connection resets (due to end of file reached - EOFError) after 30 requests on 36485220, last used 0.261353606 seconds ago
###got sofa!(http://www.douban.com/group/topic/69684697/)
#######################refresh#######################
###got sofa!(http://www.douban.com/group/topic/69684778/)
###got sofa!(http://www.douban.com/group/topic/69684776/)
###got sofa!(http://www.douban.com/group/topic/69684714/)
###got sofa!(http://www.douban.com/group/topic/69684697/)
#######################refresh#######################
###got sofa!(http://www.douban.com/group/topic/69684819/)
###got sofa!(http://www.douban.com/group/topic/69684776/)
#######################refresh#######################
###got sofa!(http://www.douban.com/group/topic/69684819/)
#######################refresh#######################
###got sofa!(http://www.douban.com/group/topic/69684819/)
#######################refresh#######################
###got sofa!(http://www.douban.com/group/topic/69684944/)
###got sofa!(http://www.douban.com/group/topic/69684923/)
###got sofa!(http://www.douban.com/group/topic/69684919/)
#######################refresh#######################
###got sofa!(http://www.douban.com/group/topic/69684992/)
###got sofa!(http://www.douban.com/group/topic/69684944/)
#######################refresh#######################
###got sofa!(http://www.douban.com/group/topic/69685030/)
###got sofa!(http://www.douban.com/group/topic/69685024/)
###got sofa!(http://www.douban.com/group/topic/69685015/)
#######################refresh#######################
###got sofa!(http://www.douban.com/group/topic/69685082/)
###got sofa!(http://www.douban.com/group/topic/69685054/)
#######################refresh#######################
###got sofa!(http://www.douban.com/group/topic/69685113/)
###got sofa!(http://www.douban.com/group/topic/69685054/)
#######################refresh#######################
###got sofa!(http://www.douban.com/group/topic/69685182/)
###got sofa!(http://www.douban.com/group/topic/69685113/)
###got sofa!(http://www.douban.com/group/topic/69685054/)
#######################refresh#######################
###got sofa!(http://www.douban.com/group/topic/69685238/)
###got sofa!(http://www.douban.com/group/topic/69685182/)
###got sofa!(http://www.douban.com/group/topic/69685113/)
#######################refresh#######################
###got sofa!(http://www.douban.com/group/topic/69685299/)
###got sofa!(http://www.douban.com/group/topic/69685238/)
#######################refresh#######################
###got sofa!(http://www.douban.com/group/topic/69685361/)
###got sofa!(http://www.douban.com/group/topic/69685299/)
#######################refresh#######################
###got sofa!(http://www.douban.com/group/topic/69685385/)
#######################refresh#######################
###got sofa!(http://www.douban.com/group/topic/69685385/)
#######################refresh#######################
###got sofa!(http://www.douban.com/group/topic/69685455/)
#######################refresh#######################
###got sofa!(http://www.douban.com/group/topic/69685488/)
###got sofa!(http://www.douban.com/group/topic/69685481/)
###got sofa!(http://www.douban.com/group/topic/69685455/)
#######################refresh#######################
###got sofa!(http://www.douban.com/group/topic/69685488/)
###got sofa!(http://www.douban.com/group/topic/69685455/)
#######################refresh#######################
###got sofa!(http://www.douban.com/group/topic/69685631/)
###got sofa!(http://www.douban.com/group/topic/69685608/)
###got sofa!(http://www.douban.com/group/topic/69685593/)
###got sofa!(http://www.douban.com/group/topic/69685580/)
#######################refresh#######################
###got sofa!(http://www.douban.com/group/topic/69685690/)
###got sofa!(http://www.douban.com/group/topic/69685687/)
404 => Net::HTTPNotFound for http://www.douban.com/group/topic/69685665/ -- unhandled response
###got sofa!(http://www.douban.com/group/topic/69685656/)
###got sofa!(http://www.douban.com/group/topic/69685651/)
###got sofa!(http://www.douban.com/group/topic/69685639/)
#######################refresh#######################
###got sofa!(http://www.douban.com/group/topic/69685639/)
#######################refresh#######################
###got sofa!(http://www.douban.com/group/topic/69685760/)
#######################refresh#######################
###got sofa!(http://www.douban.com/group/topic/69685811/)
###got sofa!(http://www.douban.com/group/topic/69685809/)
too many connection resets (due to end of file reached - EOFError) after 1 requests on 36485220, last used 0.009115132 seconds ago
###got sofa!(http://www.douban.com/group/topic/69685775/)
#######################refresh#######################
#######################refresh#######################
###got sofa!(http://www.douban.com/group/topic/69685878/)
#######################refresh#######################
#######################refresh#######################
###got sofa!(http://www.douban.com/group/topic/69685912/)
#######################refresh#######################
###got sofa!(http://www.douban.com/group/topic/69685981/)
#######################refresh#######################
###got sofa!(http://www.douban.com/group/topic/69686005/)
#######################refresh#######################
###got sofa!(http://www.douban.com/group/topic/69686074/)
###got sofa!(http://www.douban.com/group/topic/69686005/)
#######################refresh#######################
###got sofa!(http://www.douban.com/group/topic/69686140/)
###got sofa!(http://www.douban.com/group/topic/69686120/)
#######################refresh#######################
###got sofa!(http://www.douban.com/group/topic/69686140/)
#######################refresh#######################
###got sofa!(http://www.douban.com/group/topic/69686241/)
#######################refresh#######################
###got sofa!(http://www.douban.com/group/topic/69686308/)
###got sofa!(http://www.douban.com/group/topic/69686304/)
###got sofa!(http://www.douban.com/group/topic/69686241/)
#######################refresh#######################
###got sofa!(http://www.douban.com/group/topic/69686241/)
#######################refresh#######################
#######################refresh#######################
###got sofa!(http://www.douban.com/group/topic/69686440/)
###got sofa!(http://www.douban.com/group/topic/69686417/)
#######################refresh#######################
###got sofa!(http://www.douban.com/group/topic/69686507/)
###got sofa!(http://www.douban.com/group/topic/69681166/)
###got sofa!(http://www.douban.com/group/topic/69686440/)
#######################refresh#######################
#######################refresh#######################
###got sofa!(http://www.douban.com/group/topic/69686619/)
###got sofa!(http://www.douban.com/group/topic/69686606/)
###got sofa!(http://www.douban.com/group/topic/69686587/)
###got sofa!(http://www.douban.com/group/topic/69686586/)
#######################refresh#######################
###got sofa!(http://www.douban.com/group/topic/69686641/)
###got sofa!(http://www.douban.com/group/topic/69686606/)
#######################refresh#######################
###got sofa!(http://www.douban.com/group/topic/69686732/)
#######################refresh#######################
#######################refresh#######################
###got sofa!(http://www.douban.com/group/topic/69686861/)
###got sofa!(http://www.douban.com/group/topic/69686860/)
#######################refresh#######################
###got sofa!(http://www.douban.com/group/topic/69686896/)
###got sofa!(http://www.douban.com/group/topic/69686860/)
#######################refresh#######################
###got sofa!(http://www.douban.com/group/topic/69686956/)
###got sofa!(http://www.douban.com/group/topic/69686939/)
###got sofa!(http://www.douban.com/group/topic/69686937/)
###got sofa!(http://www.douban.com/group/topic/69686929/)
#######################refresh#######################
###got sofa!(http://www.douban.com/group/topic/69684294/)
###got sofa!(http://www.douban.com/group/topic/69686956/)
#######################refresh#######################
###got sofa!(http://www.douban.com/group/topic/69687035/)
###got sofa!(http://www.douban.com/group/topic/69687021/)
too many connection resets (due to end of file reached - EOFError) after 19 requests on 36485220, last used 0.024565114 seconds ago
###got sofa!(http://www.douban.com/group/topic/69686999/)
#######################refresh#######################
###got sofa!(http://www.douban.com/group/topic/69687054/)
#######################refresh#######################
###got sofa!(http://www.douban.com/group/topic/69687118/)
#######################refresh#######################
###got sofa!(http://www.douban.com/group/topic/69687152/)
###got sofa!(http://www.douban.com/group/topic/69687148/)
###got sofa!(http://www.douban.com/group/topic/69687133/)
###got sofa!(http://www.douban.com/group/topic/69687125/)
#######################refresh#######################
###got sofa!(http://www.douban.com/group/topic/69687206/)
#######################refresh#######################
###got sofa!(http://www.douban.com/group/topic/69687302/)
###got sofa!(http://www.douban.com/group/topic/69687292/)
###got sofa!(http://www.douban.com/group/topic/69687264/)
#######################refresh#######################
###got sofa!(http://www.douban.com/group/topic/69687338/)
#######################refresh#######################
###got sofa!(http://www.douban.com/group/topic/69687407/)
#######################refresh#######################
#######################refresh#######################
###got sofa!(http://www.douban.com/group/topic/69687469/)
#######################refresh#######################
###got sofa!(http://www.douban.com/group/topic/69687501/)
###got sofa!(http://www.douban.com/group/topic/69687494/)
#######################refresh#######################
###got sofa!(http://www.douban.com/group/topic/69687515/)
#######################refresh#######################
###got sofa!(http://www.douban.com/group/topic/69687577/)
###got sofa!(http://www.douban.com/group/topic/69687572/)
too many connection resets (due to end of file reached - EOFError) after 5 requests on 36485220, last used 0.044677752 seconds ago
###got sofa!(http://www.douban.com/group/topic/69687568/)
too many connection resets (due to end of file reached - EOFError) after 3 requests on 36485220, last used 0.01981481 seconds ago
###got sofa!(http://www.douban.com/group/topic/69687567/)
too many connection resets (due to end of file reached - EOFError) after 3 requests on 36485220, last used 0.02230312 seconds ago
#######################refresh#######################
###got sofa!(http://www.douban.com/group/topic/69687594/)
###got sofa!(http://www.douban.com/group/topic/69687572/)
too many connection resets (due to end of file reached - EOFError) after 10 requests on 36485220, last used 0.075973905 seconds ago
#######################refresh#######################
###got sofa!(http://www.douban.com/group/topic/69687673/)
###got sofa!(http://www.douban.com/group/topic/69687669/)
###got sofa!(http://www.douban.com/group/topic/69687655/)
#######################refresh#######################
###got sofa!(http://www.douban.com/group/topic/69687732/)
too many connection resets (due to end of file reached - EOFError) after 16 requests on 36485220, last used 0.020735327 seconds ago
###got sofa!(http://www.douban.com/group/topic/69687707/)
#######################refresh#######################
###got sofa!(http://www.douban.com/group/topic/69687732/)
#######################refresh#######################
###got sofa!(http://www.douban.com/group/topic/69687791/)
#######################refresh#######################
###got sofa!(http://www.douban.com/group/topic/69687808/)
#######################refresh#######################
###got sofa!(http://www.douban.com/group/topic/69687862/)
###got sofa!(http://www.douban.com/group/topic/69687861/)
#######################refresh#######################
###got sofa!(http://www.douban.com/group/topic/69687923/)
too many connection resets (due to end of file reached - EOFError) after 13 requests on 36485220, last used 0.022265123 seconds ago
###got sofa!(http://www.douban.com/group/topic/69687901/)
###got sofa!(http://www.douban.com/group/topic/69687871/)
too many connection resets (due to end of file reached - EOFError) after 11 requests on 36485220, last used 0.022427155 seconds ago
#######################refresh#######################
###got sofa!(http://www.douban.com/group/topic/69687962/)
###got sofa!(http://www.douban.com/group/topic/69687936/)
###got sofa!(http://www.douban.com/group/topic/69687974/)
###got sofa!(http://www.douban.com/group/topic/69687871/)
#######################refresh#######################
###got sofa!(http://www.douban.com/group/topic/69688055/)
###got sofa!(http://www.douban.com/group/topic/69688039/)
#######################refresh#######################
###got sofa!(http://www.douban.com/group/topic/69688104/)
###got sofa!(http://www.douban.com/group/topic/69688098/)
###got sofa!(http://www.douban.com/group/topic/69688094/)
#######################refresh#######################
###got sofa!(http://www.douban.com/group/topic/69688158/)
too many connection resets (due to end of file reached - EOFError) after 4 requests on 36485220, last used 0.022282447 seconds ago
###got sofa!(http://www.douban.com/group/topic/69688147/)
###got sofa!(http://www.douban.com/group/topic/69688139/)
###got sofa!(http://www.douban.com/group/topic/69688098/)
#######################refresh#######################
###got sofa!(http://www.douban.com/group/topic/69688190/)
#######################refresh#######################
###got sofa!(http://www.douban.com/group/topic/69688257/)
###got sofa!(http://www.douban.com/group/topic/69688241/)
###got sofa!(http://www.douban.com/group/topic/69688235/)
###got sofa!(http://www.douban.com/group/topic/69688225/)
#######################refresh#######################
###got sofa!(http://www.douban.com/group/topic/69688300/)
###got sofa!(http://www.douban.com/group/topic/69688291/)
#######################refresh#######################
###got sofa!(http://www.douban.com/group/topic/69688335/)
###got sofa!(http://www.douban.com/group/topic/69688291/)
#######################refresh#######################
#######################refresh#######################
#######################refresh#######################
###got sofa!(http://www.douban.com/group/topic/69688452/)
###got sofa!(http://www.douban.com/group/topic/69688441/)
#######################refresh#######################
###got sofa!(http://www.douban.com/group/topic/69688475/)
too many connection resets (due to end of file reached - EOFError) after 30 requests on 36485220, last used 0.021500507 seconds ago
#######################refresh#######################
###got sofa!(http://www.douban.com/group/topic/69688551/)
###got sofa!(http://www.douban.com/group/topic/69688544/)
###got sofa!(http://www.douban.com/group/topic/69688536/)
too many connection resets (due to end of file reached - EOFError) after 10 requests on 36485220, last used 0.022341672 seconds ago
###got sofa!(http://www.douban.com/group/topic/69688509/)
###got sofa!(http://www.douban.com/group/topic/69688517/)
too many connection resets (due to end of file reached - EOFError) after 4 requests on 36485220, last used 0.02368346 seconds ago
#######################refresh#######################
###got sofa!(http://www.douban.com/group/topic/69688604/)
###got sofa!(http://www.douban.com/group/topic/69688582/)
#######################refresh#######################
#######################refresh#######################
###got sofa!(http://www.douban.com/group/topic/69688690/)
too many connection resets (due to end of file reached - EOFError) after 11 requests on 36485220, last used 0.075617153 seconds ago
###got sofa!(http://www.douban.com/group/topic/69688680/)
#######################refresh#######################
###got sofa!(http://www.douban.com/group/topic/69688711/)
###got sofa!(http://www.douban.com/group/topic/69688690/)
#######################refresh#######################
###got sofa!(http://www.douban.com/group/topic/69688765/)
###got sofa!(http://www.douban.com/group/topic/69688764/)
###got sofa!(http://www.douban.com/group/topic/69688763/)
###got sofa!(http://www.douban.com/group/topic/69688711/)
#######################refresh#######################
###got sofa!(http://www.douban.com/group/topic/69688823/)
too many connection resets (due to end of file reached - EOFError) after 9 requests on 36485220, last used 0.023084784 seconds ago
###got sofa!(http://www.douban.com/group/topic/69688804/)
###got sofa!(http://www.douban.com/group/topic/69688778/)
###got sofa!(http://www.douban.com/group/topic/69688764/)
#######################refresh#######################
###got sofa!(http://www.douban.com/group/topic/69688828/)
#######################refresh#######################
###got sofa!(http://www.douban.com/group/topic/69688888/)
###got sofa!(http://www.douban.com/group/topic/69688828/)
#######################refresh#######################
###got sofa!(http://www.douban.com/group/topic/69688927/)
###got sofa!(http://www.douban.com/group/topic/69688912/)
###got sofa!(http://www.douban.com/group/topic/69688888/)
#######################refresh#######################
###got sofa!(http://www.douban.com/group/topic/69688994/)
#######################refresh#######################
###got sofa!(http://www.douban.com/group/topic/69689025/)
#######################refresh#######################
#######################refresh#######################
###got sofa!(http://www.douban.com/group/topic/69689069/)
###got sofa!(http://www.douban.com/group/topic/69689060/)
too many connection resets (due to end of file reached - EOFError) after 6 requests on 36485220, last used 0.023211891 seconds ago
#######################refresh#######################
#######################refresh#######################
###got sofa!(http://www.douban.com/group/topic/69689123/)
#######################refresh#######################
###got sofa!(http://www.douban.com/group/topic/69689126/)
#######################refresh#######################
###got sofa!(http://www.douban.com/group/topic/69689152/)
#######################refresh#######################
###got sofa!(http://www.douban.com/group/topic/69689218/)
#######################refresh#######################
###got sofa!(http://www.douban.com/group/topic/69689250/)
#######################refresh#######################
###got sofa!(http://www.douban.com/group/topic/69689289/)
###got sofa!(http://www.douban.com/group/topic/69689287/)
###got sofa!(http://www.douban.com/group/topic/69689236/)
#######################refresh#######################
###got sofa!(http://www.douban.com/group/topic/69689338/)
###got sofa!(http://www.douban.com/group/topic/69689236/)
#######################refresh#######################
###got sofa!(http://www.douban.com/group/topic/69689368/)
#######################refresh#######################
###got sofa!(http://www.douban.com/group/topic/69689408/)
#######################refresh#######################
###got sofa!(http://www.douban.com/group/topic/69689457/)
too many connection resets (due to end of file reached - EOFError) after 20 requests on 36485220, last used 0.023743525 seconds ago
###got sofa!(http://www.douban.com/group/topic/69689448/)
###got sofa!(http://www.douban.com/group/topic/69689408/)
#######################refresh#######################
###got sofa!(http://www.douban.com/group/topic/69689517/)
###got sofa!(http://www.douban.com/group/topic/69689457/)
###got sofa!(http://www.douban.com/group/topic/69689408/)
#######################refresh#######################
###got sofa!(http://www.douban.com/group/topic/69689581/)
#######################refresh#######################
###got sofa!(http://www.douban.com/group/topic/69689629/)
###got sofa!(http://www.douban.com/group/topic/69689614/)
#######################refresh#######################
###got sofa!(http://www.douban.com/group/topic/69689676/)
###got sofa!(http://www.douban.com/group/topic/69689670/)
###got sofa!(http://www.douban.com/group/topic/69689614/)
#######################refresh#######################
502 => Net::HTTPBadGateway for http://www.douban.com/group/topic/69658150/ -- unhandled response
502 => Net::HTTPBadGateway for http://www.douban.com/group/topic/69602406/ -- unhandled response
502 => Net::HTTPBadGateway for http://www.douban.com/group/topic/69626803/ -- unhandled response
502 => Net::HTTPBadGateway for http://www.douban.com/group/topic/69415951/ -- unhandled response
502 => Net::HTTPBadGateway for http://www.douban.com/group/topic/66181816/ -- unhandled response
502 => Net::HTTPBadGateway for http://www.douban.com/group/topic/69688536/ -- unhandled response
502 => Net::HTTPBadGateway for http://www.douban.com/group/topic/69618995/ -- unhandled response
#######################refresh#######################
###got sofa!(http://www.douban.com/group/topic/69689770/)
#######################refresh#######################
#######################refresh#######################
###got sofa!(http://www.douban.com/group/topic/69689821/)
#######################refresh#######################
###got sofa!(http://www.douban.com/group/topic/69689864/)
###got sofa!(http://www.douban.com/group/topic/69689833/)
#######################refresh#######################
###got sofa!(http://www.douban.com/group/topic/69689900/)
#######################refresh#######################
###got sofa!(http://www.douban.com/group/topic/69689931/)
###got sofa!(http://www.douban.com/group/topic/69689900/)
#######################refresh#######################
###got sofa!(http://www.douban.com/group/topic/69689972/)
###got sofa!(http://www.douban.com/group/topic/69689960/)
#######################refresh#######################
###got sofa!(http://www.douban.com/group/topic/69690009/)
#######################refresh#######################
###got sofa!(http://www.douban.com/group/topic/69690052/)
#######################refresh#######################
#######################refresh#######################
#######################refresh#######################
###got sofa!(http://www.douban.com/group/topic/69690143/)
#######################refresh#######################
###got sofa!(http://www.douban.com/group/topic/69690180/)
###got sofa!(http://www.douban.com/group/topic/69690143/)
#######################refresh#######################
###got sofa!(http://www.douban.com/group/topic/69690219/)
###got sofa!(http://www.douban.com/group/topic/69690200/)
###got sofa!(http://www.douban.com/group/topic/69690143/)
#######################refresh#######################
###got sofa!(http://www.douban.com/group/topic/69690259/)
###got sofa!(http://www.douban.com/group/topic/69690200/)
#######################refresh#######################
###got sofa!(http://www.douban.com/group/topic/69690322/)
###got sofa!(http://www.douban.com/group/topic/69690292/)
###got sofa!(http://www.douban.com/group/topic/69690290/)
#######################refresh#######################
###got sofa!(http://www.douban.com/group/topic/69690371/)
too many connection resets (due to end of file reached - EOFError) after 8 requests on 36485220, last used 0.022685291 seconds ago
###got sofa!(http://www.douban.com/group/topic/69690355/)
###got sofa!(http://www.douban.com/group/topic/69690322/)
###got sofa!(http://www.douban.com/group/topic/69690290/)
#######################refresh#######################
###got sofa!(http://www.douban.com/group/topic/69690441/)
###got sofa!(http://www.douban.com/group/topic/69690404/)
###got sofa!(http://www.douban.com/group/topic/69690322/)
#######################refresh#######################
###got sofa!(http://www.douban.com/group/topic/69690482/)
###got sofa!(http://www.douban.com/group/topic/69690404/)
#######################refresh#######################
###got sofa!(http://www.douban.com/group/topic/69690503/)
###got sofa!(http://www.douban.com/group/topic/69690482/)
#######################refresh#######################
###got sofa!(http://www.douban.com/group/topic/69690503/)
#######################refresh#######################
###got sofa!(http://www.douban.com/group/topic/69690608/)
#######################refresh#######################
#######################refresh#######################
###got sofa!(http://www.douban.com/group/topic/69690652/)
#######################refresh#######################
#######################refresh#######################
###got sofa!(http://www.douban.com/group/topic/69690713/)
###got sofa!(http://www.douban.com/group/topic/69690709/)
#######################refresh#######################
###got sofa!(http://www.douban.com/group/topic/69690771/)
###got sofa!(http://www.douban.com/group/topic/69690769/)
###got sofa!(http://www.douban.com/group/topic/69690765/)
#######################refresh#######################
###got sofa!(http://www.douban.com/group/topic/69690771/)
too many connection resets (due to end of file reached - EOFError) after 42 requests on 36485220, last used 0.037946727 seconds ago
#######################refresh#######################
###got sofa!(http://www.douban.com/group/topic/69690838/)
###got sofa!(http://www.douban.com/group/topic/69690771/)
#######################refresh#######################
#######################refresh#######################
#######################refresh#######################
###got sofa!(http://www.douban.com/group/topic/69690908/)
###got sofa!(http://www.douban.com/group/topic/69690906/)
###got sofa!(http://www.douban.com/group/topic/69690904/)
#######################refresh#######################
###got sofa!(http://www.douban.com/group/topic/69690954/)
#######################refresh#######################
###got sofa!(http://www.douban.com/group/topic/69690995/)
###got sofa!(http://www.douban.com/group/topic/69690982/)
###got sofa!(http://www.douban.com/group/topic/69690954/)
#######################refresh#######################
###got sofa!(http://www.douban.com/group/topic/69690954/)
#######################refresh#######################
###got sofa!(http://www.douban.com/group/topic/69691081/)
###got sofa!(http://www.douban.com/group/topic/69691078/)
#######################refresh#######################
###got sofa!(http://www.douban.com/group/topic/69691114/)
###got sofa!(http://www.douban.com/group/topic/69691078/)
#######################refresh#######################
###got sofa!(http://www.douban.com/group/topic/69691156/)
#######################refresh#######################
###got sofa!(http://www.douban.com/group/topic/69691177/)
###got sofa!(http://www.douban.com/group/topic/69691170/)
###got sofa!(http://www.douban.com/group/topic/69691162/)
#######################refresh#######################
###got sofa!(http://www.douban.com/group/topic/69691219/)
###got sofa!(http://www.douban.com/group/topic/69691181/)
#######################refresh#######################
###got sofa!(http://www.douban.com/group/topic/69691237/)
#######################refresh#######################
###got sofa!(http://www.douban.com/group/topic/69691272/)
###got sofa!(http://www.douban.com/group/topic/69691264/)
#######################refresh#######################
###got sofa!(http://www.douban.com/group/topic/69691308/)
#######################refresh#######################
#######################refresh#######################
###got sofa!(http://www.douban.com/group/topic/69691353/)
###got sofa!(http://www.douban.com/group/topic/69691344/)
#######################refresh#######################
###got sofa!(http://www.douban.com/group/topic/69691397/)
###got sofa!(http://www.douban.com/group/topic/69691392/)
###got sofa!(http://www.douban.com/group/topic/69691372/)
###got sofa!(http://www.douban.com/group/topic/69691344/)
#######################refresh#######################
###got sofa!(http://www.douban.com/group/topic/69691450/)
###got sofa!(http://www.douban.com/group/topic/69691443/)
###got sofa!(http://www.douban.com/group/topic/69691392/)
#######################refresh#######################
###got sofa!(http://www.douban.com/group/topic/69691491/)
#######################refresh#######################
###got sofa!(http://www.douban.com/group/topic/69691517/)
###got sofa!(http://www.douban.com/group/topic/69691505/)
###got sofa!(http://www.douban.com/group/topic/69691502/)
###got sofa!(http://www.douban.com/group/topic/69691500/)
#######################refresh#######################
###got sofa!(http://www.douban.com/group/topic/69691559/)
###got sofa!(http://www.douban.com/group/topic/69691517/)
###got sofa!(http://www.douban.com/group/topic/69691500/)
#######################refresh#######################
###got sofa!(http://www.douban.com/group/topic/69691517/)
#######################refresh#######################
###got sofa!(http://www.douban.com/group/topic/69691638/)
#######################refresh#######################
###got sofa!(http://www.douban.com/group/topic/69691638/)
#######################refresh#######################
###got sofa!(http://www.douban.com/group/topic/69691680/)
###got sofa!(http://www.douban.com/group/topic/69691638/)
#######################refresh#######################
###got sofa!(http://www.douban.com/group/topic/69691734/)
too many connection resets (due to end of file reached - EOFError) after 10 requests on 36485220, last used 0.039591627 seconds ago
###got sofa!(http://www.douban.com/group/topic/69691711/)
###got sofa!(http://www.douban.com/group/topic/69691680/)
#######################refresh#######################
###got sofa!(http://www.douban.com/group/topic/69691769/)
###got sofa!(http://www.douban.com/group/topic/69691750/)
###got sofa!(http://www.douban.com/group/topic/69691711/)
#######################refresh#######################
###got sofa!(http://www.douban.com/group/topic/69691804/)
###got sofa!(http://www.douban.com/group/topic/69691780/)
###got sofa!(http://www.douban.com/group/topic/69691769/)
too many connection resets (due to Connection reset by peer - Errno::ECONNRESET) after 5 requests on 36485220, last used 0.146687359 seconds ago
#######################refresh#######################
###got sofa!(http://www.douban.com/group/topic/69691846/)
###got sofa!(http://www.douban.com/group/topic/69691780/)
#######################refresh#######################
###got sofa!(http://www.douban.com/group/topic/69691846/)
#######################refresh#######################
###got sofa!(http://www.douban.com/group/topic/69691913/)
###got sofa!(http://www.douban.com/group/topic/69691893/)
###got sofa!(http://www.douban.com/group/topic/69691846/)
#######################refresh#######################
###got sofa!(http://www.douban.com/group/topic/69691944/)
#######################refresh#######################
###got sofa!(http://www.douban.com/group/topic/69691978/)
###got sofa!(http://www.douban.com/group/topic/69691973/)
too many connection resets (due to end of file reached - EOFError) after 5 requests on 36485220, last used 0.024979159 seconds ago
###got sofa!(http://www.douban.com/group/topic/69691944/)
#######################refresh#######################
###got sofa!(http://www.douban.com/group/topic/69691984/)
###got sofa!(http://www.douban.com/group/topic/69691973/)
###got sofa!(http://www.douban.com/group/topic/69691944/)
#######################refresh#######################
###got sofa!(http://www.douban.com/group/topic/69692032/)
#######################refresh#######################
###got sofa!(http://www.douban.com/group/topic/69692089/)
###got sofa!(http://www.douban.com/group/topic/69692084/)
###got sofa!(http://www.douban.com/group/topic/69692065/)
#######################refresh#######################
###got sofa!(http://www.douban.com/group/topic/69692142/)
#######################refresh#######################
###got sofa!(http://www.douban.com/group/topic/69692167/)
too many connection resets (due to end of file reached - EOFError) after 18 requests on 36485220, last used 0.023789621 seconds ago
###got sofa!(http://www.douban.com/group/topic/69692142/)
#######################refresh#######################
#######################refresh#######################
###got sofa!(http://www.douban.com/group/topic/69692224/)
#######################refresh#######################
###got sofa!(http://www.douban.com/group/topic/69692259/)
###got sofa!(http://www.douban.com/group/topic/69692257/)
###got sofa!(http://www.douban.com/group/topic/69692242/)
###got sofa!(http://www.douban.com/group/topic/69692224/)
404 => Net::HTTPNotFound for http://www.douban.com/group/topic/63769266/ -- unhandled response
404 => Net::HTTPNotFound for http://www.douban.com/group/topic/69464774/ -- unhandled response
#######################refresh#######################
###got sofa!(http://www.douban.com/group/topic/69692291/)
###got sofa!(http://www.douban.com/group/topic/69692242/)
###got sofa!(http://www.douban.com/group/topic/69692224/)
#######################refresh#######################
###got sofa!(http://www.douban.com/group/topic/69692354/)
###got sofa!(http://www.douban.com/group/topic/69692352/)
###got sofa!(http://www.douban.com/group/topic/69692291/)
###got sofa!(http://www.douban.com/group/topic/69692242/)
###got sofa!(http://www.douban.com/group/topic/69692224/)
#######################refresh#######################
###got sofa!(http://www.douban.com/group/topic/69692419/)
###got sofa!(http://www.douban.com/group/topic/69692413/)
#######################refresh#######################
###got sofa!(http://www.douban.com/group/topic/69692454/)
###got sofa!(http://www.douban.com/group/topic/69692439/)
404 => Net::HTTPNotFound for http://www.douban.com/group/topic/69692437/ -- unhandled response
###got sofa!(http://www.douban.com/group/topic/69692434/)
#######################refresh#######################
###got sofa!(http://www.douban.com/group/topic/69692483/)
###got sofa!(http://www.douban.com/group/topic/69692481/)
###got sofa!(http://www.douban.com/group/topic/69692460/)
#######################refresh#######################
###got sofa!(http://www.douban.com/group/topic/69692483/)
#######################refresh#######################
###got sofa!(http://www.douban.com/group/topic/69692572/)
#######################refresh#######################
#######################refresh#######################
#######################refresh#######################
###got sofa!(http://www.douban.com/group/topic/69692628/)
#######################refresh#######################
###got sofa!(http://www.douban.com/group/topic/69692650/)
too many connection resets (due to end of file reached - EOFError) after 7 requests on 36485220, last used 0.022947337 seconds ago
###got sofa!(http://www.douban.com/group/topic/69692642/)
#######################refresh#######################
###got sofa!(http://www.douban.com/group/topic/69692674/)
###got sofa!(http://www.douban.com/group/topic/69692657/)
#######################refresh#######################
###got sofa!(http://www.douban.com/group/topic/69692657/)
#######################refresh#######################
###got sofa!(http://www.douban.com/group/topic/69692657/)
#######################refresh#######################
###got sofa!(http://www.douban.com/group/topic/69692744/)
###got sofa!(http://www.douban.com/group/topic/69692739/)
#######################refresh#######################
###got sofa!(http://www.douban.com/group/topic/69692760/)
#######################refresh#######################
###got sofa!(http://www.douban.com/group/topic/69692792/)
#######################refresh#######################
###got sofa!(http://www.douban.com/group/topic/69692810/)
#######################refresh#######################
###got sofa!(http://www.douban.com/group/topic/69692838/)
###got sofa!(http://www.douban.com/group/topic/69692836/)
#######################refresh#######################
###got sofa!(http://www.douban.com/group/topic/69692873/)
###got sofa!(http://www.douban.com/group/topic/69692838/)
#######################refresh#######################
###got sofa!(http://www.douban.com/group/topic/69692882/)
###got sofa!(http://www.douban.com/group/topic/69692838/)
too many connection resets (due to Connection reset by peer - Errno::ECONNRESET) after 11 requests on 36485220, last used 0.139506 seconds ago
#######################refresh#######################
###got sofa!(http://www.douban.com/group/topic/69692882/)
###got sofa!(http://www.douban.com/group/topic/69692838/)
#######################refresh#######################
#######################refresh#######################
###got sofa!(http://www.douban.com/group/topic/69692960/)
#######################refresh#######################
###got sofa!(http://www.douban.com/group/topic/69692987/)
###got sofa!(http://www.douban.com/group/topic/69692974/)
#######################refresh#######################
###got sofa!(http://www.douban.com/group/topic/69692996/)
###got sofa!(http://www.douban.com/group/topic/69692974/)
#######################refresh#######################
#######################refresh#######################
###got sofa!(http://www.douban.com/group/topic/69693065/)
#######################refresh#######################
###got sofa!(http://www.douban.com/group/topic/69693078/)
#######################refresh#######################
###got sofa!(http://www.douban.com/group/topic/69693101/)
###got sofa!(http://www.douban.com/group/topic/69693078/)
#######################refresh#######################
###got sofa!(http://www.douban.com/group/topic/69693135/)
###got sofa!(http://www.douban.com/group/topic/69693101/)
###got sofa!(http://www.douban.com/group/topic/69693078/)
#######################refresh#######################
###got sofa!(http://www.douban.com/group/topic/69693195/)
###got sofa!(http://www.douban.com/group/topic/69693191/)
404 => Net::HTTPNotFound for http://www.douban.com/group/topic/69693190/ -- unhandled response
###got sofa!(http://www.douban.com/group/topic/69693078/)
#######################refresh#######################
###got sofa!(http://www.douban.com/group/topic/69693226/)
###got sofa!(http://www.douban.com/group/topic/69693195/)
#######################refresh#######################
###got sofa!(http://www.douban.com/group/topic/69693268/)
###got sofa!(http://www.douban.com/group/topic/69693195/)
#######################refresh#######################
#######################refresh#######################
###got sofa!(http://www.douban.com/group/topic/69693309/)
#######################refresh#######################
###got sofa!(http://www.douban.com/group/topic/69693344/)
###got sofa!(http://www.douban.com/group/topic/69693309/)
#######################refresh#######################
###got sofa!(http://www.douban.com/group/topic/69693309/)
#######################refresh#######################
###got sofa!(http://www.douban.com/group/topic/69693423/)
###got sofa!(http://www.douban.com/group/topic/69693407/)
404 => Net::HTTPNotFound for http://www.douban.com/group/topic/69693309/ -- unhandled response
#######################refresh#######################
###got sofa!(http://www.douban.com/group/topic/69693446/)
###got sofa!(http://www.douban.com/group/topic/69693444/)
###got sofa!(http://www.douban.com/group/topic/69693407/)
#######################refresh#######################
###got sofa!(http://www.douban.com/group/topic/69693477/)
#######################refresh#######################
###got sofa!(http://www.douban.com/group/topic/69693477/)
#######################refresh#######################
###got sofa!(http://www.douban.com/group/topic/69693526/)
###got sofa!(http://www.douban.com/group/topic/69693515/)
###got sofa!(http://www.douban.com/group/topic/69693507/)
###got sofa!(http://www.douban.com/group/topic/69693477/)
#######################refresh#######################
#######################refresh#######################
#######################refresh#######################
###got sofa!(http://www.douban.com/group/topic/69693596/)
#######################refresh#######################
###got sofa!(http://www.douban.com/group/topic/69693616/)
#######################refresh#######################
###got sofa!(http://www.douban.com/group/topic/69693638/)
###got sofa!(http://www.douban.com/group/topic/69693616/)
#######################refresh#######################
###got sofa!(http://www.douban.com/group/topic/69693638/)
###got sofa!(http://www.douban.com/group/topic/69693616/)
#######################refresh#######################
###got sofa!(http://www.douban.com/group/topic/69693703/)
###got sofa!(http://www.douban.com/group/topic/69693702/)
###got sofa!(http://www.douban.com/group/topic/69693638/)
###got sofa!(http://www.douban.com/group/topic/69693616/)
#######################refresh#######################
###got sofa!(http://www.douban.com/group/topic/69693752/)
###got sofa!(http://www.douban.com/group/topic/69693638/)
#######################refresh#######################
###got sofa!(http://www.douban.com/group/topic/69693790/)
#######################refresh#######################
###got sofa!(http://www.douban.com/group/topic/69693806/)
#######################refresh#######################
#######################refresh#######################
#######################refresh#######################
###got sofa!(http://www.douban.com/group/topic/69693855/)
#######################refresh#######################
#######################refresh#######################
###got sofa!(http://www.douban.com/group/topic/69693885/)
#######################refresh#######################
###got sofa!(http://www.douban.com/group/topic/69693900/)
###got sofa!(http://www.douban.com/group/topic/69693891/)
#######################refresh#######################
404 => Net::HTTPNotFound for http://www.douban.com/group/topic/69693914/ -- unhandled response
#######################refresh#######################
###got sofa!(http://www.douban.com/group/topic/69693928/)
#######################refresh#######################
###got sofa!(http://www.douban.com/group/topic/69693948/)
###got sofa!(http://www.douban.com/group/topic/69693938/)
#######################refresh#######################
#######################refresh#######################
#######################refresh#######################
#######################refresh#######################
###got sofa!(http://www.douban.com/group/topic/69694000/)
#######################refresh#######################
###got sofa!(http://www.douban.com/group/topic/69694028/)
#######################refresh#######################
#######################refresh#######################
#######################refresh#######################
###got sofa!(http://www.douban.com/group/topic/69694104/)
#######################refresh#######################
###got sofa!(http://www.douban.com/group/topic/69694127/)
###got sofa!(http://www.douban.com/group/topic/69694124/)
###got sofa!(http://www.douban.com/group/topic/69694109/)
#######################refresh#######################
#######################refresh#######################
###got sofa!(http://www.douban.com/group/topic/69694186/)
###got sofa!(http://www.douban.com/group/topic/69694172/)
#######################refresh#######################
###got sofa!(http://www.douban.com/group/topic/69694211/)
###got sofa!(http://www.douban.com/group/topic/69694191/)
#######################refresh#######################
###got sofa!(http://www.douban.com/group/topic/69694229/)
#######################refresh#######################
###got sofa!(http://www.douban.com/group/topic/69694294/)
###got sofa!(http://www.douban.com/group/topic/69694282/)
###got sofa!(http://www.douban.com/group/topic/69694266/)
###got sofa!(http://www.douban.com/group/topic/69694264/)
###got sofa!(http://www.douban.com/group/topic/69694244/)
#######################refresh#######################
###got sofa!(http://www.douban.com/group/topic/69694335/)
#######################refresh#######################
###got sofa!(http://www.douban.com/group/topic/69694370/)
###got sofa!(http://www.douban.com/group/topic/69694367/)
#######################refresh#######################
###got sofa!(http://www.douban.com/group/topic/69694389/)
#######################refresh#######################
#######################refresh#######################
###got sofa!(http://www.douban.com/group/topic/69694432/)
#######################refresh#######################
#######################refresh#######################
###got sofa!(http://www.douban.com/group/topic/69694487/)
###got sofa!(http://www.douban.com/group/topic/69694486/)
###got sofa!(http://www.douban.com/group/topic/69694484/)
###got sofa!(http://www.douban.com/group/topic/69694479/)
#######################refresh#######################
###got sofa!(http://www.douban.com/group/topic/69694529/)
###got sofa!(http://www.douban.com/group/topic/69694516/)
###got sofa!(http://www.douban.com/group/topic/69694490/)
#######################refresh#######################
#######################refresh#######################
###got sofa!(http://www.douban.com/group/topic/69694568/)
###got sofa!(http://www.douban.com/group/topic/69694566/)
#######################refresh#######################
###got sofa!(http://www.douban.com/group/topic/69694605/)
###got sofa!(http://www.douban.com/group/topic/69694574/)
#######################refresh#######################
###got sofa!(http://www.douban.com/group/topic/69694632/)
###got sofa!(http://www.douban.com/group/topic/69694574/)
#######################refresh#######################
###got sofa!(http://www.douban.com/group/topic/69694643/)
###got sofa!(http://www.douban.com/group/topic/69694574/)
#######################refresh#######################
###got sofa!(http://www.douban.com/group/topic/69694643/)
###got sofa!(http://www.douban.com/group/topic/69694574/)
#######################refresh#######################
###got sofa!(http://www.douban.com/group/topic/69694725/)
###got sofa!(http://www.douban.com/group/topic/69694723/)
#######################refresh#######################
###got sofa!(http://www.douban.com/group/topic/69694756/)
#######################refresh#######################
#######################refresh#######################
#######################refresh#######################
###got sofa!(http://www.douban.com/group/topic/69694814/)
###got sofa!(http://www.douban.com/group/topic/69694809/)
#######################refresh#######################
###got sofa!(http://www.douban.com/group/topic/69694847/)
###got sofa!(http://www.douban.com/group/topic/69694842/)
#######################refresh#######################
###got sofa!(http://www.douban.com/group/topic/69694880/)
too many connection resets (due to end of file reached - EOFError) after 16 requests on 36485220, last used 0.022460124 seconds ago
###got sofa!(http://www.douban.com/group/topic/69694874/)
###got sofa!(http://www.douban.com/group/topic/69694842/)
#######################refresh#######################
###got sofa!(http://www.douban.com/group/topic/69694912/)
###got sofa!(http://www.douban.com/group/topic/69694894/)
###got sofa!(http://www.douban.com/group/topic/69694880/)
###got sofa!(http://www.douban.com/group/topic/69694874/)
###got sofa!(http://www.douban.com/group/topic/69694842/)
#######################refresh#######################
###got sofa!(http://www.douban.com/group/topic/69694958/)
###got sofa!(http://www.douban.com/group/topic/69694943/)
###got sofa!(http://www.douban.com/group/topic/69694894/)
###got sofa!(http://www.douban.com/group/topic/69694880/)
###got sofa!(http://www.douban.com/group/topic/69694874/)
#######################refresh#######################
###got sofa!(http://www.douban.com/group/topic/69694894/)
###got sofa!(http://www.douban.com/group/topic/69694880/)
###got sofa!(http://www.douban.com/group/topic/69694874/)
#######################refresh#######################
###got sofa!(http://www.douban.com/group/topic/69694894/)
#######################refresh#######################
###got sofa!(http://www.douban.com/group/topic/69694894/)
#######################refresh#######################
#######################refresh#######################
#######################refresh#######################
###got sofa!(http://www.douban.com/group/topic/69695138/)
###got sofa!(http://www.douban.com/group/topic/69695133/)
#######################refresh#######################
###got sofa!(http://www.douban.com/group/topic/69695133/)
#######################refresh#######################
###got sofa!(http://www.douban.com/group/topic/69695133/)
#######################refresh#######################
###got sofa!(http://www.douban.com/group/topic/69695216/)
too many connection resets (due to end of file reached - EOFError) after 12 requests on 36485220, last used 0.022693672 seconds ago
#######################refresh#######################
###got sofa!(http://www.douban.com/group/topic/69695238/)
###got sofa!(http://www.douban.com/group/topic/69695216/)
#######################refresh#######################
###got sofa!(http://www.douban.com/group/topic/69695250/)
###got sofa!(http://www.douban.com/group/topic/69695216/)
#######################refresh#######################
###got sofa!(http://www.douban.com/group/topic/69695250/)
###got sofa!(http://www.douban.com/group/topic/69695216/)
#######################refresh#######################
###got sofa!(http://www.douban.com/group/topic/69695338/)
###got sofa!(http://www.douban.com/group/topic/69695250/)
###got sofa!(http://www.douban.com/group/topic/69695216/)
#######################refresh#######################
###got sofa!(http://www.douban.com/group/topic/69695355/)
###got sofa!(http://www.douban.com/group/topic/69695352/)
###got sofa!(http://www.douban.com/group/topic/69695216/)
#######################refresh#######################
###got sofa!(http://www.douban.com/group/topic/69695410/)
###got sofa!(http://www.douban.com/group/topic/69695355/)
###got sofa!(http://www.douban.com/group/topic/69695352/)
#######################refresh#######################
###got sofa!(http://www.douban.com/group/topic/69695459/)
###got sofa!(http://www.douban.com/group/topic/69695440/)
###got sofa!(http://www.douban.com/group/topic/69695355/)
###got sofa!(http://www.douban.com/group/topic/69695352/)
#######################refresh#######################
###got sofa!(http://www.douban.com/group/topic/69695507/)
###got sofa!(http://www.douban.com/group/topic/69695459/)
too many connection resets (due to end of file reached - EOFError) after 20 requests on 36485220, last used 0.020954061 seconds ago
###got sofa!(http://www.douban.com/group/topic/69695440/)
#######################refresh#######################
###got sofa!(http://www.douban.com/group/topic/69695536/)
###got sofa!(http://www.douban.com/group/topic/69695507/)
###got sofa!(http://www.douban.com/group/topic/69695440/)
#######################refresh#######################
###got sofa!(http://www.douban.com/group/topic/69695554/)
###got sofa!(http://www.douban.com/group/topic/69695507/)
###got sofa!(http://www.douban.com/group/topic/69695440/)
#######################refresh#######################
###got sofa!(http://www.douban.com/group/topic/69695637/)
###got sofa!(http://www.douban.com/group/topic/69695507/)
#######################refresh#######################
###got sofa!(http://www.douban.com/group/topic/69695674/)
###got sofa!(http://www.douban.com/group/topic/69695666/)
###got sofa!(http://www.douban.com/group/topic/69695637/)
###got sofa!(http://www.douban.com/group/topic/69695507/)
#######################refresh#######################
###got sofa!(http://www.douban.com/group/topic/69695725/)
###got sofa!(http://www.douban.com/group/topic/69695666/)
###got sofa!(http://www.douban.com/group/topic/69695637/)
###got sofa!(http://www.douban.com/group/topic/69695507/)
#######################refresh#######################
###got sofa!(http://www.douban.com/group/topic/69695774/)
###got sofa!(http://www.douban.com/group/topic/69695666/)
###got sofa!(http://www.douban.com/group/topic/69695637/)
#######################refresh#######################
###got sofa!(http://www.douban.com/group/topic/69695800/)
###got sofa!(http://www.douban.com/group/topic/69695637/)
#######################refresh#######################
###got sofa!(http://www.douban.com/group/topic/69695800/)
###got sofa!(http://www.douban.com/group/topic/69695637/)
#######################refresh#######################
###got sofa!(http://www.douban.com/group/topic/69695899/)
###got sofa!(http://www.douban.com/group/topic/69695637/)
#######################refresh#######################
###got sofa!(http://www.douban.com/group/topic/69695917/)
#######################refresh#######################
###got sofa!(http://www.douban.com/group/topic/69695917/)
#######################refresh#######################
###got sofa!(http://www.douban.com/group/topic/69695979/)
###got sofa!(http://www.douban.com/group/topic/69695917/)
#######################refresh#######################
###got sofa!(http://www.douban.com/group/topic/69695917/)
#######################refresh#######################
###got sofa!(http://www.douban.com/group/topic/69695917/)
#######################refresh#######################
###got sofa!(http://www.douban.com/group/topic/69695917/)
#######################refresh#######################
###got sofa!(http://www.douban.com/group/topic/69696079/)
###got sofa!(http://www.douban.com/group/topic/69695917/)
#######################refresh#######################
###got sofa!(http://www.douban.com/group/topic/69696109/)
###got sofa!(http://www.douban.com/group/topic/69696103/)
###got sofa!(http://www.douban.com/group/topic/69695917/)
#######################refresh#######################
###got sofa!(http://www.douban.com/group/topic/69696103/)
###got sofa!(http://www.douban.com/group/topic/69695917/)
#######################refresh#######################
###got sofa!(http://www.douban.com/group/topic/69696103/)
###got sofa!(http://www.douban.com/group/topic/69695917/)
#######################refresh#######################
###got sofa!(http://www.douban.com/group/topic/69696208/)
###got sofa!(http://www.douban.com/group/topic/69696103/)
#######################refresh#######################
###got sofa!(http://www.douban.com/group/topic/69696227/)
###got sofa!(http://www.douban.com/group/topic/69696103/)
#######################refresh#######################
###got sofa!(http://www.douban.com/group/topic/69696275/)
###got sofa!(http://www.douban.com/group/topic/69696247/)
###got sofa!(http://www.douban.com/group/topic/69696227/)
###got sofa!(http://www.douban.com/group/topic/69696103/)
#######################refresh#######################
###got sofa!(http://www.douban.com/group/topic/69696340/)
###got sofa!(http://www.douban.com/group/topic/69696301/)
###got sofa!(http://www.douban.com/group/topic/69696275/)
#######################refresh#######################
###got sofa!(http://www.douban.com/group/topic/69696398/)
###got sofa!(http://www.douban.com/group/topic/69696390/)
###got sofa!(http://www.douban.com/group/topic/69696370/)
###got sofa!(http://www.douban.com/group/topic/69696340/)
###got sofa!(http://www.douban.com/group/topic/69696275/)
#######################refresh#######################
###got sofa!(http://www.douban.com/group/topic/69696370/)
###got sofa!(http://www.douban.com/group/topic/69696275/)
#######################refresh#######################
###got sofa!(http://www.douban.com/group/topic/69696483/)
###got sofa!(http://www.douban.com/group/topic/69696482/)
###got sofa!(http://www.douban.com/group/topic/69696370/)
###got sofa!(http://www.douban.com/group/topic/69696275/)
#######################refresh#######################
###got sofa!(http://www.douban.com/group/topic/69696483/)
###got sofa!(http://www.douban.com/group/topic/69696370/)
###got sofa!(http://www.douban.com/group/topic/69696275/)
#######################refresh#######################
###got sofa!(http://www.douban.com/group/topic/69696561/)
###got sofa!(http://www.douban.com/group/topic/69696548/)
###got sofa!(http://www.douban.com/group/topic/69696483/)
###got sofa!(http://www.douban.com/group/topic/69696370/)
#######################refresh#######################
###got sofa!(http://www.douban.com/group/topic/69696614/)
###got sofa!(http://www.douban.com/group/topic/69696580/)
###got sofa!(http://www.douban.com/group/topic/69696548/)
###got sofa!(http://www.douban.com/group/topic/69696483/)
###got sofa!(http://www.douban.com/group/topic/69696370/)
#######################refresh#######################
###got sofa!(http://www.douban.com/group/topic/69696675/)
###got sofa!(http://www.douban.com/group/topic/69696370/)
#######################refresh#######################
###got sofa!(http://www.douban.com/group/topic/69696731/)
###got sofa!(http://www.douban.com/group/topic/69696728/)
###got sofa!(http://www.douban.com/group/topic/69696725/)
###got sofa!(http://www.douban.com/group/topic/69696675/)
#######################refresh#######################
###got sofa!(http://www.douban.com/group/topic/69696769/)
###got sofa!(http://www.douban.com/group/topic/69696675/)
#######################refresh#######################
###got sofa!(http://www.douban.com/group/topic/69696818/)
###got sofa!(http://www.douban.com/group/topic/69696769/)
#######################refresh#######################
###got sofa!(http://www.douban.com/group/topic/69696865/)
###got sofa!(http://www.douban.com/group/topic/69696769/)
#######################refresh#######################
###got sofa!(http://www.douban.com/group/topic/69696893/)
###got sofa!(http://www.douban.com/group/topic/69696865/)
#######################refresh#######################
###got sofa!(http://www.douban.com/group/topic/69696949/)
too many connection resets (due to end of file reached - EOFError) after 5 requests on 36485220, last used 0.023581213 seconds ago
###got sofa!(http://www.douban.com/group/topic/69696946/)
###got sofa!(http://www.douban.com/group/topic/69696893/)
###got sofa!(http://www.douban.com/group/topic/69696865/)
#######################refresh#######################
###got sofa!(http://www.douban.com/group/topic/69696987/)
###got sofa!(http://www.douban.com/group/topic/69696893/)
#######################refresh#######################
###got sofa!(http://www.douban.com/group/topic/69696987/)
###got sofa!(http://www.douban.com/group/topic/69696893/)
#######################refresh#######################
###got sofa!(http://www.douban.com/group/topic/69696893/)
#######################refresh#######################
###got sofa!(http://www.douban.com/group/topic/69696893/)
#######################refresh#######################
###got sofa!(http://www.douban.com/group/topic/69696893/)
#######################refresh#######################
###got sofa!(http://www.douban.com/group/topic/69696893/)
#######################refresh#######################
###got sofa!(http://www.douban.com/group/topic/69697176/)
#######################refresh#######################
###got sofa!(http://www.douban.com/group/topic/69697217/)
#######################refresh#######################
#######################refresh#######################
#######################refresh#######################
#######################refresh#######################
###got sofa!(http://www.douban.com/group/topic/69697315/)
###got sofa!(http://www.douban.com/group/topic/69697312/)
#######################refresh#######################
###got sofa!(http://www.douban.com/group/topic/69697344/)
#######################refresh#######################
###got sofa!(http://www.douban.com/group/topic/69697389/)
#######################refresh#######################
###got sofa!(http://www.douban.com/group/topic/69697440/)
#######################refresh#######################
#######################refresh#######################
#######################refresh#######################
#######################refresh#######################
###got sofa!(http://www.douban.com/group/topic/69697506/)
#######################refresh#######################
#######################refresh#######################
###got sofa!(http://www.douban.com/group/topic/69697567/)
404 => Net::HTTPNotFound for http://www.douban.com/group/topic/69697541/ -- unhandled response
404 => Net::HTTPNotFound for http://www.douban.com/group/topic/69697513/ -- unhandled response
#######################refresh#######################
###got sofa!(http://www.douban.com/group/topic/69697604/)
#######################refresh#######################
###got sofa!(http://www.douban.com/group/topic/69697632/)
#######################refresh#######################
###got sofa!(http://www.douban.com/group/topic/69697680/)
#######################refresh#######################
###got sofa!(http://www.douban.com/group/topic/69697705/)
###got sofa!(http://www.douban.com/group/topic/69697685/)
#######################refresh#######################
###got sofa!(http://www.douban.com/group/topic/69697748/)
###got sofa!(http://www.douban.com/group/topic/69697746/)
#######################refresh#######################
###got sofa!(http://www.douban.com/group/topic/69697785/)
#######################refresh#######################
#######################refresh#######################
###got sofa!(http://www.douban.com/group/topic/69697822/)
#######################refresh#######################
###got sofa!(http://www.douban.com/group/topic/69697851/)
###got sofa!(http://www.douban.com/group/topic/69697840/)
###got sofa!(http://www.douban.com/group/topic/69697830/)
#######################refresh#######################
###got sofa!(http://www.douban.com/group/topic/69697893/)
###got sofa!(http://www.douban.com/group/topic/69697880/)
###got sofa!(http://www.douban.com/group/topic/69697830/)
#######################refresh#######################
###got sofa!(http://www.douban.com/group/topic/69697880/)
###got sofa!(http://www.douban.com/group/topic/69697830/)
#######################refresh#######################
###got sofa!(http://www.douban.com/group/topic/69697950/)
###got sofa!(http://www.douban.com/group/topic/69697880/)
###got sofa!(http://www.douban.com/group/topic/69697830/)
#######################refresh#######################
###got sofa!(http://www.douban.com/group/topic/69697982/)
###got sofa!(http://www.douban.com/group/topic/69697965/)
###got sofa!(http://www.douban.com/group/topic/69697950/)
###got sofa!(http://www.douban.com/group/topic/69697880/)
###got sofa!(http://www.douban.com/group/topic/69697830/)
#######################refresh#######################
###got sofa!(http://www.douban.com/group/topic/69698092/)
###got sofa!(http://www.douban.com/group/topic/69697982/)
###got sofa!(http://www.douban.com/group/topic/69697965/)
###got sofa!(http://www.douban.com/group/topic/69697950/)
###got sofa!(http://www.douban.com/group/topic/69697880/)
#######################refresh#######################
###got sofa!(http://www.douban.com/group/topic/69698134/)
404 => Net::HTTPNotFound for http://www.douban.com/group/topic/69698127/ -- unhandled response
###got sofa!(http://www.douban.com/group/topic/69698120/)
###got sofa!(http://www.douban.com/group/topic/69698092/)
###got sofa!(http://www.douban.com/group/topic/69697982/)
###got sofa!(http://www.douban.com/group/topic/69697950/)
###got sofa!(http://www.douban.com/group/topic/69697880/)
#######################refresh#######################
###got sofa!(http://www.douban.com/group/topic/69698207/)
###got sofa!(http://www.douban.com/group/topic/69698195/)
###got sofa!(http://www.douban.com/group/topic/69697982/)
###got sofa!(http://www.douban.com/group/topic/69697880/)
#######################refresh#######################
###got sofa!(http://www.douban.com/group/topic/69698261/)
###got sofa!(http://www.douban.com/group/topic/69698207/)
###got sofa!(http://www.douban.com/group/topic/69697880/)
#######################refresh#######################
###got sofa!(http://www.douban.com/group/topic/69698300/)
###got sofa!(http://www.douban.com/group/topic/69697880/)
#######################refresh#######################
###got sofa!(http://www.douban.com/group/topic/69698354/)
###got sofa!(http://www.douban.com/group/topic/69698300/)
###got sofa!(http://www.douban.com/group/topic/69697880/)
#######################refresh#######################
###got sofa!(http://www.douban.com/group/topic/69698412/)
###got sofa!(http://www.douban.com/group/topic/69698398/)
###got sofa!(http://www.douban.com/group/topic/69697880/)
#######################refresh#######################
###got sofa!(http://www.douban.com/group/topic/69698425/)
#######################refresh#######################
###got sofa!(http://www.douban.com/group/topic/69698425/)
#######################refresh#######################
###got sofa!(http://www.douban.com/group/topic/69698425/)
#######################refresh#######################
###got sofa!(http://www.douban.com/group/topic/69698543/)
###got sofa!(http://www.douban.com/group/topic/69698523/)
###got sofa!(http://www.douban.com/group/topic/69698425/)
#######################refresh#######################
###got sofa!(http://www.douban.com/group/topic/69698523/)
###got sofa!(http://www.douban.com/group/topic/69698425/)
#######################refresh#######################
###got sofa!(http://www.douban.com/group/topic/69698636/)
###got sofa!(http://www.douban.com/group/topic/69698611/)
###got sofa!(http://www.douban.com/group/topic/69698523/)
###got sofa!(http://www.douban.com/group/topic/69698425/)
#######################refresh#######################
###got sofa!(http://www.douban.com/group/topic/69698611/)
###got sofa!(http://www.douban.com/group/topic/69698425/)
#######################refresh#######################
###got sofa!(http://www.douban.com/group/topic/69698611/)
###got sofa!(http://www.douban.com/group/topic/69698425/)
#######################refresh#######################
###got sofa!(http://www.douban.com/group/topic/69698765/)
###got sofa!(http://www.douban.com/group/topic/69698425/)
#######################refresh#######################
###got sofa!(http://www.douban.com/group/topic/69698787/)
###got sofa!(http://www.douban.com/group/topic/69698785/)
#######################refresh#######################
###got sofa!(http://www.douban.com/group/topic/69698820/)
###got sofa!(http://www.douban.com/group/topic/69698787/)
###got sofa!(http://www.douban.com/group/topic/69698785/)
#######################refresh#######################
###got sofa!(http://www.douban.com/group/topic/69698871/)
###got sofa!(http://www.douban.com/group/topic/69698820/)
###got sofa!(http://www.douban.com/group/topic/69698787/)
###got sofa!(http://www.douban.com/group/topic/69698785/)
#######################refresh#######################
###got sofa!(http://www.douban.com/group/topic/69698820/)
###got sofa!(http://www.douban.com/group/topic/69698787/)
###got sofa!(http://www.douban.com/group/topic/69698785/)
#######################refresh#######################
###got sofa!(http://www.douban.com/group/topic/69698977/)
###got sofa!(http://www.douban.com/group/topic/69698970/)
404 => Net::HTTPNotFound for http://www.douban.com/group/topic/69698966/ -- unhandled response
###got sofa!(http://www.douban.com/group/topic/69698945/)
###got sofa!(http://www.douban.com/group/topic/69698820/)
###got sofa!(http://www.douban.com/group/topic/69698785/)
#######################refresh#######################
###got sofa!(http://www.douban.com/group/topic/69699032/)
###got sofa!(http://www.douban.com/group/topic/69698820/)
###got sofa!(http://www.douban.com/group/topic/69698785/)
#######################refresh#######################
###got sofa!(http://www.douban.com/group/topic/69699085/)
###got sofa!(http://www.douban.com/group/topic/69698820/)
###got sofa!(http://www.douban.com/group/topic/69698785/)
#######################refresh#######################
###got sofa!(http://www.douban.com/group/topic/69699085/)
###got sofa!(http://www.douban.com/group/topic/69698820/)
###got sofa!(http://www.douban.com/group/topic/69698785/)
#######################refresh#######################
###got sofa!(http://www.douban.com/group/topic/69699085/)
#######################refresh#######################
###got sofa!(http://www.douban.com/group/topic/69699207/)
###got sofa!(http://www.douban.com/group/topic/69699085/)
#######################refresh#######################
###got sofa!(http://www.douban.com/group/topic/69699085/)
#######################refresh#######################
###got sofa!(http://www.douban.com/group/topic/69699276/)
###got sofa!(http://www.douban.com/group/topic/69699273/)
###got sofa!(http://www.douban.com/group/topic/69699267/)
###got sofa!(http://www.douban.com/group/topic/69699085/)
###got sofa!(http://www.douban.com/group/topic/69699260/)
#######################refresh#######################
###got sofa!(http://www.douban.com/group/topic/69699319/)
###got sofa!(http://www.douban.com/group/topic/69699312/)
#######################refresh#######################
###got sofa!(http://www.douban.com/group/topic/69699312/)
#######################refresh#######################
#######################refresh#######################
#######################refresh#######################
###got sofa!(http://www.douban.com/group/topic/69699425/)
###got sofa!(http://www.douban.com/group/topic/69699416/)
#######################refresh#######################
#######################refresh#######################
#######################refresh#######################
#######################refresh#######################
#######################refresh#######################
#######################refresh#######################
###got sofa!(http://www.douban.com/group/topic/69699531/)
#######################refresh#######################
###got sofa!(http://www.douban.com/group/topic/69699569/)
###got sofa!(http://www.douban.com/group/topic/69699560/)
#######################refresh#######################
###got sofa!(http://www.douban.com/group/topic/69699560/)
#######################refresh#######################
###got sofa!(http://www.douban.com/group/topic/69699602/)
###got sofa!(http://www.douban.com/group/topic/69699560/)
#######################refresh#######################
###got sofa!(http://www.douban.com/group/topic/69699560/)
#######################refresh#######################
###got sofa!(http://www.douban.com/group/topic/69699664/)
###got sofa!(http://www.douban.com/group/topic/69699560/)
#######################refresh#######################
###got sofa!(http://www.douban.com/group/topic/69699695/)
###got sofa!(http://www.douban.com/group/topic/69699664/)
###got sofa!(http://www.douban.com/group/topic/69699560/)
#######################refresh#######################
###got sofa!(http://www.douban.com/group/topic/69699695/)
###got sofa!(http://www.douban.com/group/topic/69699664/)
#######################refresh#######################
###got sofa!(http://www.douban.com/group/topic/69699763/)
###got sofa!(http://www.douban.com/group/topic/69699695/)
###got sofa!(http://www.douban.com/group/topic/69699664/)
#######################refresh#######################
###got sofa!(http://www.douban.com/group/topic/69699777/)
###got sofa!(http://www.douban.com/group/topic/69699695/)
###got sofa!(http://www.douban.com/group/topic/69699664/)
#######################refresh#######################
###got sofa!(http://www.douban.com/group/topic/69699831/)
###got sofa!(http://www.douban.com/group/topic/69699664/)
#######################refresh#######################
###got sofa!(http://www.douban.com/group/topic/69699831/)
###got sofa!(http://www.douban.com/group/topic/69699664/)
#######################refresh#######################
###got sofa!(http://www.douban.com/group/topic/69699831/)
###got sofa!(http://www.douban.com/group/topic/69699664/)
#######################refresh#######################
###got sofa!(http://www.douban.com/group/topic/69699926/)
###got sofa!(http://www.douban.com/group/topic/69699831/)
#######################refresh#######################
###got sofa!(http://www.douban.com/group/topic/69699940/)
###got sofa!(http://www.douban.com/group/topic/69699926/)
#######################refresh#######################
###got sofa!(http://www.douban.com/group/topic/69699975/)
###got sofa!(http://www.douban.com/group/topic/69699940/)
###got sofa!(http://www.douban.com/group/topic/69699926/)
#######################refresh#######################
###got sofa!(http://www.douban.com/group/topic/69699975/)
###got sofa!(http://www.douban.com/group/topic/69699940/)
###got sofa!(http://www.douban.com/group/topic/69699926/)
#######################refresh#######################
###got sofa!(http://www.douban.com/group/topic/69700066/)
###got sofa!(http://www.douban.com/group/topic/69699975/)
###got sofa!(http://www.douban.com/group/topic/69699940/)
#######################refresh#######################
###got sofa!(http://www.douban.com/group/topic/69700066/)
###got sofa!(http://www.douban.com/group/topic/69699940/)
#######################refresh#######################
###got sofa!(http://www.douban.com/group/topic/69700066/)
###got sofa!(http://www.douban.com/group/topic/69699940/)
#######################refresh#######################
###got sofa!(http://www.douban.com/group/topic/69700148/)
###got sofa!(http://www.douban.com/group/topic/69700066/)
###got sofa!(http://www.douban.com/group/topic/69699940/)
#######################refresh#######################
###got sofa!(http://www.douban.com/group/topic/69700066/)
###got sofa!(http://www.douban.com/group/topic/69699940/)
#######################refresh#######################
###got sofa!(http://www.douban.com/group/topic/69700208/)
###got sofa!(http://www.douban.com/group/topic/69700066/)
###got sofa!(http://www.douban.com/group/topic/69699940/)
#######################refresh#######################
###got sofa!(http://www.douban.com/group/topic/69700248/)
###got sofa!(http://www.douban.com/group/topic/69700066/)
###got sofa!(http://www.douban.com/group/topic/69699940/)
#######################refresh#######################
###got sofa!(http://www.douban.com/group/topic/69700302/)
###got sofa!(http://www.douban.com/group/topic/69700248/)
###got sofa!(http://www.douban.com/group/topic/69700066/)
###got sofa!(http://www.douban.com/group/topic/69699940/)
#######################refresh#######################
###got sofa!(http://www.douban.com/group/topic/69700327/)
###got sofa!(http://www.douban.com/group/topic/69700066/)
###got sofa!(http://www.douban.com/group/topic/69699940/)
#######################refresh#######################
###got sofa!(http://www.douban.com/group/topic/69700386/)
###got sofa!(http://www.douban.com/group/topic/69700066/)
###got sofa!(http://www.douban.com/group/topic/69699940/)
#######################refresh#######################
###got sofa!(http://www.douban.com/group/topic/69700436/)
###got sofa!(http://www.douban.com/group/topic/69700386/)
###got sofa!(http://www.douban.com/group/topic/69700066/)
#######################refresh#######################
###got sofa!(http://www.douban.com/group/topic/69700436/)
###got sofa!(http://www.douban.com/group/topic/69700386/)
#######################refresh#######################
###got sofa!(http://www.douban.com/group/topic/69700505/)
###got sofa!(http://www.douban.com/group/topic/69700386/)
#######################refresh#######################
###got sofa!(http://www.douban.com/group/topic/69700505/)
###got sofa!(http://www.douban.com/group/topic/69700386/)
#######################refresh#######################
#######################refresh#######################
#######################refresh#######################
#######################refresh#######################
#######################refresh#######################
#######################refresh#######################
###got sofa!(http://www.douban.com/group/topic/69700647/)
#######################refresh#######################
#######################refresh#######################
#######################refresh#######################
#######################refresh#######################
###got sofa!(http://www.douban.com/group/topic/69700733/)
#######################refresh#######################
#######################refresh#######################
#######################refresh#######################
#######################refresh#######################
#######################refresh#######################
#######################refresh#######################
#######################refresh#######################
#######################refresh#######################
#######################refresh#######################
#######################refresh#######################
#######################refresh#######################
#######################refresh#######################
#######################refresh#######################
#######################refresh#######################
#######################refresh#######################
#######################refresh#######################
#######################refresh#######################
#######################refresh#######################
###got sofa!(http://www.douban.com/group/topic/69701052/)
#######################refresh#######################
#######################refresh#######################
#######################refresh#######################
#######################refresh#######################
#######################refresh#######################
#######################refresh#######################
###got sofa!(http://www.douban.com/group/topic/69701156/)
#######################refresh#######################
###got sofa!(http://www.douban.com/group/topic/69701156/)
#######################refresh#######################
###got sofa!(http://www.douban.com/group/topic/69701156/)
#######################refresh#######################
###got sofa!(http://www.douban.com/group/topic/69701156/)
#######################refresh#######################
###got sofa!(http://www.douban.com/group/topic/69701253/)
###got sofa!(http://www.douban.com/group/topic/69701156/)
#######################refresh#######################
###got sofa!(http://www.douban.com/group/topic/69701278/)
too many connection resets (due to end of file reached - EOFError) after 7 requests on 36485220, last used 0.023242064 seconds ago
###got sofa!(http://www.douban.com/group/topic/69701253/)
###got sofa!(http://www.douban.com/group/topic/69701156/)
#######################refresh#######################
###got sofa!(http://www.douban.com/group/topic/69701278/)
###got sofa!(http://www.douban.com/group/topic/69701253/)
###got sofa!(http://www.douban.com/group/topic/69701156/)
#######################refresh#######################
###got sofa!(http://www.douban.com/group/topic/69701351/)
###got sofa!(http://www.douban.com/group/topic/69701278/)
###got sofa!(http://www.douban.com/group/topic/69701253/)
###got sofa!(http://www.douban.com/group/topic/69701156/)
#######################refresh#######################
###got sofa!(http://www.douban.com/group/topic/69701390/)
###got sofa!(http://www.douban.com/group/topic/69701383/)
###got sofa!(http://www.douban.com/group/topic/69701381/)
###got sofa!(http://www.douban.com/group/topic/69701253/)
###got sofa!(http://www.douban.com/group/topic/69701156/)
too many connection resets (due to end of file reached - EOFError) after 9 requests on 36485220, last used 0.018725852 seconds ago
#######################refresh#######################
###got sofa!(http://www.douban.com/group/topic/69701431/)
###got sofa!(http://www.douban.com/group/topic/69701390/)
###got sofa!(http://www.douban.com/group/topic/69701383/)
###got sofa!(http://www.douban.com/group/topic/69701381/)
###got sofa!(http://www.douban.com/group/topic/69701253/)
###got sofa!(http://www.douban.com/group/topic/69701156/)
#######################refresh#######################
###got sofa!(http://www.douban.com/group/topic/69701444/)
###got sofa!(http://www.douban.com/group/topic/69701390/)
###got sofa!(http://www.douban.com/group/topic/69701383/)
###got sofa!(http://www.douban.com/group/topic/69701381/)
###got sofa!(http://www.douban.com/group/topic/69701253/)
#######################refresh#######################
###got sofa!(http://www.douban.com/group/topic/69701532/)
###got sofa!(http://www.douban.com/group/topic/69701444/)
###got sofa!(http://www.douban.com/group/topic/69701383/)
###got sofa!(http://www.douban.com/group/topic/69701381/)
###got sofa!(http://www.douban.com/group/topic/69701253/)
#######################refresh#######################
###got sofa!(http://www.douban.com/group/topic/69701567/)
###got sofa!(http://www.douban.com/group/topic/69701532/)
###got sofa!(http://www.douban.com/group/topic/69701444/)
###got sofa!(http://www.douban.com/group/topic/69701383/)
###got sofa!(http://www.douban.com/group/topic/69701253/)
#######################refresh#######################
###got sofa!(http://www.douban.com/group/topic/69701642/)
###got sofa!(http://www.douban.com/group/topic/69701567/)
###got sofa!(http://www.douban.com/group/topic/69701444/)
###got sofa!(http://www.douban.com/group/topic/69701383/)
###got sofa!(http://www.douban.com/group/topic/69701253/)
#######################refresh#######################
###got sofa!(http://www.douban.com/group/topic/69701567/)
###got sofa!(http://www.douban.com/group/topic/69701444/)
###got sofa!(http://www.douban.com/group/topic/69701383/)
#######################refresh#######################
###got sofa!(http://www.douban.com/group/topic/69701567/)
###got sofa!(http://www.douban.com/group/topic/69701444/)
###got sofa!(http://www.douban.com/group/topic/69701383/)
#######################refresh#######################
###got sofa!(http://www.douban.com/group/topic/69701567/)
###got sofa!(http://www.douban.com/group/topic/69701444/)
###got sofa!(http://www.douban.com/group/topic/69701383/)
#######################refresh#######################
###got sofa!(http://www.douban.com/group/topic/69701567/)
###got sofa!(http://www.douban.com/group/topic/69701444/)
#######################refresh#######################
###got sofa!(http://www.douban.com/group/topic/69701567/)
###got sofa!(http://www.douban.com/group/topic/69701444/)
#######################refresh#######################
###got sofa!(http://www.douban.com/group/topic/69701567/)
###got sofa!(http://www.douban.com/group/topic/69701444/)
#######################refresh#######################
###got sofa!(http://www.douban.com/group/topic/69701904/)
###got sofa!(http://www.douban.com/group/topic/69701567/)
###got sofa!(http://www.douban.com/group/topic/69701444/)
#######################refresh#######################
###got sofa!(http://www.douban.com/group/topic/69701954/)
###got sofa!(http://www.douban.com/group/topic/69701904/)
too many connection resets (due to end of file reached - EOFError) after 18 requests on 36485220, last used 0.025426141 seconds ago
###got sofa!(http://www.douban.com/group/topic/69701567/)
###got sofa!(http://www.douban.com/group/topic/69701444/)
#######################refresh#######################
###got sofa!(http://www.douban.com/group/topic/69701904/)
###got sofa!(http://www.douban.com/group/topic/69701567/)
###got sofa!(http://www.douban.com/group/topic/69701444/)
#######################refresh#######################
###got sofa!(http://www.douban.com/group/topic/69702004/)
###got sofa!(http://www.douban.com/group/topic/69701904/)
###got sofa!(http://www.douban.com/group/topic/69701567/)
#######################refresh#######################
###got sofa!(http://www.douban.com/group/topic/69701904/)
###got sofa!(http://www.douban.com/group/topic/69701567/)
#######################refresh#######################
###got sofa!(http://www.douban.com/group/topic/69701904/)
###got sofa!(http://www.douban.com/group/topic/69701567/)
#######################refresh#######################
###got sofa!(http://www.douban.com/group/topic/69701904/)
###got sofa!(http://www.douban.com/group/topic/69701567/)
#######################refresh#######################
###got sofa!(http://www.douban.com/group/topic/69701904/)
###got sofa!(http://www.douban.com/group/topic/69701567/)
#######################refresh#######################
###got sofa!(http://www.douban.com/group/topic/69701904/)
###got sofa!(http://www.douban.com/group/topic/69701567/)
#######################refresh#######################
###got sofa!(http://www.douban.com/group/topic/69702242/)
###got sofa!(http://www.douban.com/group/topic/69701904/)
###got sofa!(http://www.douban.com/group/topic/69701567/)
#######################refresh#######################
###got sofa!(http://www.douban.com/group/topic/69702291/)
###got sofa!(http://www.douban.com/group/topic/69702242/)
###got sofa!(http://www.douban.com/group/topic/69701904/)
###got sofa!(http://www.douban.com/group/topic/69701567/)
#######################refresh#######################
###got sofa!(http://www.douban.com/group/topic/69702242/)
###got sofa!(http://www.douban.com/group/topic/69701567/)
#######################refresh#######################
###got sofa!(http://www.douban.com/group/topic/69702242/)
#######################refresh#######################
###got sofa!(http://www.douban.com/group/topic/69702242/)
#######################refresh#######################
###got sofa!(http://www.douban.com/group/topic/69702433/)
###got sofa!(http://www.douban.com/group/topic/69702242/)
#######################refresh#######################
###got sofa!(http://www.douban.com/group/topic/69702457/)
###got sofa!(http://www.douban.com/group/topic/69702242/)
too many connection resets (due to end of file reached - EOFError) after 26 requests on 36485220, last used 0.023549926 seconds ago
#######################refresh#######################
###got sofa!(http://www.douban.com/group/topic/69702457/)
###got sofa!(http://www.douban.com/group/topic/69702242/)
#######################refresh#######################
###got sofa!(http://www.douban.com/group/topic/69702457/)
###got sofa!(http://www.douban.com/group/topic/69702242/)
#######################refresh#######################
###got sofa!(http://www.douban.com/group/topic/69702597/)
###got sofa!(http://www.douban.com/group/topic/69702457/)
###got sofa!(http://www.douban.com/group/topic/69702242/)
too many connection resets (due to end of file reached - EOFError) after 16 requests on 36485220, last used 0.020073513 seconds ago
#######################refresh#######################
###got sofa!(http://www.douban.com/group/topic/69702599/)
###got sofa!(http://www.douban.com/group/topic/69702597/)
###got sofa!(http://www.douban.com/group/topic/69702457/)
###got sofa!(http://www.douban.com/group/topic/69702242/)
#######################refresh#######################
###got sofa!(http://www.douban.com/group/topic/69702597/)
###got sofa!(http://www.douban.com/group/topic/69702242/)
#######################refresh#######################
###got sofa!(http://www.douban.com/group/topic/69702597/)
###got sofa!(http://www.douban.com/group/topic/69702242/)
#######################refresh#######################
###got sofa!(http://www.douban.com/group/topic/69702597/)
###got sofa!(http://www.douban.com/group/topic/69702242/)
#######################refresh#######################
###got sofa!(http://www.douban.com/group/topic/69702242/)
#######################refresh#######################
###got sofa!(http://www.douban.com/group/topic/69702830/)
###got sofa!(http://www.douban.com/group/topic/69702242/)
#######################refresh#######################
###got sofa!(http://www.douban.com/group/topic/69702242/)
#######################refresh#######################
###got sofa!(http://www.douban.com/group/topic/69702897/)
###got sofa!(http://www.douban.com/group/topic/69702896/)
###got sofa!(http://www.douban.com/group/topic/69702242/)
#######################refresh#######################
###got sofa!(http://www.douban.com/group/topic/69702242/)
#######################refresh#######################
###got sofa!(http://www.douban.com/group/topic/69702968/)
###got sofa!(http://www.douban.com/group/topic/69702242/)
#######################refresh#######################
###got sofa!(http://www.douban.com/group/topic/69702968/)
###got sofa!(http://www.douban.com/group/topic/69702242/)
#######################refresh#######################
###got sofa!(http://www.douban.com/group/topic/69702968/)
###got sofa!(http://www.douban.com/group/topic/69702242/)
#######################refresh#######################
###got sofa!(http://www.douban.com/group/topic/69702968/)
###got sofa!(http://www.douban.com/group/topic/69702242/)
#######################refresh#######################
###got sofa!(http://www.douban.com/group/topic/69703118/)
###got sofa!(http://www.douban.com/group/topic/69703117/)
###got sofa!(http://www.douban.com/group/topic/69702968/)
###got sofa!(http://www.douban.com/group/topic/69702242/)
#######################refresh#######################
###got sofa!(http://www.douban.com/group/topic/69703162/)
###got sofa!(http://www.douban.com/group/topic/69703118/)
###got sofa!(http://www.douban.com/group/topic/69703117/)
###got sofa!(http://www.douban.com/group/topic/69702968/)
###got sofa!(http://www.douban.com/group/topic/69702242/)
#######################refresh#######################
###got sofa!(http://www.douban.com/group/topic/69703118/)
###got sofa!(http://www.douban.com/group/topic/69702968/)
#######################refresh#######################
###got sofa!(http://www.douban.com/group/topic/69703118/)
###got sofa!(http://www.douban.com/group/topic/69702968/)
#######################refresh#######################
###got sofa!(http://www.douban.com/group/topic/69703281/)
###got sofa!(http://www.douban.com/group/topic/69703268/)
###got sofa!(http://www.douban.com/group/topic/69703118/)
###got sofa!(http://www.douban.com/group/topic/69702968/)
#######################refresh#######################
###got sofa!(http://www.douban.com/group/topic/69703294/)
###got sofa!(http://www.douban.com/group/topic/69703268/)
###got sofa!(http://www.douban.com/group/topic/69703118/)
###got sofa!(http://www.douban.com/group/topic/69702968/)
#######################refresh#######################
###got sofa!(http://www.douban.com/group/topic/69703294/)
###got sofa!(http://www.douban.com/group/topic/69703268/)
###got sofa!(http://www.douban.com/group/topic/69703118/)
###got sofa!(http://www.douban.com/group/topic/69702968/)
#######################refresh#######################
###got sofa!(http://www.douban.com/group/topic/69703407/)
###got sofa!(http://www.douban.com/group/topic/69703403/)
###got sofa!(http://www.douban.com/group/topic/69703294/)
too many connection resets (due to end of file reached - EOFError) after 22 requests on 36485220, last used 0.023887122 seconds ago
###got sofa!(http://www.douban.com/group/topic/69703268/)
###got sofa!(http://www.douban.com/group/topic/69702968/)
#######################refresh#######################
###got sofa!(http://www.douban.com/group/topic/69703455/)
###got sofa!(http://www.douban.com/group/topic/69703403/)
###got sofa!(http://www.douban.com/group/topic/69702968/)
#######################refresh#######################
###got sofa!(http://www.douban.com/group/topic/69703484/)
###got sofa!(http://www.douban.com/group/topic/69703470/)
###got sofa!(http://www.douban.com/group/topic/69702968/)
#######################refresh#######################
###got sofa!(http://www.douban.com/group/topic/69703484/)
###got sofa!(http://www.douban.com/group/topic/69703470/)
###got sofa!(http://www.douban.com/group/topic/69702968/)
#######################refresh#######################
###got sofa!(http://www.douban.com/group/topic/69703484/)
#######################refresh#######################
#######################refresh#######################
#######################refresh#######################
#######################refresh#######################
#######################refresh#######################
#######################refresh#######################
#######################refresh#######################
###got sofa!(http://www.douban.com/group/topic/69703685/)
#######################refresh#######################
#######################refresh#######################
###got sofa!(http://www.douban.com/group/topic/69703725/)
#######################refresh#######################
###got sofa!(http://www.douban.com/group/topic/69703749/)
#######################refresh#######################
#######################refresh#######################
#######################refresh#######################
#######################refresh#######################
#######################refresh#######################
#######################refresh#######################
#######################refresh#######################
#######################refresh#######################
#######################refresh#######################
###got sofa!(http://www.douban.com/group/topic/69703903/)
#######################refresh#######################
#######################refresh#######################
###got sofa!(http://www.douban.com/group/topic/69703966/)
#######################refresh#######################
#######################refresh#######################
###got sofa!(http://www.douban.com/group/topic/69704008/)
#######################refresh#######################
###got sofa!(http://www.douban.com/group/topic/69704036/)
#######################refresh#######################
#######################refresh#######################
###got sofa!(http://www.douban.com/group/topic/69704069/)
#######################refresh#######################
###got sofa!(http://www.douban.com/group/topic/69704102/)
###got sofa!(http://www.douban.com/group/topic/69704069/)
#######################refresh#######################
###got sofa!(http://www.douban.com/group/topic/69704133/)
###got sofa!(http://www.douban.com/group/topic/69704126/)
###got sofa!(http://www.douban.com/group/topic/69704069/)
#######################refresh#######################
###got sofa!(http://www.douban.com/group/topic/69704156/)
###got sofa!(http://www.douban.com/group/topic/69704126/)
###got sofa!(http://www.douban.com/group/topic/69704069/)
#######################refresh#######################
###got sofa!(http://www.douban.com/group/topic/69704156/)
###got sofa!(http://www.douban.com/group/topic/69704126/)
###got sofa!(http://www.douban.com/group/topic/69704069/)
#######################refresh#######################
###got sofa!(http://www.douban.com/group/topic/69704126/)
###got sofa!(http://www.douban.com/group/topic/69704069/)
#######################refresh#######################
###got sofa!(http://www.douban.com/group/topic/69704126/)
###got sofa!(http://www.douban.com/group/topic/69704069/)
#######################refresh#######################
###got sofa!(http://www.douban.com/group/topic/69704126/)
###got sofa!(http://www.douban.com/group/topic/69704069/)
#######################refresh#######################
###got sofa!(http://www.douban.com/group/topic/69704069/)
#######################refresh#######################
###got sofa!(http://www.douban.com/group/topic/69704385/)
###got sofa!(http://www.douban.com/group/topic/69704069/)
#######################refresh#######################
###got sofa!(http://www.douban.com/group/topic/69704385/)
###got sofa!(http://www.douban.com/group/topic/69704069/)
#######################refresh#######################
###got sofa!(http://www.douban.com/group/topic/69704385/)
###got sofa!(http://www.douban.com/group/topic/69704069/)
#######################refresh#######################
###got sofa!(http://www.douban.com/group/topic/69704480/)
###got sofa!(http://www.douban.com/group/topic/69704385/)
###got sofa!(http://www.douban.com/group/topic/69704069/)
#######################refresh#######################
###got sofa!(http://www.douban.com/group/topic/69704480/)
###got sofa!(http://www.douban.com/group/topic/69704385/)
###got sofa!(http://www.douban.com/group/topic/69704069/)
#######################refresh#######################
###got sofa!(http://www.douban.com/group/topic/69704583/)
###got sofa!(http://www.douban.com/group/topic/69704567/)
###got sofa!(http://www.douban.com/group/topic/69704480/)
###got sofa!(http://www.douban.com/group/topic/69704069/)
#######################refresh#######################
###got sofa!(http://www.douban.com/group/topic/69704639/)
###got sofa!(http://www.douban.com/group/topic/69704583/)
###got sofa!(http://www.douban.com/group/topic/69704567/)
###got sofa!(http://www.douban.com/group/topic/69704069/)
#######################refresh#######################
###got sofa!(http://www.douban.com/group/topic/69704678/)
###got sofa!(http://www.douban.com/group/topic/69704639/)
###got sofa!(http://www.douban.com/group/topic/69704583/)
###got sofa!(http://www.douban.com/group/topic/69704567/)
###got sofa!(http://www.douban.com/group/topic/69704069/)
#######################refresh#######################
###got sofa!(http://www.douban.com/group/topic/69704728/)
###got sofa!(http://www.douban.com/group/topic/69704639/)
###got sofa!(http://www.douban.com/group/topic/69704567/)
too many connection resets (due to end of file reached - EOFError) after 6 requests on 36485220, last used 0.025371943 seconds ago
###got sofa!(http://www.douban.com/group/topic/69704069/)
#######################refresh#######################
###got sofa!(http://www.douban.com/group/topic/69704728/)
###got sofa!(http://www.douban.com/group/topic/69704639/)
###got sofa!(http://www.douban.com/group/topic/69704567/)
###got sofa!(http://www.douban.com/group/topic/69704069/)
#######################refresh#######################
###got sofa!(http://www.douban.com/group/topic/69704850/)
###got sofa!(http://www.douban.com/group/topic/69704728/)
###got sofa!(http://www.douban.com/group/topic/69704639/)
###got sofa!(http://www.douban.com/group/topic/69704567/)
###got sofa!(http://www.douban.com/group/topic/69704069/)
#######################refresh#######################
###got sofa!(http://www.douban.com/group/topic/69704920/)
###got sofa!(http://www.douban.com/group/topic/69704850/)
###got sofa!(http://www.douban.com/group/topic/69704728/)
###got sofa!(http://www.douban.com/group/topic/69704639/)
###got sofa!(http://www.douban.com/group/topic/69704567/)
###got sofa!(http://www.douban.com/group/topic/69704069/)
#######################refresh#######################
###got sofa!(http://www.douban.com/group/topic/69704850/)
###got sofa!(http://www.douban.com/group/topic/69704728/)
###got sofa!(http://www.douban.com/group/topic/69704567/)
###got sofa!(http://www.douban.com/group/topic/69704069/)
#######################refresh#######################
###got sofa!(http://www.douban.com/group/topic/69705014/)
###got sofa!(http://www.douban.com/group/topic/69704850/)
###got sofa!(http://www.douban.com/group/topic/69704728/)
###got sofa!(http://www.douban.com/group/topic/69704567/)
###got sofa!(http://www.douban.com/group/topic/69704069/)
#######################refresh#######################
###got sofa!(http://www.douban.com/group/topic/69705062/)
###got sofa!(http://www.douban.com/group/topic/69705014/)
###got sofa!(http://www.douban.com/group/topic/69704850/)
###got sofa!(http://www.douban.com/group/topic/69704728/)
###got sofa!(http://www.douban.com/group/topic/69704567/)
###got sofa!(http://www.douban.com/group/topic/69704069/)
#######################refresh#######################
###got sofa!(http://www.douban.com/group/topic/69705134/)
###got sofa!(http://www.douban.com/group/topic/69705121/)
###got sofa!(http://www.douban.com/group/topic/69705014/)
###got sofa!(http://www.douban.com/group/topic/69704850/)
###got sofa!(http://www.douban.com/group/topic/69704728/)
###got sofa!(http://www.douban.com/group/topic/69704567/)
###got sofa!(http://www.douban.com/group/topic/69704069/)
#######################refresh#######################
###got sofa!(http://www.douban.com/group/topic/69705196/)
###got sofa!(http://www.douban.com/group/topic/69705134/)
###got sofa!(http://www.douban.com/group/topic/69705014/)
###got sofa!(http://www.douban.com/group/topic/69704850/)
###got sofa!(http://www.douban.com/group/topic/69704728/)
###got sofa!(http://www.douban.com/group/topic/69704567/)
#######################refresh#######################
###got sofa!(http://www.douban.com/group/topic/69705287/)
###got sofa!(http://www.douban.com/group/topic/69705196/)
###got sofa!(http://www.douban.com/group/topic/69705134/)
###got sofa!(http://www.douban.com/group/topic/69705014/)
###got sofa!(http://www.douban.com/group/topic/69704850/)
###got sofa!(http://www.douban.com/group/topic/69704728/)
###got sofa!(http://www.douban.com/group/topic/69704567/)
#######################refresh#######################
###got sofa!(http://www.douban.com/group/topic/69705287/)
###got sofa!(http://www.douban.com/group/topic/69705196/)
###got sofa!(http://www.douban.com/group/topic/69705014/)
###got sofa!(http://www.douban.com/group/topic/69704850/)
###got sofa!(http://www.douban.com/group/topic/69704728/)
###got sofa!(http://www.douban.com/group/topic/69704567/)
#######################refresh#######################
###got sofa!(http://www.douban.com/group/topic/69705287/)
###got sofa!(http://www.douban.com/group/topic/69705196/)
###got sofa!(http://www.douban.com/group/topic/69705014/)
###got sofa!(http://www.douban.com/group/topic/69704850/)
###got sofa!(http://www.douban.com/group/topic/69704728/)
###got sofa!(http://www.douban.com/group/topic/69704567/)
#######################refresh#######################
###got sofa!(http://www.douban.com/group/topic/69705287/)
###got sofa!(http://www.douban.com/group/topic/69705196/)
###got sofa!(http://www.douban.com/group/topic/69705014/)
###got sofa!(http://www.douban.com/group/topic/69704850/)
###got sofa!(http://www.douban.com/group/topic/69704728/)
###got sofa!(http://www.douban.com/group/topic/69704567/)
#######################refresh#######################
###got sofa!(http://www.douban.com/group/topic/69705519/)
###got sofa!(http://www.douban.com/group/topic/69705287/)
###got sofa!(http://www.douban.com/group/topic/69705196/)
###got sofa!(http://www.douban.com/group/topic/69705014/)
###got sofa!(http://www.douban.com/group/topic/69704850/)
###got sofa!(http://www.douban.com/group/topic/69704728/)
###got sofa!(http://www.douban.com/group/topic/69704567/)
#######################refresh#######################
###got sofa!(http://www.douban.com/group/topic/69705287/)
###got sofa!(http://www.douban.com/group/topic/69705196/)
###got sofa!(http://www.douban.com/group/topic/69705014/)
###got sofa!(http://www.douban.com/group/topic/69704850/)
###got sofa!(http://www.douban.com/group/topic/69704728/)
###got sofa!(http://www.douban.com/group/topic/69704567/)
#######################refresh#######################
###got sofa!(http://www.douban.com/group/topic/69705613/)
###got sofa!(http://www.douban.com/group/topic/69705287/)
###got sofa!(http://www.douban.com/group/topic/69705196/)
###got sofa!(http://www.douban.com/group/topic/69705014/)
###got sofa!(http://www.douban.com/group/topic/69704850/)
###got sofa!(http://www.douban.com/group/topic/69704728/)
###got sofa!(http://www.douban.com/group/topic/69704567/)
#######################refresh#######################
###got sofa!(http://www.douban.com/group/topic/69705689/)
###got sofa!(http://www.douban.com/group/topic/69705666/)
###got sofa!(http://www.douban.com/group/topic/69705613/)
###got sofa!(http://www.douban.com/group/topic/69705287/)
###got sofa!(http://www.douban.com/group/topic/69705196/)
###got sofa!(http://www.douban.com/group/topic/69705014/)
###got sofa!(http://www.douban.com/group/topic/69704850/)
###got sofa!(http://www.douban.com/group/topic/69704728/)
###got sofa!(http://www.douban.com/group/topic/69704567/)
#######################refresh#######################
###got sofa!(http://www.douban.com/group/topic/69705666/)
###got sofa!(http://www.douban.com/group/topic/69705613/)
###got sofa!(http://www.douban.com/group/topic/69705287/)
###got sofa!(http://www.douban.com/group/topic/69705196/)
###got sofa!(http://www.douban.com/group/topic/69705014/)
###got sofa!(http://www.douban.com/group/topic/69704850/)
###got sofa!(http://www.douban.com/group/topic/69704728/)
#######################refresh#######################
###got sofa!(http://www.douban.com/group/topic/69705835/)
###got sofa!(http://www.douban.com/group/topic/69705666/)
###got sofa!(http://www.douban.com/group/topic/69705287/)
###got sofa!(http://www.douban.com/group/topic/69705196/)
###got sofa!(http://www.douban.com/group/topic/69705014/)
###got sofa!(http://www.douban.com/group/topic/69704850/)
###got sofa!(http://www.douban.com/group/topic/69704728/)
#######################refresh#######################
###got sofa!(http://www.douban.com/group/topic/69705835/)
###got sofa!(http://www.douban.com/group/topic/69705666/)
###got sofa!(http://www.douban.com/group/topic/69705287/)
###got sofa!(http://www.douban.com/group/topic/69705196/)
###got sofa!(http://www.douban.com/group/topic/69705014/)
###got sofa!(http://www.douban.com/group/topic/69704850/)
#######################refresh#######################
###got sofa!(http://www.douban.com/group/topic/69705943/)
###got sofa!(http://www.douban.com/group/topic/69705903/)
###got sofa!(http://www.douban.com/group/topic/69705196/)
###got sofa!(http://www.douban.com/group/topic/69705014/)
###got sofa!(http://www.douban.com/group/topic/69704850/)
#######################refresh#######################
###got sofa!(http://www.douban.com/group/topic/69705943/)
###got sofa!(http://www.douban.com/group/topic/69705903/)
###got sofa!(http://www.douban.com/group/topic/69705196/)
###got sofa!(http://www.douban.com/group/topic/69705014/)
###got sofa!(http://www.douban.com/group/topic/69704850/)
#######################refresh#######################
###got sofa!(http://www.douban.com/group/topic/69705943/)
###got sofa!(http://www.douban.com/group/topic/69705903/)
###got sofa!(http://www.douban.com/group/topic/69705196/)
###got sofa!(http://www.douban.com/group/topic/69705014/)
###got sofa!(http://www.douban.com/group/topic/69704850/)
#######################refresh#######################
###got sofa!(http://www.douban.com/group/topic/69705943/)
###got sofa!(http://www.douban.com/group/topic/69705903/)
###got sofa!(http://www.douban.com/group/topic/69705196/)
###got sofa!(http://www.douban.com/group/topic/69705014/)
###got sofa!(http://www.douban.com/group/topic/69704850/)
#######################refresh#######################
###got sofa!(http://www.douban.com/group/topic/69706107/)
###got sofa!(http://www.douban.com/group/topic/69705943/)
###got sofa!(http://www.douban.com/group/topic/69705903/)
###got sofa!(http://www.douban.com/group/topic/69705196/)
###got sofa!(http://www.douban.com/group/topic/69705014/)
###got sofa!(http://www.douban.com/group/topic/69704850/)
#######################refresh#######################
###got sofa!(http://www.douban.com/group/topic/69706142/)
###got sofa!(http://www.douban.com/group/topic/69705943/)
###got sofa!(http://www.douban.com/group/topic/69705903/)
###got sofa!(http://www.douban.com/group/topic/69705196/)
###got sofa!(http://www.douban.com/group/topic/69705014/)
###got sofa!(http://www.douban.com/group/topic/69704850/)
#######################refresh#######################
###got sofa!(http://www.douban.com/group/topic/69706172/)
###got sofa!(http://www.douban.com/group/topic/69706162/)
###got sofa!(http://www.douban.com/group/topic/69705943/)
###got sofa!(http://www.douban.com/group/topic/69705903/)
###got sofa!(http://www.douban.com/group/topic/69705196/)
###got sofa!(http://www.douban.com/group/topic/69705014/)
#######################refresh#######################
###got sofa!(http://www.douban.com/group/topic/69706220/)
###got sofa!(http://www.douban.com/group/topic/69706172/)
###got sofa!(http://www.douban.com/group/topic/69706162/)
###got sofa!(http://www.douban.com/group/topic/69705943/)
###got sofa!(http://www.douban.com/group/topic/69705196/)
###got sofa!(http://www.douban.com/group/topic/69705014/)
#######################refresh#######################
###got sofa!(http://www.douban.com/group/topic/69706220/)
too many connection resets (due to end of file reached - EOFError) after 25 requests on 36485220, last used 0.023939919 seconds ago
###got sofa!(http://www.douban.com/group/topic/69706162/)
###got sofa!(http://www.douban.com/group/topic/69705943/)
###got sofa!(http://www.douban.com/group/topic/69705196/)
###got sofa!(http://www.douban.com/group/topic/69705014/)
#######################refresh#######################
###got sofa!(http://www.douban.com/group/topic/69706220/)
###got sofa!(http://www.douban.com/group/topic/69706162/)
###got sofa!(http://www.douban.com/group/topic/69705943/)
###got sofa!(http://www.douban.com/group/topic/69705196/)
###got sofa!(http://www.douban.com/group/topic/69705014/)
#######################refresh#######################
###got sofa!(http://www.douban.com/group/topic/69706220/)
###got sofa!(http://www.douban.com/group/topic/69706162/)
###got sofa!(http://www.douban.com/group/topic/69705943/)
###got sofa!(http://www.douban.com/group/topic/69705196/)
###got sofa!(http://www.douban.com/group/topic/69705014/)
#######################refresh#######################
###got sofa!(http://www.douban.com/group/topic/69706220/)
###got sofa!(http://www.douban.com/group/topic/69706162/)
###got sofa!(http://www.douban.com/group/topic/69705943/)
###got sofa!(http://www.douban.com/group/topic/69705196/)
###got sofa!(http://www.douban.com/group/topic/69705014/)
#######################refresh#######################
###got sofa!(http://www.douban.com/group/topic/69706440/)
#######################refresh#######################
###got sofa!(http://www.douban.com/group/topic/69706470/)
#######################refresh#######################
#######################refresh#######################
###got sofa!(http://www.douban.com/group/topic/69706524/)
#######################refresh#######################
#######################refresh#######################
#######################refresh#######################
###got sofa!(http://www.douban.com/group/topic/69706570/)
###got sofa!(http://www.douban.com/group/topic/69706567/)
#######################refresh#######################
###got sofa!(http://www.douban.com/group/topic/69706567/)
#######################refresh#######################
#######################refresh#######################
#######################refresh#######################
#######################refresh#######################
#######################refresh#######################
###got sofa!(http://www.douban.com/group/topic/69706671/)
#######################refresh#######################
###got sofa!(http://www.douban.com/group/topic/69706671/)
#######################refresh#######################
###got sofa!(http://www.douban.com/group/topic/69706671/)
#######################refresh#######################
###got sofa!(http://www.douban.com/group/topic/69706729/)
###got sofa!(http://www.douban.com/group/topic/69706671/)
#######################refresh#######################
###got sofa!(http://www.douban.com/group/topic/69706758/)
###got sofa!(http://www.douban.com/group/topic/69706729/)
#######################refresh#######################
###got sofa!(http://www.douban.com/group/topic/69706778/)
###got sofa!(http://www.douban.com/group/topic/69706729/)
#######################refresh#######################
###got sofa!(http://www.douban.com/group/topic/69706778/)
###got sofa!(http://www.douban.com/group/topic/69706729/)
#######################refresh#######################
###got sofa!(http://www.douban.com/group/topic/69706778/)
###got sofa!(http://www.douban.com/group/topic/69706729/)
#######################refresh#######################
###got sofa!(http://www.douban.com/group/topic/69706885/)
###got sofa!(http://www.douban.com/group/topic/69706871/)
###got sofa!(http://www.douban.com/group/topic/69706778/)
###got sofa!(http://www.douban.com/group/topic/69706729/)
#######################refresh#######################
###got sofa!(http://www.douban.com/group/topic/69706885/)
###got sofa!(http://www.douban.com/group/topic/69706871/)
###got sofa!(http://www.douban.com/group/topic/69706729/)
#######################refresh#######################
###got sofa!(http://www.douban.com/group/topic/69706885/)
###got sofa!(http://www.douban.com/group/topic/69706871/)
#######################refresh#######################
###got sofa!(http://www.douban.com/group/topic/69706885/)
###got sofa!(http://www.douban.com/group/topic/69706871/)
#######################refresh#######################
###got sofa!(http://www.douban.com/group/topic/69706871/)
#######################refresh#######################
###got sofa!(http://www.douban.com/group/topic/69706871/)
#######################refresh#######################
###got sofa!(http://www.douban.com/group/topic/69706871/)
#######################refresh#######################
#######################refresh#######################
#######################refresh#######################
###got sofa!(http://www.douban.com/group/topic/69707118/)
#######################refresh#######################
###got sofa!(http://www.douban.com/group/topic/69707118/)
#######################refresh#######################
###got sofa!(http://www.douban.com/group/topic/69707154/)
###got sofa!(http://www.douban.com/group/topic/69707152/)
#######################refresh#######################
###got sofa!(http://www.douban.com/group/topic/69707152/)
#######################refresh#######################
###got sofa!(http://www.douban.com/group/topic/69707152/)
#######################refresh#######################
#######################refresh#######################
#######################refresh#######################
#######################refresh#######################
#######################refresh#######################
#######################refresh#######################
#######################refresh#######################
###got sofa!(http://www.douban.com/group/topic/69707291/)
#######################refresh#######################
###got sofa!(http://www.douban.com/group/topic/69707291/)
#######################refresh#######################
###got sofa!(http://www.douban.com/group/topic/69707291/)
#######################refresh#######################
###got sofa!(http://www.douban.com/group/topic/69707319/)
###got sofa!(http://www.douban.com/group/topic/69707314/)
###got sofa!(http://www.douban.com/group/topic/69707291/)
#######################refresh#######################
###got sofa!(http://www.douban.com/group/topic/69707334/)
###got sofa!(http://www.douban.com/group/topic/69707314/)
#######################refresh#######################
###got sofa!(http://www.douban.com/group/topic/69707342/)
###got sofa!(http://www.douban.com/group/topic/69707314/)
#######################refresh#######################
#######################refresh#######################
#######################refresh#######################
#######################refresh#######################
#######################refresh#######################
###got sofa!(http://www.douban.com/group/topic/69707387/)
#######################refresh#######################
###got sofa!(http://www.douban.com/group/topic/69707399/)
#######################refresh#######################
###got sofa!(http://www.douban.com/group/topic/69707410/)
###got sofa!(http://www.douban.com/group/topic/69707399/)
#######################refresh#######################
###got sofa!(http://www.douban.com/group/topic/69707426/)
###got sofa!(http://www.douban.com/group/topic/69707399/)
#######################refresh#######################
###got sofa!(http://www.douban.com/group/topic/69707426/)
###got sofa!(http://www.douban.com/group/topic/69707399/)
#######################refresh#######################
###got sofa!(http://www.douban.com/group/topic/69707459/)
###got sofa!(http://www.douban.com/group/topic/69707446/)
###got sofa!(http://www.douban.com/group/topic/69707426/)
###got sofa!(http://www.douban.com/group/topic/69707399/)
#######################refresh#######################
###got sofa!(http://www.douban.com/group/topic/69707459/)
###got sofa!(http://www.douban.com/group/topic/69707426/)
###got sofa!(http://www.douban.com/group/topic/69707399/)
#######################refresh#######################
###got sofa!(http://www.douban.com/group/topic/69707459/)
###got sofa!(http://www.douban.com/group/topic/69707426/)
###got sofa!(http://www.douban.com/group/topic/69707399/)
#######################refresh#######################
###got sofa!(http://www.douban.com/group/topic/69707512/)
###got sofa!(http://www.douban.com/group/topic/69707459/)
###got sofa!(http://www.douban.com/group/topic/69707426/)
###got sofa!(http://www.douban.com/group/topic/69707399/)
#######################refresh#######################
###got sofa!(http://www.douban.com/group/topic/69707519/)
###got sofa!(http://www.douban.com/group/topic/69707459/)
###got sofa!(http://www.douban.com/group/topic/69707399/)
#######################refresh#######################
###got sofa!(http://www.douban.com/group/topic/69707399/)
#######################refresh#######################
###got sofa!(http://www.douban.com/group/topic/69707399/)
#######################refresh#######################
###got sofa!(http://www.douban.com/group/topic/69707399/)
#######################refresh#######################
###got sofa!(http://www.douban.com/group/topic/69707399/)
#######################refresh#######################
###got sofa!(http://www.douban.com/group/topic/69707592/)
###got sofa!(http://www.douban.com/group/topic/69707399/)
#######################refresh#######################
###got sofa!(http://www.douban.com/group/topic/69707613/)
###got sofa!(http://www.douban.com/group/topic/69707592/)
###got sofa!(http://www.douban.com/group/topic/69707399/)
#######################refresh#######################
###got sofa!(http://www.douban.com/group/topic/69707633/)
###got sofa!(http://www.douban.com/group/topic/69707613/)
###got sofa!(http://www.douban.com/group/topic/69707592/)
###got sofa!(http://www.douban.com/group/topic/69707399/)
#######################refresh#######################
###got sofa!(http://www.douban.com/group/topic/69707592/)
###got sofa!(http://www.douban.com/group/topic/69707399/)
#######################refresh#######################
###got sofa!(http://www.douban.com/group/topic/69707592/)
###got sofa!(http://www.douban.com/group/topic/69707399/)
#######################refresh#######################
###got sofa!(http://www.douban.com/group/topic/69707592/)
#######################refresh#######################
###got sofa!(http://www.douban.com/group/topic/69707695/)
###got sofa!(http://www.douban.com/group/topic/69707592/)
#######################refresh#######################
###got sofa!(http://www.douban.com/group/topic/69707698/)
###got sofa!(http://www.douban.com/group/topic/69707592/)
#######################refresh#######################
###got sofa!(http://www.douban.com/group/topic/69707721/)
###got sofa!(http://www.douban.com/group/topic/69707698/)
#######################refresh#######################
###got sofa!(http://www.douban.com/group/topic/69707736/)
###got sofa!(http://www.douban.com/group/topic/69707721/)
###got sofa!(http://www.douban.com/group/topic/69707698/)
#######################refresh#######################
###got sofa!(http://www.douban.com/group/topic/69707736/)
###got sofa!(http://www.douban.com/group/topic/69707721/)
###got sofa!(http://www.douban.com/group/topic/69707698/)
#######################refresh#######################
###got sofa!(http://www.douban.com/group/topic/69707721/)
###got sofa!(http://www.douban.com/group/topic/69707698/)
#######################refresh#######################
###got sofa!(http://www.douban.com/group/topic/69707721/)
###got sofa!(http://www.douban.com/group/topic/69707698/)
#######################refresh#######################
###got sofa!(http://www.douban.com/group/topic/69707829/)
###got sofa!(http://www.douban.com/group/topic/69707698/)
#######################refresh#######################
###got sofa!(http://www.douban.com/group/topic/69707829/)
###got sofa!(http://www.douban.com/group/topic/69707698/)
#######################refresh#######################
###got sofa!(http://www.douban.com/group/topic/69707860/)
###got sofa!(http://www.douban.com/group/topic/69707829/)
###got sofa!(http://www.douban.com/group/topic/69707698/)
#######################refresh#######################
###got sofa!(http://www.douban.com/group/topic/69707860/)
###got sofa!(http://www.douban.com/group/topic/69707829/)
#######################refresh#######################
###got sofa!(http://www.douban.com/group/topic/69707860/)
#######################refresh#######################
###got sofa!(http://www.douban.com/group/topic/69707924/)
#######################refresh#######################
###got sofa!(http://www.douban.com/group/topic/69707924/)
#######################refresh#######################
###got sofa!(http://www.douban.com/group/topic/69707924/)
#######################refresh#######################
###got sofa!(http://www.douban.com/group/topic/69707924/)
#######################refresh#######################
###got sofa!(http://www.douban.com/group/topic/69707924/)
#######################refresh#######################
#######################refresh#######################
#######################refresh#######################
#######################refresh#######################
###got sofa!(http://www.douban.com/group/topic/69708061/)
###got sofa!(http://www.douban.com/group/topic/69708054/)
#######################refresh#######################
###got sofa!(http://www.douban.com/group/topic/69708061/)
###got sofa!(http://www.douban.com/group/topic/69708054/)
#######################refresh#######################
###got sofa!(http://www.douban.com/group/topic/69708061/)
too many connection resets (due to end of file reached - EOFError) after 25 requests on 36485220, last used 0.024239124 seconds ago
###got sofa!(http://www.douban.com/group/topic/69708054/)
#######################refresh#######################
###got sofa!(http://www.douban.com/group/topic/69708054/)
#######################refresh#######################
###got sofa!(http://www.douban.com/group/topic/69708135/)
###got sofa!(http://www.douban.com/group/topic/69708132/)
#######################refresh#######################
###got sofa!(http://www.douban.com/group/topic/69708135/)
###got sofa!(http://www.douban.com/group/topic/69708132/)
#######################refresh#######################
###got sofa!(http://www.douban.com/group/topic/69708135/)
#######################refresh#######################
###got sofa!(http://www.douban.com/group/topic/69708212/)
#######################refresh#######################
#######################refresh#######################
#######################refresh#######################
#######################refresh#######################
###got sofa!(http://www.douban.com/group/topic/69708268/)
#######################refresh#######################
#######################refresh#######################
#######################refresh#######################
#######################refresh#######################
#######################refresh#######################
#######################refresh#######################
###got sofa!(http://www.douban.com/group/topic/69708342/)
#######################refresh#######################
#######################refresh#######################
#######################refresh#######################
#######################refresh#######################
#######################refresh#######################
#######################refresh#######################
#######################refresh#######################
#######################refresh#######################
#######################refresh#######################
#######################refresh#######################
#######################refresh#######################
#######################refresh#######################
#######################refresh#######################
#######################refresh#######################
#######################refresh#######################
#######################refresh#######################
#######################refresh#######################
#######################refresh#######################
###got sofa!(http://www.douban.com/group/topic/69708523/)
#######################refresh#######################
###got sofa!(http://www.douban.com/group/topic/69708541/)
#######################refresh#######################
#######################refresh#######################
#######################refresh#######################
#######################refresh#######################
###got sofa!(http://www.douban.com/group/topic/69708594/)
#######################refresh#######################
#######################refresh#######################
#######################refresh#######################
#######################refresh#######################
###got sofa!(http://www.douban.com/group/topic/69708643/)
#######################refresh#######################
###got sofa!(http://www.douban.com/group/topic/69708668/)
###got sofa!(http://www.douban.com/group/topic/69708662/)
#######################refresh#######################
###got sofa!(http://www.douban.com/group/topic/69708682/)
#######################refresh#######################
###got sofa!(http://www.douban.com/group/topic/69708703/)
#######################refresh#######################
###got sofa!(http://www.douban.com/group/topic/69708714/)
#######################refresh#######################
#######################refresh#######################
#######################refresh#######################
#######################refresh#######################
#######################refresh#######################
###got sofa!(http://www.douban.com/group/topic/69708772/)
#######################refresh#######################
#######################refresh#######################
#######################refresh#######################
#######################refresh#######################
#######################refresh#######################
#######################refresh#######################
#######################refresh#######################
#######################refresh#######################
#######################refresh#######################
#######################refresh#######################
#######################refresh#######################
###got sofa!(http://www.douban.com/group/topic/69708894/)
#######################refresh#######################
###got sofa!(http://www.douban.com/group/topic/69708915/)
#######################refresh#######################
###got sofa!(http://www.douban.com/group/topic/69708924/)
#######################refresh#######################
#######################refresh#######################
#######################refresh#######################
###got sofa!(http://www.douban.com/group/topic/69708966/)
#######################refresh#######################
###got sofa!(http://www.douban.com/group/topic/69708974/)
#######################refresh#######################
#######################refresh#######################
#######################refresh#######################
###got sofa!(http://www.douban.com/group/topic/69709018/)
###got sofa!(http://www.douban.com/group/topic/69709017/)
#######################refresh#######################
#######################refresh#######################
#######################refresh#######################
#######################refresh#######################
#######################refresh#######################
#######################refresh#######################
#######################refresh#######################
#######################refresh#######################
#######################refresh#######################
###got sofa!(http://www.douban.com/group/topic/69709105/)
#######################refresh#######################
#######################refresh#######################
###got sofa!(http://www.douban.com/group/topic/69709130/)
#######################refresh#######################
#######################refresh#######################
###got sofa!(http://www.douban.com/group/topic/69709147/)
#######################refresh#######################
###got sofa!(http://www.douban.com/group/topic/69709160/)
###got sofa!(http://www.douban.com/group/topic/69709147/)
#######################refresh#######################
###got sofa!(http://www.douban.com/group/topic/69709147/)
#######################refresh#######################
###got sofa!(http://www.douban.com/group/topic/69709147/)
#######################refresh#######################
###got sofa!(http://www.douban.com/group/topic/69709147/)
#######################refresh#######################
###got sofa!(http://www.douban.com/group/topic/69709147/)
#######################refresh#######################
###got sofa!(http://www.douban.com/group/topic/69709147/)
#######################refresh#######################
#######################refresh#######################
#######################refresh#######################
#######################refresh#######################
#######################refresh#######################
###got sofa!(http://www.douban.com/group/topic/69709265/)
#######################refresh#######################
###got sofa!(http://www.douban.com/group/topic/69709269/)
#######################refresh#######################
#######################refresh#######################
#######################refresh#######################
#######################refresh#######################
###got sofa!(http://www.douban.com/group/topic/69709304/)
#######################refresh#######################
#######################refresh#######################
###got sofa!(http://www.douban.com/group/topic/69709326/)
#######################refresh#######################
###got sofa!(http://www.douban.com/group/topic/69709329/)
#######################refresh#######################
###got sofa!(http://www.douban.com/group/topic/69709338/)
###got sofa!(http://www.douban.com/group/topic/69709329/)
#######################refresh#######################
###got sofa!(http://www.douban.com/group/topic/69709338/)
###got sofa!(http://www.douban.com/group/topic/69709329/)
#######################refresh#######################
###got sofa!(http://www.douban.com/group/topic/69709386/)
###got sofa!(http://www.douban.com/group/topic/69709378/)
###got sofa!(http://www.douban.com/group/topic/69709338/)
###got sofa!(http://www.douban.com/group/topic/69709329/)
#######################refresh#######################
###got sofa!(http://www.douban.com/group/topic/69709412/)
###got sofa!(http://www.douban.com/group/topic/69709378/)
###got sofa!(http://www.douban.com/group/topic/69709338/)
###got sofa!(http://www.douban.com/group/topic/69709329/)
#######################refresh#######################
###got sofa!(http://www.douban.com/group/topic/69709423/)
###got sofa!(http://www.douban.com/group/topic/69709412/)
###got sofa!(http://www.douban.com/group/topic/69709338/)
###got sofa!(http://www.douban.com/group/topic/69709329/)
#######################refresh#######################
###got sofa!(http://www.douban.com/group/topic/69709460/)
#######################refresh#######################
#######################refresh#######################
#######################refresh#######################
#######################refresh#######################
#######################refresh#######################
###got sofa!(http://www.douban.com/group/topic/69709517/)
#######################refresh#######################
###got sofa!(http://www.douban.com/group/topic/69709517/)
#######################refresh#######################
#######################refresh#######################
#######################refresh#######################
###got sofa!(http://www.douban.com/group/topic/69709563/)
#######################refresh#######################
###got sofa!(http://www.douban.com/group/topic/69709581/)
#######################refresh#######################
###got sofa!(http://www.douban.com/group/topic/69709595/)
###got sofa!(http://www.douban.com/group/topic/69709581/)
#######################refresh#######################
###got sofa!(http://www.douban.com/group/topic/69709599/)
###got sofa!(http://www.douban.com/group/topic/69709581/)
#######################refresh#######################
###got sofa!(http://www.douban.com/group/topic/69709632/)
###got sofa!(http://www.douban.com/group/topic/69709581/)
#######################refresh#######################
###got sofa!(http://www.douban.com/group/topic/69709643/)
#######################refresh#######################
###got sofa!(http://www.douban.com/group/topic/69709656/)
###got sofa!(http://www.douban.com/group/topic/69709643/)
#######################refresh#######################
###got sofa!(http://www.douban.com/group/topic/69709656/)
###got sofa!(http://www.douban.com/group/topic/69709643/)
#######################refresh#######################
###got sofa!(http://www.douban.com/group/topic/69709656/)
###got sofa!(http://www.douban.com/group/topic/69709643/)
#######################refresh#######################
###got sofa!(http://www.douban.com/group/topic/69709656/)
#######################refresh#######################
###got sofa!(http://www.douban.com/group/topic/69709656/)
#######################refresh#######################
#######################refresh#######################
#######################refresh#######################
#######################refresh#######################
#######################refresh#######################
#######################refresh#######################
#######################refresh#######################
###got sofa!(http://www.douban.com/group/topic/69709781/)
#######################refresh#######################
#######################refresh#######################
#######################refresh#######################
#######################refresh#######################
###got sofa!(http://www.douban.com/group/topic/69709811/)
#######################refresh#######################
###got sofa!(http://www.douban.com/group/topic/69709092/)
###got sofa!(http://www.douban.com/group/topic/69694035/)
###got sofa!(http://www.douban.com/group/topic/69709811/)
#######################refresh#######################
###got sofa!(http://www.douban.com/group/topic/69709835/)
###got sofa!(http://www.douban.com/group/topic/69709811/)
#######################refresh#######################
#######################refresh#######################
#######################refresh#######################
###got sofa!(http://www.douban.com/group/topic/69690514/)
too many connection resets (due to end of file reached - EOFError) after 13 requests on 36485220, last used 0.025014077 seconds ago
#######################refresh#######################
###got sofa!(http://www.douban.com/group/topic/69687672/)
#######################refresh#######################
###got sofa!(http://www.douban.com/group/topic/69709899/)
#######################refresh#######################
#######################refresh#######################
###got sofa!(http://www.douban.com/group/topic/69709925/)
#######################refresh#######################
#######################refresh#######################
#######################refresh#######################
#######################refresh#######################
###got sofa!(http://www.douban.com/group/topic/69709969/)
#######################refresh#######################
###got sofa!(http://www.douban.com/group/topic/69709976/)
###got sofa!(http://www.douban.com/group/topic/69709975/)
###got sofa!(http://www.douban.com/group/topic/69709969/)
#######################refresh#######################
###got sofa!(http://www.douban.com/group/topic/69709978/)
###got sofa!(http://www.douban.com/group/topic/69709969/)
#######################refresh#######################
###got sofa!(http://www.douban.com/group/topic/69709991/)
###got sofa!(http://www.douban.com/group/topic/69709978/)
#######################refresh#######################
###got sofa!(http://www.douban.com/group/topic/69710004/)
###got sofa!(http://www.douban.com/group/topic/69709991/)
###got sofa!(http://www.douban.com/group/topic/69709978/)
#######################refresh#######################
###got sofa!(http://www.douban.com/group/topic/69710004/)
###got sofa!(http://www.douban.com/group/topic/69709991/)
###got sofa!(http://www.douban.com/group/topic/69709978/)
#######################refresh#######################
###got sofa!(http://www.douban.com/group/topic/69710004/)
###got sofa!(http://www.douban.com/group/topic/69709991/)
###got sofa!(http://www.douban.com/group/topic/69709978/)
#######################refresh#######################
###got sofa!(http://www.douban.com/group/topic/69710035/)
###got sofa!(http://www.douban.com/group/topic/69710004/)
###got sofa!(http://www.douban.com/group/topic/69709991/)
#######################refresh#######################
###got sofa!(http://www.douban.com/group/topic/69710035/)
###got sofa!(http://www.douban.com/group/topic/69710004/)
###got sofa!(http://www.douban.com/group/topic/69709991/)
#######################refresh#######################
###got sofa!(http://www.douban.com/group/topic/69710035/)
#######################refresh#######################
###got sofa!(http://www.douban.com/group/topic/69710035/)
#######################refresh#######################
###got sofa!(http://www.douban.com/group/topic/69710035/)
#######################refresh#######################
###got sofa!(http://www.douban.com/group/topic/69710035/)
#######################refresh#######################
###got sofa!(http://www.douban.com/group/topic/69710080/)
#######################refresh#######################
###got sofa!(http://www.douban.com/group/topic/69710080/)
#######################refresh#######################
###got sofa!(http://www.douban.com/group/topic/69710080/)
#######################refresh#######################
###got sofa!(http://www.douban.com/group/topic/69710106/)
###got sofa!(http://www.douban.com/group/topic/69710080/)
#######################refresh#######################
###got sofa!(http://www.douban.com/group/topic/69710120/)
###got sofa!(http://www.douban.com/group/topic/69710106/)
###got sofa!(http://www.douban.com/group/topic/69710080/)
#######################refresh#######################
###got sofa!(http://www.douban.com/group/topic/69710106/)
#######################refresh#######################
###got sofa!(http://www.douban.com/group/topic/69710144/)
###got sofa!(http://www.douban.com/group/topic/69710140/)
#######################refresh#######################
#######################refresh#######################
###got sofa!(http://www.douban.com/group/topic/69710165/)
#######################refresh#######################
###got sofa!(http://www.douban.com/group/topic/69710171/)
#######################refresh#######################
###got sofa!(http://www.douban.com/group/topic/69710171/)
#######################refresh#######################
###got sofa!(http://www.douban.com/group/topic/69710192/)
#######################refresh#######################
###got sofa!(http://www.douban.com/group/topic/69710199/)
###got sofa!(http://www.douban.com/group/topic/69710192/)
#######################refresh#######################
###got sofa!(http://www.douban.com/group/topic/69710209/)
#######################refresh#######################
#######################refresh#######################
###got sofa!(http://www.douban.com/group/topic/69710230/)
#######################refresh#######################
#######################refresh#######################
#######################refresh#######################
###got sofa!(http://www.douban.com/group/topic/69710256/)
#######################refresh#######################
#######################refresh#######################
###got sofa!(http://www.douban.com/group/topic/69710281/)
#######################refresh#######################
#######################refresh#######################
###got sofa!(http://www.douban.com/group/topic/69710292/)
404 => Net::HTTPNotFound for http://www.douban.com/group/topic/69710256/ -- unhandled response
#######################refresh#######################
#######################refresh#######################
#######################refresh#######################
###got sofa!(http://www.douban.com/group/topic/69710318/)
#######################refresh#######################
#######################refresh#######################
#######################refresh#######################
#######################refresh#######################
#######################refresh#######################
###got sofa!(http://www.douban.com/group/topic/69710369/)
too many connection resets (due to end of file reached - EOFError) after 13 requests on 36485220, last used 0.065420331 seconds ago
#######################refresh#######################
###got sofa!(http://www.douban.com/group/topic/69710382/)
###got sofa!(http://www.douban.com/group/topic/69710369/)
#######################refresh#######################
###got sofa!(http://www.douban.com/group/topic/69710412/)
###got sofa!(http://www.douban.com/group/topic/69710401/)
#######################refresh#######################
###got sofa!(http://www.douban.com/group/topic/69710430/)
#######################refresh#######################
#######################refresh#######################
###got sofa!(http://www.douban.com/group/topic/69710465/)
#######################refresh#######################
###got sofa!(http://www.douban.com/group/topic/69710471/)
#######################refresh#######################
#######################refresh#######################
###got sofa!(http://www.douban.com/group/topic/69710499/)
#######################refresh#######################
###got sofa!(http://www.douban.com/group/topic/69710519/)
#######################refresh#######################
###got sofa!(http://www.douban.com/group/topic/69710534/)
#######################refresh#######################
#######################refresh#######################
###got sofa!(http://www.douban.com/group/topic/69710571/)
#######################refresh#######################
#######################refresh#######################
#######################refresh#######################
###got sofa!(http://www.douban.com/group/topic/69710614/)
#######################refresh#######################
###got sofa!(http://www.douban.com/group/topic/69710649/)
###got sofa!(http://www.douban.com/group/topic/69710626/)
#######################refresh#######################
###got sofa!(http://www.douban.com/group/topic/69710626/)
#######################refresh#######################
###got sofa!(http://www.douban.com/group/topic/69710684/)
###got sofa!(http://www.douban.com/group/topic/69710626/)
#######################refresh#######################
###got sofa!(http://www.douban.com/group/topic/69710717/)
###got sofa!(http://www.douban.com/group/topic/69710684/)
###got sofa!(http://www.douban.com/group/topic/69710626/)
#######################refresh#######################
###got sofa!(http://www.douban.com/group/topic/69710736/)
###got sofa!(http://www.douban.com/group/topic/69710684/)
#######################refresh#######################
###got sofa!(http://www.douban.com/group/topic/69710777/)
###got sofa!(http://www.douban.com/group/topic/69710684/)
#######################refresh#######################
###got sofa!(http://www.douban.com/group/topic/69710777/)
###got sofa!(http://www.douban.com/group/topic/69710684/)
#######################refresh#######################
###got sofa!(http://www.douban.com/group/topic/69710777/)
###got sofa!(http://www.douban.com/group/topic/69710684/)
#######################refresh#######################
###got sofa!(http://www.douban.com/group/topic/69710843/)
###got sofa!(http://www.douban.com/group/topic/69710777/)
###got sofa!(http://www.douban.com/group/topic/69710684/)
#######################refresh#######################
###got sofa!(http://www.douban.com/group/topic/69710887/)
###got sofa!(http://www.douban.com/group/topic/69710881/)
###got sofa!(http://www.douban.com/group/topic/69710843/)
#######################refresh#######################
###got sofa!(http://www.douban.com/group/topic/69710919/)
###got sofa!(http://www.douban.com/group/topic/69710881/)
###got sofa!(http://www.douban.com/group/topic/69710843/)
#######################refresh#######################
###got sofa!(http://www.douban.com/group/topic/69710881/)
#######################refresh#######################
###got sofa!(http://www.douban.com/group/topic/69710951/)
###got sofa!(http://www.douban.com/group/topic/69710881/)
#######################refresh#######################
#######################refresh#######################
#######################refresh#######################
###got sofa!(http://www.douban.com/group/topic/69711027/)
#######################refresh#######################
###got sofa!(http://www.douban.com/group/topic/69711059/)
###got sofa!(http://www.douban.com/group/topic/69711057/)
#######################refresh#######################
###got sofa!(http://www.douban.com/group/topic/69711090/)
###got sofa!(http://www.douban.com/group/topic/69711071/)
#######################refresh#######################
###got sofa!(http://www.douban.com/group/topic/69711107/)
#######################refresh#######################
###got sofa!(http://www.douban.com/group/topic/69711129/)
#######################refresh#######################
#######################refresh#######################
#######################refresh#######################
###got sofa!(http://www.douban.com/group/topic/69711178/)
#######################refresh#######################
###got sofa!(http://www.douban.com/group/topic/69711192/)
#######################refresh#######################
###got sofa!(http://www.douban.com/group/topic/69711192/)
#######################refresh#######################
###got sofa!(http://www.douban.com/group/topic/69711234/)
###got sofa!(http://www.douban.com/group/topic/69711225/)
###got sofa!(http://www.douban.com/group/topic/69686963/)
#######################refresh#######################
###got sofa!(http://www.douban.com/group/topic/69711269/)
###got sofa!(http://www.douban.com/group/topic/69711234/)
###got sofa!(http://www.douban.com/group/topic/69711225/)
#######################refresh#######################
###got sofa!(http://www.douban.com/group/topic/69711307/)
###got sofa!(http://www.douban.com/group/topic/69711269/)
###got sofa!(http://www.douban.com/group/topic/69711225/)
#######################refresh#######################
###got sofa!(http://www.douban.com/group/topic/69711348/)
###got sofa!(http://www.douban.com/group/topic/69711307/)
#######################refresh#######################
###got sofa!(http://www.douban.com/group/topic/69711355/)
#######################refresh#######################
#######################refresh#######################
###got sofa!(http://www.douban.com/group/topic/69711396/)
#######################refresh#######################
#######################refresh#######################
#######################refresh#######################
###got sofa!(http://www.douban.com/group/topic/69711454/)
#######################refresh#######################
#######################refresh#######################
###got sofa!(http://www.douban.com/group/topic/69711495/)
#######################refresh#######################
###got sofa!(http://www.douban.com/group/topic/69711532/)
###got sofa!(http://www.douban.com/group/topic/69711520/)
###got sofa!(http://www.douban.com/group/topic/69711495/)
#######################refresh#######################
###got sofa!(http://www.douban.com/group/topic/69711551/)
###got sofa!(http://www.douban.com/group/topic/69711495/)
#######################refresh#######################
###got sofa!(http://www.douban.com/group/topic/69711613/)
###got sofa!(http://www.douban.com/group/topic/69711596/)
###got sofa!(http://www.douban.com/group/topic/69711551/)
###got sofa!(http://www.douban.com/group/topic/69711495/)
#######################refresh#######################
###got sofa!(http://www.douban.com/group/topic/69711642/)
###got sofa!(http://www.douban.com/group/topic/69711613/)
#######################refresh#######################
###got sofa!(http://www.douban.com/group/topic/69711694/)
too many connection resets (due to end of file reached - EOFError) after 21 requests on 36485220, last used 0.024419311 seconds ago
###got sofa!(http://www.douban.com/group/topic/69711642/)
###got sofa!(http://www.douban.com/group/topic/69711613/)
#######################refresh#######################
###got sofa!(http://www.douban.com/group/topic/69711765/)
###got sofa!(http://www.douban.com/group/topic/69711762/)
###got sofa!(http://www.douban.com/group/topic/69711694/)
###got sofa!(http://www.douban.com/group/topic/69711642/)
###got sofa!(http://www.douban.com/group/topic/69711613/)
#######################refresh#######################
###got sofa!(http://www.douban.com/group/topic/69711694/)
#######################refresh#######################
###got sofa!(http://www.douban.com/group/topic/69711829/)
###got sofa!(http://www.douban.com/group/topic/69711694/)
#######################refresh#######################
#######################refresh#######################
###got sofa!(http://www.douban.com/group/topic/69711888/)
#######################refresh#######################
###got sofa!(http://www.douban.com/group/topic/69711909/)
###got sofa!(http://www.douban.com/group/topic/69711894/)
#######################refresh#######################
###got sofa!(http://www.douban.com/group/topic/69711941/)
###got sofa!(http://www.douban.com/group/topic/69711909/)
###got sofa!(http://www.douban.com/group/topic/69711894/)
#######################refresh#######################
#######################refresh#######################
#######################refresh#######################
#######################refresh#######################
###got sofa!(http://www.douban.com/group/topic/69712019/)
###got sofa!(http://www.douban.com/group/topic/69712013/)
###got sofa!(http://www.douban.com/group/topic/69712012/)
#######################refresh#######################
###got sofa!(http://www.douban.com/group/topic/69712049/)
###got sofa!(http://www.douban.com/group/topic/69712013/)
###got sofa!(http://www.douban.com/group/topic/69712012/)
#######################refresh#######################
###got sofa!(http://www.douban.com/group/topic/69712063/)
too many connection resets (due to end of file reached - EOFError) after 33 requests on 36485220, last used 0.024374611 seconds ago
###got sofa!(http://www.douban.com/group/topic/69712013/)
###got sofa!(http://www.douban.com/group/topic/69712012/)
#######################refresh#######################
###got sofa!(http://www.douban.com/group/topic/69712063/)
#######################refresh#######################
###got sofa!(http://www.douban.com/group/topic/69712134/)
###got sofa!(http://www.douban.com/group/topic/69712133/)
###got sofa!(http://www.douban.com/group/topic/69712063/)
#######################refresh#######################
###got sofa!(http://www.douban.com/group/topic/69712159/)
###got sofa!(http://www.douban.com/group/topic/69712134/)
###got sofa!(http://www.douban.com/group/topic/69712133/)
#######################refresh#######################
###got sofa!(http://www.douban.com/group/topic/69712211/)
###got sofa!(http://www.douban.com/group/topic/69712209/)
###got sofa!(http://www.douban.com/group/topic/69712159/)
###got sofa!(http://www.douban.com/group/topic/69712134/)
###got sofa!(http://www.douban.com/group/topic/69712133/)
#######################refresh#######################
###got sofa!(http://www.douban.com/group/topic/69712263/)
###got sofa!(http://www.douban.com/group/topic/69712217/)
###got sofa!(http://www.douban.com/group/topic/69712209/)
###got sofa!(http://www.douban.com/group/topic/69712159/)
#######################refresh#######################
###got sofa!(http://www.douban.com/group/topic/69712317/)
###got sofa!(http://www.douban.com/group/topic/69712310/)
###got sofa!(http://www.douban.com/group/topic/69712316/)
###got sofa!(http://www.douban.com/group/topic/69712315/)
###got sofa!(http://www.douban.com/group/topic/69712217/)
#######################refresh#######################
###got sofa!(http://www.douban.com/group/topic/69712356/)
###got sofa!(http://www.douban.com/group/topic/69712310/)
#######################refresh#######################
###got sofa!(http://www.douban.com/group/topic/69712419/)
###got sofa!(http://www.douban.com/group/topic/69712310/)
too many connection resets (due to end of file reached - EOFError) after 27 requests on 36485220, last used 0.021461951 seconds ago
#######################refresh#######################
###got sofa!(http://www.douban.com/group/topic/69712439/)
###got sofa!(http://www.douban.com/group/topic/69712310/)
#######################refresh#######################
###got sofa!(http://www.douban.com/group/topic/69712456/)
###got sofa!(http://www.douban.com/group/topic/69712439/)
#######################refresh#######################
###got sofa!(http://www.douban.com/group/topic/69712521/)
###got sofa!(http://www.douban.com/group/topic/69712456/)
#######################refresh#######################
###got sofa!(http://www.douban.com/group/topic/69712557/)
###got sofa!(http://www.douban.com/group/topic/69712521/)
###got sofa!(http://www.douban.com/group/topic/69712456/)
#######################refresh#######################
###got sofa!(http://www.douban.com/group/topic/69712593/)
###got sofa!(http://www.douban.com/group/topic/69712579/)
###got sofa!(http://www.douban.com/group/topic/69712521/)
#######################refresh#######################
###got sofa!(http://www.douban.com/group/topic/69712656/)
###got sofa!(http://www.douban.com/group/topic/69712631/)
#######################refresh#######################
###got sofa!(http://www.douban.com/group/topic/69712656/)
#######################refresh#######################
#######################refresh#######################
#######################refresh#######################
###got sofa!(http://www.douban.com/group/topic/69712791/)
###got sofa!(http://www.douban.com/group/topic/69712777/)
#######################refresh#######################
###got sofa!(http://www.douban.com/group/topic/69712791/)
###got sofa!(http://www.douban.com/group/topic/69712777/)
#######################refresh#######################
###got sofa!(http://www.douban.com/group/topic/69712848/)
###got sofa!(http://www.douban.com/group/topic/69712791/)
###got sofa!(http://www.douban.com/group/topic/69712777/)
#######################refresh#######################
###got sofa!(http://www.douban.com/group/topic/69712922/)
###got sofa!(http://www.douban.com/group/topic/69712777/)
#######################refresh#######################
###got sofa!(http://www.douban.com/group/topic/69712957/)
#######################refresh#######################
#######################refresh#######################
#######################refresh#######################
###got sofa!(http://www.douban.com/group/topic/69713025/)
###got sofa!(http://www.douban.com/group/topic/69713014/)
#######################refresh#######################
###got sofa!(http://www.douban.com/group/topic/69713036/)
#######################refresh#######################
###got sofa!(http://www.douban.com/group/topic/69713100/)
#######################refresh#######################
###got sofa!(http://www.douban.com/group/topic/69713138/)
#######################refresh#######################
#######################refresh#######################
#######################refresh#######################
###got sofa!(http://www.douban.com/group/topic/69713215/)
#######################refresh#######################
#######################refresh#######################
#######################refresh#######################
###got sofa!(http://www.douban.com/group/topic/69713295/)
#######################refresh#######################
#######################refresh#######################
#######################refresh#######################
###got sofa!(http://www.douban.com/group/topic/69713405/)
###got sofa!(http://www.douban.com/group/topic/69713383/)
#######################refresh#######################
###got sofa!(http://www.douban.com/group/topic/69713408/)
#######################refresh#######################
###got sofa!(http://www.douban.com/group/topic/69713480/)
###got sofa!(http://www.douban.com/group/topic/69713475/)
#######################refresh#######################
###got sofa!(http://www.douban.com/group/topic/69713564/)
###got sofa!(http://www.douban.com/group/topic/69713559/)
###got sofa!(http://www.douban.com/group/topic/69713475/)
#######################refresh#######################
#######################refresh#######################
#######################refresh#######################
###got sofa!(http://www.douban.com/group/topic/69713673/)
###got sofa!(http://www.douban.com/group/topic/69713665/)
#######################refresh#######################
#######################refresh#######################
###got sofa!(http://www.douban.com/group/topic/69713756/)
###got sofa!(http://www.douban.com/group/topic/69713750/)
###got sofa!(http://www.douban.com/group/topic/69713749/)
###got sofa!(http://www.douban.com/group/topic/69713745/)
#######################refresh#######################
###got sofa!(http://www.douban.com/group/topic/69713830/)
###got sofa!(http://www.douban.com/group/topic/69713807/)
###got sofa!(http://www.douban.com/group/topic/69713749/)
#######################refresh#######################
###got sofa!(http://www.douban.com/group/topic/69713877/)
###got sofa!(http://www.douban.com/group/topic/69713830/)
###got sofa!(http://www.douban.com/group/topic/69713807/)
###got sofa!(http://www.douban.com/group/topic/69713749/)
#######################refresh#######################
###got sofa!(http://www.douban.com/group/topic/69713961/)
###got sofa!(http://www.douban.com/group/topic/69713954/)
###got sofa!(http://www.douban.com/group/topic/69713877/)
###got sofa!(http://www.douban.com/group/topic/69713830/)
###got sofa!(http://www.douban.com/group/topic/69713807/)
#######################refresh#######################
#######################refresh#######################
###got sofa!(http://www.douban.com/group/topic/69714094/)
too many connection resets (due to end of file reached - EOFError) after 13 requests on 36485220, last used 0.024854558 seconds ago
###got sofa!(http://www.douban.com/group/topic/69714092/)
###got sofa!(http://www.douban.com/group/topic/69714076/)
#######################refresh#######################
###got sofa!(http://www.douban.com/group/topic/69714135/)
#######################refresh#######################
#######################refresh#######################
###got sofa!(http://www.douban.com/group/topic/69714207/)
#######################refresh#######################
###got sofa!(http://www.douban.com/group/topic/69714269/)
#######################refresh#######################
#######################refresh#######################
###got sofa!(http://www.douban.com/group/topic/69714338/)
too many connection resets (due to end of file reached - EOFError) after 25 requests on 36485220, last used 0.010992742 seconds ago
#######################refresh#######################
###got sofa!(http://www.douban.com/group/topic/69714377/)
#######################refresh#######################
#######################refresh#######################
#######################refresh#######################
#######################refresh#######################
###got sofa!(http://www.douban.com/group/topic/69714502/)
too many connection resets (due to Connection reset by peer - Errno::ECONNRESET) after 15 requests on 36485220, last used 0.1356692 seconds ago
#######################refresh#######################
#######################refresh#######################
#######################refresh#######################
###got sofa!(http://www.douban.com/group/topic/69714560/)
#######################refresh#######################
###got sofa!(http://www.douban.com/group/topic/69714598/)
###got sofa!(http://www.douban.com/group/topic/69714581/)
#######################refresh#######################
###got sofa!(http://www.douban.com/group/topic/69714639/)
###got sofa!(http://www.douban.com/group/topic/69714598/)
#######################refresh#######################
###got sofa!(http://www.douban.com/group/topic/69714665/)
###got sofa!(http://www.douban.com/group/topic/69714639/)
###got sofa!(http://www.douban.com/group/topic/69714598/)
#######################refresh#######################
###got sofa!(http://www.douban.com/group/topic/69714639/)
#######################refresh#######################
###got sofa!(http://www.douban.com/group/topic/69714758/)
###got sofa!(http://www.douban.com/group/topic/69714745/)
#######################refresh#######################
###got sofa!(http://www.douban.com/group/topic/69714801/)
#######################refresh#######################
#######################refresh#######################
#######################refresh#######################
###got sofa!(http://www.douban.com/group/topic/69714883/)
###got sofa!(http://www.douban.com/group/topic/69714882/)
###got sofa!(http://www.douban.com/group/topic/69714881/)
#######################refresh#######################
###got sofa!(http://www.douban.com/group/topic/69714938/)
###got sofa!(http://www.douban.com/group/topic/69714786/)
###got sofa!(http://www.douban.com/group/topic/69714881/)
#######################refresh#######################
###got sofa!(http://www.douban.com/group/topic/69715009/)
###got sofa!(http://www.douban.com/group/topic/69714786/)
###got sofa!(http://www.douban.com/group/topic/69714881/)
#######################refresh#######################
###got sofa!(http://www.douban.com/group/topic/69715030/)
###got sofa!(http://www.douban.com/group/topic/69714786/)
#######################refresh#######################
#######################refresh#######################
###got sofa!(http://www.douban.com/group/topic/69715123/)
###got sofa!(http://www.douban.com/group/topic/69715118/)
#######################refresh#######################
###got sofa!(http://www.douban.com/group/topic/69715179/)
###got sofa!(http://www.douban.com/group/topic/69715166/)
###got sofa!(http://www.douban.com/group/topic/69715118/)
#######################refresh#######################
###got sofa!(http://www.douban.com/group/topic/69715237/)
###got sofa!(http://www.douban.com/group/topic/69715222/)
###got sofa!(http://www.douban.com/group/topic/69715219/)
###got sofa!(http://www.douban.com/group/topic/69715209/)
#######################refresh#######################
###got sofa!(http://www.douban.com/group/topic/69715294/)
###got sofa!(http://www.douban.com/group/topic/69715271/)
###got sofa!(http://www.douban.com/group/topic/69715270/)
###got sofa!(http://www.douban.com/group/topic/69715263/)
#######################refresh#######################
###got sofa!(http://www.douban.com/group/topic/69715374/)
###got sofa!(http://www.douban.com/group/topic/69715371/)
#######################refresh#######################
###got sofa!(http://www.douban.com/group/topic/69715371/)
#######################refresh#######################
###got sofa!(http://www.douban.com/group/topic/69715465/)
404 => Net::HTTPNotFound for http://www.douban.com/group/topic/69715441/ -- unhandled response
###got sofa!(http://www.douban.com/group/topic/69715371/)
#######################refresh#######################
#######################refresh#######################
#######################refresh#######################
###got sofa!(http://www.douban.com/group/topic/69715565/)
#######################refresh#######################
###got sofa!(http://www.douban.com/group/topic/69715565/)
#######################refresh#######################
###got sofa!(http://www.douban.com/group/topic/69715670/)
#######################refresh#######################
###got sofa!(http://www.douban.com/group/topic/69715670/)
#######################refresh#######################
###got sofa!(http://www.douban.com/group/topic/69715762/)
###got sofa!(http://www.douban.com/group/topic/69715750/)
###got sofa!(http://www.douban.com/group/topic/69715749/)
###got sofa!(http://www.douban.com/group/topic/69715670/)
#######################refresh#######################
###got sofa!(http://www.douban.com/group/topic/69715789/)
###got sofa!(http://www.douban.com/group/topic/69715750/)
#######################refresh#######################
###got sofa!(http://www.douban.com/group/topic/69715916/)
###got sofa!(http://www.douban.com/group/topic/69715911/)
#######################refresh#######################
###got sofa!(http://www.douban.com/group/topic/69715984/)
###got sofa!(http://www.douban.com/group/topic/69715977/)
#######################refresh#######################
###got sofa!(http://www.douban.com/group/topic/69716033/)
###got sofa!(http://www.douban.com/group/topic/69715986/)
###got sofa!(http://www.douban.com/group/topic/69715984/)
#######################refresh#######################
###got sofa!(http://www.douban.com/group/topic/69716033/)
#######################refresh#######################
###got sofa!(http://www.douban.com/group/topic/69716126/)
###got sofa!(http://www.douban.com/group/topic/69716113/)
#######################refresh#######################
###got sofa!(http://www.douban.com/group/topic/69716172/)
###got sofa!(http://www.douban.com/group/topic/69716113/)
#######################refresh#######################
###got sofa!(http://www.douban.com/group/topic/69716235/)
###got sofa!(http://www.douban.com/group/topic/69716228/)
###got sofa!(http://www.douban.com/group/topic/69716113/)
#######################refresh#######################
###got sofa!(http://www.douban.com/group/topic/69716292/)
###got sofa!(http://www.douban.com/group/topic/69716265/)
#######################refresh#######################
###got sofa!(http://www.douban.com/group/topic/69716360/)
###got sofa!(http://www.douban.com/group/topic/69716355/)
###got sofa!(http://www.douban.com/group/topic/69716352/)
###got sofa!(http://www.douban.com/group/topic/69716265/)
#######################refresh#######################
###got sofa!(http://www.douban.com/group/topic/69716265/)
#######################refresh#######################
###got sofa!(http://www.douban.com/group/topic/69716470/)
#######################refresh#######################
###got sofa!(http://www.douban.com/group/topic/69716528/)
###got sofa!(http://www.douban.com/group/topic/69716498/)
###got sofa!(http://www.douban.com/group/topic/69716470/)
#######################refresh#######################
###got sofa!(http://www.douban.com/group/topic/69716584/)
#######################refresh#######################
###got sofa!(http://www.douban.com/group/topic/69716588/)
#######################refresh#######################
###got sofa!(http://www.douban.com/group/topic/69716639/)
#######################refresh#######################
#######################refresh#######################
###got sofa!(http://www.douban.com/group/topic/69716707/)
#######################refresh#######################
###got sofa!(http://www.douban.com/group/topic/69716707/)
#######################refresh#######################
###got sofa!(http://www.douban.com/group/topic/69716769/)
too many connection resets (due to end of file reached - EOFError) after 23 requests on 36485220, last used 0.027075234 seconds ago
#######################refresh#######################
###got sofa!(http://www.douban.com/group/topic/69716784/)
#######################refresh#######################
###got sofa!(http://www.douban.com/group/topic/69716824/)
###got sofa!(http://www.douban.com/group/topic/69716784/)
#######################refresh#######################
###got sofa!(http://www.douban.com/group/topic/69716865/)
#######################refresh#######################
###got sofa!(http://www.douban.com/group/topic/69716933/)
#######################refresh#######################
###got sofa!(http://www.douban.com/group/topic/69716981/)
#######################refresh#######################
###got sofa!(http://www.douban.com/group/topic/69717019/)
###got sofa!(http://www.douban.com/group/topic/69716981/)
#######################refresh#######################
###got sofa!(http://www.douban.com/group/topic/69717056/)
###got sofa!(http://www.douban.com/group/topic/69717049/)
###got sofa!(http://www.douban.com/group/topic/69717047/)
###got sofa!(http://www.douban.com/group/topic/69716981/)
#######################refresh#######################
###got sofa!(http://www.douban.com/group/topic/69717128/)
###got sofa!(http://www.douban.com/group/topic/69717083/)
###got sofa!(http://www.douban.com/group/topic/69717056/)
#######################refresh#######################
###got sofa!(http://www.douban.com/group/topic/69717175/)
###got sofa!(http://www.douban.com/group/topic/69717166/)
#######################refresh#######################
###got sofa!(http://www.douban.com/group/topic/69717224/)
###got sofa!(http://www.douban.com/group/topic/69717196/)
#######################refresh#######################
#######################refresh#######################
#######################refresh#######################
#######################refresh#######################
###got sofa!(http://www.douban.com/group/topic/69717346/)
###got sofa!(http://www.douban.com/group/topic/69717345/)
###got sofa!(http://www.douban.com/group/topic/69717334/)
#######################refresh#######################
#######################refresh#######################
###got sofa!(http://www.douban.com/group/topic/69717427/)
#######################refresh#######################
###got sofa!(http://www.douban.com/group/topic/69717468/)
#######################refresh#######################
#######################refresh#######################
###got sofa!(http://www.douban.com/group/topic/69717521/)
###got sofa!(http://www.douban.com/group/topic/69717512/)
#######################refresh#######################
#######################refresh#######################
#######################refresh#######################
###got sofa!(http://www.douban.com/group/topic/69717611/)
###got sofa!(http://www.douban.com/group/topic/69717592/)
#######################refresh#######################
###got sofa!(http://www.douban.com/group/topic/69717670/)
#######################refresh#######################
###got sofa!(http://www.douban.com/group/topic/69717702/)
###got sofa!(http://www.douban.com/group/topic/69717699/)
too many connection resets (due to end of file reached - EOFError) after 7 requests on 36485220, last used 0.023480362 seconds ago
#######################refresh#######################
###got sofa!(http://www.douban.com/group/topic/69717728/)
#######################refresh#######################
#######################refresh#######################
###got sofa!(http://www.douban.com/group/topic/69717807/)
#######################refresh#######################
#######################refresh#######################
#######################refresh#######################
#######################refresh#######################
###got sofa!(http://www.douban.com/group/topic/69717898/)
#######################refresh#######################
###got sofa!(http://www.douban.com/group/topic/69717920/)
###got sofa!(http://www.douban.com/group/topic/69717908/)
###got sofa!(http://www.douban.com/group/topic/69717906/)
#######################refresh#######################
#######################refresh#######################
###got sofa!(http://www.douban.com/group/topic/69718000/)
###got sofa!(http://www.douban.com/group/topic/69717998/)
too many connection resets (due to end of file reached - EOFError) after 1 requests on 36485220, last used 0.010761987 seconds ago
###got sofa!(http://www.douban.com/group/topic/69717997/)
#######################refresh#######################
###got sofa!(http://www.douban.com/group/topic/69718039/)
###got sofa!(http://www.douban.com/group/topic/69718029/)
#######################refresh#######################
#######################refresh#######################
#######################refresh#######################
###got sofa!(http://www.douban.com/group/topic/69718141/)
#######################refresh#######################
###got sofa!(http://www.douban.com/group/topic/69718183/)
#######################refresh#######################
###got sofa!(http://www.douban.com/group/topic/69718216/)
###got sofa!(http://www.douban.com/group/topic/69718202/)
#######################refresh#######################
#######################refresh#######################
#######################refresh#######################
###got sofa!(http://www.douban.com/group/topic/69718302/)
#######################refresh#######################
###got sofa!(http://www.douban.com/group/topic/69718365/)
###got sofa!(http://www.douban.com/group/topic/69718345/)
#######################refresh#######################
###got sofa!(http://www.douban.com/group/topic/69718416/)
###got sofa!(http://www.douban.com/group/topic/69718414/)
###got sofa!(http://www.douban.com/group/topic/69718370/)
#######################refresh#######################
###got sofa!(http://www.douban.com/group/topic/69718478/)
###got sofa!(http://www.douban.com/group/topic/69718416/)
#######################refresh#######################
###got sofa!(http://www.douban.com/group/topic/69718512/)
#######################refresh#######################
###got sofa!(http://www.douban.com/group/topic/69718568/)
###got sofa!(http://www.douban.com/group/topic/69718562/)
#######################refresh#######################
###got sofa!(http://www.douban.com/group/topic/69718612/)
#######################refresh#######################
#######################refresh#######################
#######################refresh#######################
###got sofa!(http://www.douban.com/group/topic/69718721/)
###got sofa!(http://www.douban.com/group/topic/69718708/)
#######################refresh#######################
###got sofa!(http://www.douban.com/group/topic/69718746/)
too many connection resets (due to end of file reached - EOFError) after 37 requests on 36485220, last used 0.026946445 seconds ago
#######################refresh#######################
###got sofa!(http://www.douban.com/group/topic/69718811/)
###got sofa!(http://www.douban.com/group/topic/69718804/)
###got sofa!(http://www.douban.com/group/topic/69718746/)
#######################refresh#######################
###got sofa!(http://www.douban.com/group/topic/69718860/)
###got sofa!(http://www.douban.com/group/topic/69718849/)
###got sofa!(http://www.douban.com/group/topic/69718817/)
#######################refresh#######################
###got sofa!(http://www.douban.com/group/topic/69718908/)
#######################refresh#######################
###got sofa!(http://www.douban.com/group/topic/69718949/)
###got sofa!(http://www.douban.com/group/topic/69718946/)
###got sofa!(http://www.douban.com/group/topic/69718937/)
#######################refresh#######################
###got sofa!(http://www.douban.com/group/topic/69718986/)
#######################refresh#######################
###got sofa!(http://www.douban.com/group/topic/69672061/)
too many connection resets (due to end of file reached - EOFError) after 4 requests on 36485220, last used 0.030591039 seconds ago
###got sofa!(http://www.douban.com/group/topic/69655850/)
#######################refresh#######################
###got sofa!(http://www.douban.com/group/topic/69655384/)
#######################refresh#######################
###got sofa!(http://www.douban.com/group/topic/69719115/)
#######################refresh#######################
###got sofa!(http://www.douban.com/group/topic/69719150/)
###got sofa!(http://www.douban.com/group/topic/69719139/)
#######################refresh#######################
###got sofa!(http://www.douban.com/group/topic/69719164/)
#######################refresh#######################
###got sofa!(http://www.douban.com/group/topic/69719164/)
#######################refresh#######################
###got sofa!(http://www.douban.com/group/topic/69719290/)
###got sofa!(http://www.douban.com/group/topic/69719272/)
###got sofa!(http://www.douban.com/group/topic/69719164/)
#######################refresh#######################
###got sofa!(http://www.douban.com/group/topic/69719368/)
###got sofa!(http://www.douban.com/group/topic/69719367/)
###got sofa!(http://www.douban.com/group/topic/69719313/)
###got sofa!(http://www.douban.com/group/topic/69719272/)
#######################refresh#######################
###got sofa!(http://www.douban.com/group/topic/69719417/)
###got sofa!(http://www.douban.com/group/topic/69719412/)
###got sofa!(http://www.douban.com/group/topic/69719389/)
#######################refresh#######################
###got sofa!(http://www.douban.com/group/topic/69719494/)
###got sofa!(http://www.douban.com/group/topic/69719470/)
###got sofa!(http://www.douban.com/group/topic/69719466/)
###got sofa!(http://www.douban.com/group/topic/69719412/)
#######################refresh#######################
###got sofa!(http://www.douban.com/group/topic/69719573/)
###got sofa!(http://www.douban.com/group/topic/69719542/)
###got sofa!(http://www.douban.com/group/topic/69719466/)
#######################refresh#######################
#######################refresh#######################
###got sofa!(http://www.douban.com/group/topic/69719662/)
###got sofa!(http://www.douban.com/group/topic/69719652/)
###got sofa!(http://www.douban.com/group/topic/69719649/)
###got sofa!(http://www.douban.com/group/topic/69719634/)
#######################refresh#######################
###got sofa!(http://www.douban.com/group/topic/69719652/)
###got sofa!(http://www.douban.com/group/topic/69719649/)
###got sofa!(http://www.douban.com/group/topic/69719634/)
#######################refresh#######################
###got sofa!(http://www.douban.com/group/topic/69719770/)
#######################refresh#######################
###got sofa!(http://www.douban.com/group/topic/69719807/)
###got sofa!(http://www.douban.com/group/topic/69719796/)
#######################refresh#######################
#######################refresh#######################
#######################refresh#######################
###got sofa!(http://www.douban.com/group/topic/69719894/)
#######################refresh#######################
###got sofa!(http://www.douban.com/group/topic/69719900/)
#######################refresh#######################
###got sofa!(http://www.douban.com/group/topic/69720003/)
#######################refresh#######################
###got sofa!(http://www.douban.com/group/topic/69720085/)
###got sofa!(http://www.douban.com/group/topic/69720084/)
#######################refresh#######################
###got sofa!(http://www.douban.com/group/topic/69720133/)
too many connection resets (due to end of file reached - EOFError) after 4 requests on 36485220, last used 0.02610053 seconds ago
###got sofa!(http://www.douban.com/group/topic/69720125/)
too many connection resets (due to end of file reached - EOFError) after 14 requests on 36485220, last used 0.025377254 seconds ago
###got sofa!(http://www.douban.com/group/topic/69720117/)
###got sofa!(http://www.douban.com/group/topic/69720092/)
###got sofa!(http://www.douban.com/group/topic/69720084/)
#######################refresh#######################
###got sofa!(http://www.douban.com/group/topic/69720125/)
too many connection resets (due to end of file reached - EOFError) after 45 requests on 36485220, last used 0.024527707 seconds ago
###got sofa!(http://www.douban.com/group/topic/69720117/)
###got sofa!(http://www.douban.com/group/topic/69720092/)
#######################refresh#######################
###got sofa!(http://www.douban.com/group/topic/69720268/)
###got sofa!(http://www.douban.com/group/topic/69720265/)
###got sofa!(http://www.douban.com/group/topic/69720258/)
###got sofa!(http://www.douban.com/group/topic/69720256/)
###got sofa!(http://www.douban.com/group/topic/69718416/)
#######################refresh#######################
###got sofa!(http://www.douban.com/group/topic/69720258/)
#######################refresh#######################
###got sofa!(http://www.douban.com/group/topic/69720368/)
#######################refresh#######################
###got sofa!(http://www.douban.com/group/topic/69720439/)
#######################refresh#######################
###got sofa!(http://www.douban.com/group/topic/69720457/)
#######################refresh#######################
#######################refresh#######################
###got sofa!(http://www.douban.com/group/topic/69720531/)
#######################refresh#######################
#######################refresh#######################
#######################refresh#######################
#######################refresh#######################
#######################refresh#######################
###got sofa!(http://www.douban.com/group/topic/69720686/)
#######################refresh#######################
#######################refresh#######################
#######################refresh#######################
#######################refresh#######################
###got sofa!(http://www.douban.com/group/topic/69720765/)
###got sofa!(http://www.douban.com/group/topic/69720748/)
#######################refresh#######################
#######################refresh#######################
###got sofa!(http://www.douban.com/group/topic/69720817/)
too many connection resets (due to Connection reset by peer - Errno::ECONNRESET) after 8 requests on 36485220, last used 0.162257491 seconds ago
#######################refresh#######################
###got sofa!(http://www.douban.com/group/topic/69720834/)
###got sofa!(http://www.douban.com/group/topic/69720817/)
#######################refresh#######################
###got sofa!(http://www.douban.com/group/topic/69720857/)
#######################refresh#######################
#######################refresh#######################
###got sofa!(http://www.douban.com/group/topic/69720914/)
#######################refresh#######################
###got sofa!(http://www.douban.com/group/topic/69720938/)
###got sofa!(http://www.douban.com/group/topic/69720914/)
#######################refresh#######################
#######################refresh#######################
#######################refresh#######################
#######################refresh#######################
#######################refresh#######################
#######################refresh#######################
#######################refresh#######################
###got sofa!(http://www.douban.com/group/topic/69721095/)
###got sofa!(http://www.douban.com/group/topic/69721094/)
#######################refresh#######################
#######################refresh#######################
#######################refresh#######################
###got sofa!(http://www.douban.com/group/topic/69721160/)
too many connection resets (due to end of file reached - EOFError) after 12 requests on 36485220, last used 0.026373466 seconds ago
#######################refresh#######################
###got sofa!(http://www.douban.com/group/topic/69721181/)
#######################refresh#######################
###got sofa!(http://www.douban.com/group/topic/69721221/)
###got sofa!(http://www.douban.com/group/topic/69721181/)
#######################refresh#######################
###got sofa!(http://www.douban.com/group/topic/69721181/)
#######################refresh#######################
###got sofa!(http://www.douban.com/group/topic/69721181/)
#######################refresh#######################
###got sofa!(http://www.douban.com/group/topic/69721317/)
#######################refresh#######################
#######################refresh#######################
###got sofa!(http://www.douban.com/group/topic/69721379/)
#######################refresh#######################
###got sofa!(http://www.douban.com/group/topic/69721379/)
#######################refresh#######################
###got sofa!(http://www.douban.com/group/topic/69721456/)
#######################refresh#######################
###got sofa!(http://www.douban.com/group/topic/69721456/)
#######################refresh#######################
#######################refresh#######################
#######################refresh#######################
###got sofa!(http://www.douban.com/group/topic/69721563/)
###got sofa!(http://www.douban.com/group/topic/69721562/)
#######################refresh#######################
#######################refresh#######################
#######################refresh#######################
###got sofa!(http://www.douban.com/group/topic/69721655/)
#######################refresh#######################
###got sofa!(http://www.douban.com/group/topic/69721655/)
#######################refresh#######################
###got sofa!(http://www.douban.com/group/topic/69721717/)
###got sofa!(http://www.douban.com/group/topic/69721715/)
###got sofa!(http://www.douban.com/group/topic/69721655/)
#######################refresh#######################
#######################refresh#######################
###got sofa!(http://www.douban.com/group/topic/69721779/)
#######################refresh#######################
#######################refresh#######################
###got sofa!(http://www.douban.com/group/topic/69721830/)
too many connection resets (due to end of file reached - EOFError) after 16 requests on 36485220, last used 0.021357466 seconds ago
#######################refresh#######################
#######################refresh#######################
###got sofa!(http://www.douban.com/group/topic/69721859/)
#######################refresh#######################
###got sofa!(http://www.douban.com/group/topic/69721902/)
too many connection resets (due to end of file reached - EOFError) after 8 requests on 36485220, last used 0.021491843 seconds ago
###got sofa!(http://www.douban.com/group/topic/69721880/)
#######################refresh#######################
###got sofa!(http://www.douban.com/group/topic/69721880/)
#######################refresh#######################
###got sofa!(http://www.douban.com/group/topic/69721948/)
#######################refresh#######################
###got sofa!(http://www.douban.com/group/topic/69721984/)
###got sofa!(http://www.douban.com/group/topic/69721967/)
###got sofa!(http://www.douban.com/group/topic/69721948/)
#######################refresh#######################
###got sofa!(http://www.douban.com/group/topic/69721967/)
#######################refresh#######################
###got sofa!(http://www.douban.com/group/topic/69722063/)
###got sofa!(http://www.douban.com/group/topic/69722056/)
#######################refresh#######################
###got sofa!(http://www.douban.com/group/topic/69722089/)
###got sofa!(http://www.douban.com/group/topic/69722063/)
#######################refresh#######################
#######################refresh#######################
#######################refresh#######################
###got sofa!(http://www.douban.com/group/topic/69722185/)
###got sofa!(http://www.douban.com/group/topic/69722184/)
#######################refresh#######################
###got sofa!(http://www.douban.com/group/topic/69722196/)
#######################refresh#######################
###got sofa!(http://www.douban.com/group/topic/69722196/)
#######################refresh#######################
###got sofa!(http://www.douban.com/group/topic/69722196/)
#######################refresh#######################
#######################refresh#######################
###got sofa!(http://www.douban.com/group/topic/69722307/)
#######################refresh#######################
#######################refresh#######################
#######################refresh#######################
#######################refresh#######################
###got sofa!(http://www.douban.com/group/topic/69722402/)
#######################refresh#######################
#######################refresh#######################
###got sofa!(http://www.douban.com/group/topic/69722455/)
#######################refresh#######################
#######################refresh#######################
#######################refresh#######################
###got sofa!(http://www.douban.com/group/topic/69722489/)
#######################refresh#######################
###got sofa!(http://www.douban.com/group/topic/69722512/)
###got sofa!(http://www.douban.com/group/topic/69722505/)
#######################refresh#######################
###got sofa!(http://www.douban.com/group/topic/69722542/)
###got sofa!(http://www.douban.com/group/topic/69722532/)
#######################refresh#######################
###got sofa!(http://www.douban.com/group/topic/69722570/)
###got sofa!(http://www.douban.com/group/topic/69722545/)
#######################refresh#######################
#######################refresh#######################
#######################refresh#######################
#######################refresh#######################
###got sofa!(http://www.douban.com/group/topic/69722641/)
too many connection resets (due to end of file reached - EOFError) after 20 requests on 36485220, last used 0.025248189 seconds ago
#######################refresh#######################
###got sofa!(http://www.douban.com/group/topic/69722671/)
###got sofa!(http://www.douban.com/group/topic/69722660/)
###got sofa!(http://www.douban.com/group/topic/69722641/)
#######################refresh#######################
#######################refresh#######################
#######################refresh#######################
###got sofa!(http://www.douban.com/group/topic/69722752/)
#######################refresh#######################
###got sofa!(http://www.douban.com/group/topic/69722790/)
###got sofa!(http://www.douban.com/group/topic/69722773/)
#######################refresh#######################
#######################refresh#######################
###got sofa!(http://www.douban.com/group/topic/69722833/)
#######################refresh#######################
#######################refresh#######################
###got sofa!(http://www.douban.com/group/topic/69722890/)
###got sofa!(http://www.douban.com/group/topic/69722889/)
#######################refresh#######################
#######################refresh#######################
#######################refresh#######################
#######################refresh#######################
###got sofa!(http://www.douban.com/group/topic/69723009/)
###got sofa!(http://www.douban.com/group/topic/69723007/)
###got sofa!(http://www.douban.com/group/topic/69723001/)
###got sofa!(http://www.douban.com/group/topic/69722989/)
#######################refresh#######################
#######################refresh#######################
###got sofa!(http://www.douban.com/group/topic/69723091/)
###got sofa!(http://www.douban.com/group/topic/69723082/)
###got sofa!(http://www.douban.com/group/topic/69723079/)
#######################refresh#######################
#######################refresh#######################
###got sofa!(http://www.douban.com/group/topic/69723164/)
#######################refresh#######################
###got sofa!(http://www.douban.com/group/topic/69723192/)
#######################refresh#######################
#######################refresh#######################
###got sofa!(http://www.douban.com/group/topic/69723239/)
###got sofa!(http://www.douban.com/group/topic/69723226/)
#######################refresh#######################
###got sofa!(http://www.douban.com/group/topic/69723277/)
#######################refresh#######################
#######################refresh#######################
###got sofa!(http://www.douban.com/group/topic/69723326/)
#######################refresh#######################
#######################refresh#######################
###got sofa!(http://www.douban.com/group/topic/69723378/)
###got sofa!(http://www.douban.com/group/topic/69723359/)
#######################refresh#######################
#######################refresh#######################
#######################refresh#######################
#######################refresh#######################
#######################refresh#######################
###got sofa!(http://www.douban.com/group/topic/69723496/)
#######################refresh#######################
###got sofa!(http://www.douban.com/group/topic/69723527/)
###got sofa!(http://www.douban.com/group/topic/69723508/)
#######################refresh#######################
#######################refresh#######################
#######################refresh#######################
###got sofa!(http://www.douban.com/group/topic/69723597/)
#######################refresh#######################
#######################refresh#######################
###got sofa!(http://www.douban.com/group/topic/69723631/)
#######################refresh#######################
###got sofa!(http://www.douban.com/group/topic/69723664/)
#######################refresh#######################
#######################refresh#######################
###got sofa!(http://www.douban.com/group/topic/69723714/)
#######################refresh#######################
#######################refresh#######################
###got sofa!(http://www.douban.com/group/topic/69723759/)
###got sofa!(http://www.douban.com/group/topic/69723758/)
###got sofa!(http://www.douban.com/group/topic/69723757/)
#######################refresh#######################
#######################refresh#######################
#######################refresh#######################
###got sofa!(http://www.douban.com/group/topic/69723840/)
###got sofa!(http://www.douban.com/group/topic/69723835/)
too many connection resets (due to end of file reached - EOFError) after 14 requests on 36485220, last used 0.025210473 seconds ago
###got sofa!(http://www.douban.com/group/topic/69723829/)
###got sofa!(http://www.douban.com/group/topic/69723826/)
#######################refresh#######################
#######################refresh#######################
#######################refresh#######################
#######################refresh#######################
###got sofa!(http://www.douban.com/group/topic/69723945/)
#######################refresh#######################
#######################refresh#######################
#######################refresh#######################
###got sofa!(http://www.douban.com/group/topic/69724020/)
#######################refresh#######################
###got sofa!(http://www.douban.com/group/topic/69724052/)
#######################refresh#######################
###got sofa!(http://www.douban.com/group/topic/69724077/)
#######################refresh#######################
#######################refresh#######################
#######################refresh#######################
###got sofa!(http://www.douban.com/group/topic/69724138/)
###got sofa!(http://www.douban.com/group/topic/69724126/)
too many connection resets (due to end of file reached - EOFError) after 10 requests on 36485220, last used 0.020464335 seconds ago
#######################refresh#######################
###got sofa!(http://www.douban.com/group/topic/69724147/)
###got sofa!(http://www.douban.com/group/topic/69724138/)
#######################refresh#######################
###got sofa!(http://www.douban.com/group/topic/69724209/)
###got sofa!(http://www.douban.com/group/topic/69724201/)
###got sofa!(http://www.douban.com/group/topic/69724138/)
#######################refresh#######################
###got sofa!(http://www.douban.com/group/topic/69724209/)
#######################refresh#######################
###got sofa!(http://www.douban.com/group/topic/69724209/)
#######################refresh#######################
#######################refresh#######################
###got sofa!(http://www.douban.com/group/topic/69724321/)
###got sofa!(http://www.douban.com/group/topic/69724317/)
#######################refresh#######################
###got sofa!(http://www.douban.com/group/topic/69724366/)
#######################refresh#######################
###got sofa!(http://www.douban.com/group/topic/69724366/)
#######################refresh#######################
###got sofa!(http://www.douban.com/group/topic/69724366/)
#######################refresh#######################
###got sofa!(http://www.douban.com/group/topic/69724461/)
#######################refresh#######################
###got sofa!(http://www.douban.com/group/topic/69724490/)
###got sofa!(http://www.douban.com/group/topic/69724469/)
###got sofa!(http://www.douban.com/group/topic/69724461/)
#######################refresh#######################
###got sofa!(http://www.douban.com/group/topic/69724469/)
#######################refresh#######################
###got sofa!(http://www.douban.com/group/topic/69724557/)
###got sofa!(http://www.douban.com/group/topic/69724469/)
#######################refresh#######################
###got sofa!(http://www.douban.com/group/topic/69724596/)
###got sofa!(http://www.douban.com/group/topic/69724585/)
#######################refresh#######################
###got sofa!(http://www.douban.com/group/topic/69724585/)
#######################refresh#######################
###got sofa!(http://www.douban.com/group/topic/69724668/)
###got sofa!(http://www.douban.com/group/topic/69724663/)
###got sofa!(http://www.douban.com/group/topic/69724656/)
###got sofa!(http://www.douban.com/group/topic/69724585/)
#######################refresh#######################
###got sofa!(http://www.douban.com/group/topic/69724668/)
###got sofa!(http://www.douban.com/group/topic/69724656/)
#######################refresh#######################
###got sofa!(http://www.douban.com/group/topic/69724792/)
#######################refresh#######################
###got sofa!(http://www.douban.com/group/topic/69724828/)
###got sofa!(http://www.douban.com/group/topic/69724792/)
#######################refresh#######################
#######################refresh#######################
#######################refresh#######################
#######################refresh#######################
###got sofa!(http://www.douban.com/group/topic/69724959/)
###got sofa!(http://www.douban.com/group/topic/69724953/)
too many connection resets (due to end of file reached - EOFError) after 6 requests on 36485220, last used 0.070004986 seconds ago
#######################refresh#######################
###got sofa!(http://www.douban.com/group/topic/69724998/)
###got sofa!(http://www.douban.com/group/topic/69724953/)
#######################refresh#######################
###got sofa!(http://www.douban.com/group/topic/69725011/)
#######################refresh#######################
###got sofa!(http://www.douban.com/group/topic/69725042/)
#######################refresh#######################
###got sofa!(http://www.douban.com/group/topic/69725093/)
###got sofa!(http://www.douban.com/group/topic/69725089/)
#######################refresh#######################
###got sofa!(http://www.douban.com/group/topic/69725142/)
###got sofa!(http://www.douban.com/group/topic/69725135/)
###got sofa!(http://www.douban.com/group/topic/69725089/)
too many connection resets (due to end of file reached - EOFError) after 28 requests on 36485220, last used 0.021826525 seconds ago
#######################refresh#######################
###got sofa!(http://www.douban.com/group/topic/69725089/)
#######################refresh#######################
###got sofa!(http://www.douban.com/group/topic/69725208/)
#######################refresh#######################
#######################refresh#######################
#######################refresh#######################
#######################refresh#######################
###got sofa!(http://www.douban.com/group/topic/69725297/)
###got sofa!(http://www.douban.com/group/topic/69725284/)
#######################refresh#######################
###got sofa!(http://www.douban.com/group/topic/69725304/)
#######################refresh#######################
###got sofa!(http://www.douban.com/group/topic/69725359/)
#######################refresh#######################
###got sofa!(http://www.douban.com/group/topic/69725403/)
#######################refresh#######################
###got sofa!(http://www.douban.com/group/topic/69725453/)
###got sofa!(http://www.douban.com/group/topic/69725442/)
###got sofa!(http://www.douban.com/group/topic/69725438/)
#######################refresh#######################
###got sofa!(http://www.douban.com/group/topic/69725499/)
###got sofa!(http://www.douban.com/group/topic/69725442/)
#######################refresh#######################
###got sofa!(http://www.douban.com/group/topic/69725520/)
###got sofa!(http://www.douban.com/group/topic/69725499/)
###got sofa!(http://www.douban.com/group/topic/69725442/)
#######################refresh#######################
#######################refresh#######################
###got sofa!(http://www.douban.com/group/topic/69725615/)
###got sofa!(http://www.douban.com/group/topic/69725602/)
#######################refresh#######################
###got sofa!(http://www.douban.com/group/topic/69725653/)
too many connection resets (due to end of file reached - EOFError) after 15 requests on 36485220, last used 0.025571692 seconds ago
###got sofa!(http://www.douban.com/group/topic/69725650/)
###got sofa!(http://www.douban.com/group/topic/69725602/)
#######################refresh#######################
###got sofa!(http://www.douban.com/group/topic/69725653/)
#######################refresh#######################
###got sofa!(http://www.douban.com/group/topic/69725714/)
###got sofa!(http://www.douban.com/group/topic/69725710/)
###got sofa!(http://www.douban.com/group/topic/69725653/)
#######################refresh#######################
###got sofa!(http://www.douban.com/group/topic/69725767/)
###got sofa!(http://www.douban.com/group/topic/69725710/)
#######################refresh#######################
###got sofa!(http://www.douban.com/group/topic/69725767/)
###got sofa!(http://www.douban.com/group/topic/69725710/)
#######################refresh#######################
###got sofa!(http://www.douban.com/group/topic/69725857/)
too many connection resets (due to end of file reached - EOFError) after 22 requests on 36485220, last used 0.026293844 seconds ago
###got sofa!(http://www.douban.com/group/topic/69725856/)
#######################refresh#######################
###got sofa!(http://www.douban.com/group/topic/69725857/)
#######################refresh#######################
###got sofa!(http://www.douban.com/group/topic/69725857/)
#######################refresh#######################
###got sofa!(http://www.douban.com/group/topic/69725945/)
###got sofa!(http://www.douban.com/group/topic/69725944/)
###got sofa!(http://www.douban.com/group/topic/69725938/)
###got sofa!(http://www.douban.com/group/topic/69725857/)
#######################refresh#######################
###got sofa!(http://www.douban.com/group/topic/69725964/)
#######################refresh#######################
###got sofa!(http://www.douban.com/group/topic/69726014/)
#######################refresh#######################
#######################refresh#######################
###got sofa!(http://www.douban.com/group/topic/69726078/)
#######################refresh#######################
###got sofa!(http://www.douban.com/group/topic/69726078/)
#######################refresh#######################
###got sofa!(http://www.douban.com/group/topic/69726160/)
###got sofa!(http://www.douban.com/group/topic/69726147/)
###got sofa!(http://www.douban.com/group/topic/69726078/)
#######################refresh#######################
###got sofa!(http://www.douban.com/group/topic/69726182/)
###got sofa!(http://www.douban.com/group/topic/69726160/)
###got sofa!(http://www.douban.com/group/topic/69726147/)
#######################refresh#######################
###got sofa!(http://www.douban.com/group/topic/69726300/)
###got sofa!(http://www.douban.com/group/topic/69726262/)
###got sofa!(http://www.douban.com/group/topic/69726182/)
###got sofa!(http://www.douban.com/group/topic/69726160/)
#######################refresh#######################
###got sofa!(http://www.douban.com/group/topic/69726376/)
###got sofa!(http://www.douban.com/group/topic/69726351/)
#######################refresh#######################
###got sofa!(http://www.douban.com/group/topic/69726376/)
#######################refresh#######################
###got sofa!(http://www.douban.com/group/topic/69726376/)
#######################refresh#######################
###got sofa!(http://www.douban.com/group/topic/69726562/)
#######################refresh#######################
###got sofa!(http://www.douban.com/group/topic/69726605/)
###got sofa!(http://www.douban.com/group/topic/69726562/)
###got sofa!(http://www.douban.com/group/topic/69726534/)
#######################refresh#######################
###got sofa!(http://www.douban.com/group/topic/69726664/)
###got sofa!(http://www.douban.com/group/topic/69726662/)
###got sofa!(http://www.douban.com/group/topic/69726562/)
#######################refresh#######################
###got sofa!(http://www.douban.com/group/topic/69726696/)
###got sofa!(http://www.douban.com/group/topic/69726664/)
###got sofa!(http://www.douban.com/group/topic/69726562/)
#######################refresh#######################
###got sofa!(http://www.douban.com/group/topic/69726800/)
###got sofa!(http://www.douban.com/group/topic/69726696/)
###got sofa!(http://www.douban.com/group/topic/69726664/)
#######################refresh#######################
###got sofa!(http://www.douban.com/group/topic/69726876/)
###got sofa!(http://www.douban.com/group/topic/69726838/)
#######################refresh#######################
###got sofa!(http://www.douban.com/group/topic/69726922/)
###got sofa!(http://www.douban.com/group/topic/69726838/)
#######################refresh#######################
###got sofa!(http://www.douban.com/group/topic/69727006/)
###got sofa!(http://www.douban.com/group/topic/69726960/)
###got sofa!(http://www.douban.com/group/topic/69726958/)
#######################refresh#######################
###got sofa!(http://www.douban.com/group/topic/69727057/)
#######################refresh#######################
#######################refresh#######################
#######################refresh#######################
#######################refresh#######################
###got sofa!(http://www.douban.com/group/topic/69727245/)
#######################refresh#######################
###got sofa!(http://www.douban.com/group/topic/69727266/)
#######################refresh#######################
###got sofa!(http://www.douban.com/group/topic/69727315/)
#######################refresh#######################
#######################refresh#######################
###got sofa!(http://www.douban.com/group/topic/69727416/)
###got sofa!(http://www.douban.com/group/topic/69727414/)
#######################refresh#######################
#######################refresh#######################
#######################refresh#######################
###got sofa!(http://www.douban.com/group/topic/69727499/)
#######################refresh#######################
###got sofa!(http://www.douban.com/group/topic/69727543/)
###got sofa!(http://www.douban.com/group/topic/69727534/)
#######################refresh#######################
###got sofa!(http://www.douban.com/group/topic/69727613/)
###got sofa!(http://www.douban.com/group/topic/69727568/)
#######################refresh#######################
###got sofa!(http://www.douban.com/group/topic/69727640/)
#######################refresh#######################
#######################refresh#######################
###got sofa!(http://www.douban.com/group/topic/69727707/)
#######################refresh#######################
###got sofa!(http://www.douban.com/group/topic/69727746/)
###got sofa!(http://www.douban.com/group/topic/69727707/)
#######################refresh#######################
###got sofa!(http://www.douban.com/group/topic/69727815/)
###got sofa!(http://www.douban.com/group/topic/69727807/)
###got sofa!(http://www.douban.com/group/topic/69727783/)
###got sofa!(http://www.douban.com/group/topic/69727779/)
###got sofa!(http://www.douban.com/group/topic/69727707/)
#######################refresh#######################
#######################refresh#######################
###got sofa!(http://www.douban.com/group/topic/69727914/)
#######################refresh#######################
###got sofa!(http://www.douban.com/group/topic/69727914/)
#######################refresh#######################
###got sofa!(http://www.douban.com/group/topic/69728017/)
###got sofa!(http://www.douban.com/group/topic/69728012/)
###got sofa!(http://www.douban.com/group/topic/69727999/)
###got sofa!(http://www.douban.com/group/topic/69727990/)
###got sofa!(http://www.douban.com/group/topic/69727914/)
#######################refresh#######################
###got sofa!(http://www.douban.com/group/topic/69728087/)
#######################refresh#######################
###got sofa!(http://www.douban.com/group/topic/69728161/)
too many connection resets (due to end of file reached - EOFError) after 3 requests on 36485220, last used 0.012265806 seconds ago
###got sofa!(http://www.douban.com/group/topic/69728145/)
###got sofa!(http://www.douban.com/group/topic/69728126/)
###got sofa!(http://www.douban.com/group/topic/69728087/)
#######################refresh#######################
###got sofa!(http://www.douban.com/group/topic/69728126/)
#######################refresh#######################
###got sofa!(http://www.douban.com/group/topic/69728269/)
###got sofa!(http://www.douban.com/group/topic/69728264/)
###got sofa!(http://www.douban.com/group/topic/69728235/)
#######################refresh#######################
###got sofa!(http://www.douban.com/group/topic/69728342/)
###got sofa!(http://www.douban.com/group/topic/69728332/)
###got sofa!(http://www.douban.com/group/topic/69728294/)
#######################refresh#######################
###got sofa!(http://www.douban.com/group/topic/69728409/)
###got sofa!(http://www.douban.com/group/topic/69728365/)
#######################refresh#######################
#######################refresh#######################
###got sofa!(http://www.douban.com/group/topic/69728511/)
###got sofa!(http://www.douban.com/group/topic/69728510/)
###got sofa!(http://www.douban.com/group/topic/69728509/)
too many connection resets (due to end of file reached - EOFError) after 1 requests on 36485220, last used 0.024896466 seconds ago
###got sofa!(http://www.douban.com/group/topic/69728508/)
#######################refresh#######################
###got sofa!(http://www.douban.com/group/topic/69728645/)
###got sofa!(http://www.douban.com/group/topic/69728624/)
#######################refresh#######################
###got sofa!(http://www.douban.com/group/topic/69728709/)
###got sofa!(http://www.douban.com/group/topic/69728696/)
#######################refresh#######################
###got sofa!(http://www.douban.com/group/topic/69728725/)
#######################refresh#######################
###got sofa!(http://www.douban.com/group/topic/69728795/)
###got sofa!(http://www.douban.com/group/topic/69728725/)
#######################refresh#######################
###got sofa!(http://www.douban.com/group/topic/69728839/)
###got sofa!(http://www.douban.com/group/topic/69728795/)
#######################refresh#######################
###got sofa!(http://www.douban.com/group/topic/69728839/)
#######################refresh#######################
###got sofa!(http://www.douban.com/group/topic/69729001/)
###got sofa!(http://www.douban.com/group/topic/69728994/)
###got sofa!(http://www.douban.com/group/topic/69728991/)
#######################refresh#######################
###got sofa!(http://www.douban.com/group/topic/69729074/)
###got sofa!(http://www.douban.com/group/topic/69729072/)
404 => Net::HTTPNotFound for http://www.douban.com/group/topic/69729057/ -- unhandled response
#######################refresh#######################
###got sofa!(http://www.douban.com/group/topic/69729130/)
###got sofa!(http://www.douban.com/group/topic/69729102/)
###got sofa!(http://www.douban.com/group/topic/69729101/)
###got sofa!(http://www.douban.com/group/topic/69729092/)
#######################refresh#######################
###got sofa!(http://www.douban.com/group/topic/69729209/)
###got sofa!(http://www.douban.com/group/topic/69729193/)
###got sofa!(http://www.douban.com/group/topic/69729168/)
###got sofa!(http://www.douban.com/group/topic/69729158/)
###got sofa!(http://www.douban.com/group/topic/69729130/)
too many connection resets (due to Connection reset by peer - Errno::ECONNRESET) after 10 requests on 36485220, last used 0.108672195 seconds ago
#######################refresh#######################
###got sofa!(http://www.douban.com/group/topic/69729332/)
###got sofa!(http://www.douban.com/group/topic/69729329/)
###got sofa!(http://www.douban.com/group/topic/69729327/)
###got sofa!(http://www.douban.com/group/topic/69729324/)
#######################refresh#######################
###got sofa!(http://www.douban.com/group/topic/69729418/)
###got sofa!(http://www.douban.com/group/topic/69729392/)
###got sofa!(http://www.douban.com/group/topic/69729327/)
#######################refresh#######################
###got sofa!(http://www.douban.com/group/topic/69729421/)
#######################refresh#######################
###got sofa!(http://www.douban.com/group/topic/69729534/)
too many connection resets (due to Connection reset by peer - Errno::ECONNRESET) after 12 requests on 36485220, last used 0.152933401 seconds ago
###got sofa!(http://www.douban.com/group/topic/69729530/)
too many connection resets (due to end of file reached - EOFError) after 2 requests on 36485220, last used 0.023922037 seconds ago
#######################refresh#######################
###got sofa!(http://www.douban.com/group/topic/69729550/)
###got sofa!(http://www.douban.com/group/topic/69729534/)
#######################refresh#######################
###got sofa!(http://www.douban.com/group/topic/69729596/)
too many connection resets (due to end of file reached - EOFError) after 37 requests on 36485220, last used 0.024748961 seconds ago
###got sofa!(http://www.douban.com/group/topic/69729534/)
#######################refresh#######################
###got sofa!(http://www.douban.com/group/topic/69729534/)
#######################refresh#######################
###got sofa!(http://www.douban.com/group/topic/69729716/)
###got sofa!(http://www.douban.com/group/topic/69729714/)
#######################refresh#######################
###got sofa!(http://www.douban.com/group/topic/69729847/)
###got sofa!(http://www.douban.com/group/topic/69729820/)
###got sofa!(http://www.douban.com/group/topic/69729734/)
#######################refresh#######################
###got sofa!(http://www.douban.com/group/topic/69729847/)
#######################refresh#######################
###got sofa!(http://www.douban.com/group/topic/69729925/)
#######################refresh#######################
###got sofa!(http://www.douban.com/group/topic/69730007/)
###got sofa!(http://www.douban.com/group/topic/69730002/)
###got sofa!(http://www.douban.com/group/topic/69729988/)
###got sofa!(http://www.douban.com/group/topic/69729978/)
###got sofa!(http://www.douban.com/group/topic/69729925/)
#######################refresh#######################
###got sofa!(http://www.douban.com/group/topic/69730106/)
###got sofa!(http://www.douban.com/group/topic/69730104/)
###got sofa!(http://www.douban.com/group/topic/69730078/)
###got sofa!(http://www.douban.com/group/topic/69730012/)
###got sofa!(http://www.douban.com/group/topic/69729978/)
#######################refresh#######################
###got sofa!(http://www.douban.com/group/topic/69730167/)
###got sofa!(http://www.douban.com/group/topic/69730155/)
###got sofa!(http://www.douban.com/group/topic/69730123/)
#######################refresh#######################
###got sofa!(http://www.douban.com/group/topic/69730278/)
###got sofa!(http://www.douban.com/group/topic/69730257/)
###got sofa!(http://www.douban.com/group/topic/69730207/)
#######################refresh#######################
###got sofa!(http://www.douban.com/group/topic/69730333/)
###got sofa!(http://www.douban.com/group/topic/69730278/)
#######################refresh#######################
#######################refresh#######################
###got sofa!(http://www.douban.com/group/topic/69730435/)
###got sofa!(http://www.douban.com/group/topic/69730414/)
#######################refresh#######################
#######################refresh#######################
###got sofa!(http://www.douban.com/group/topic/69730535/)
###got sofa!(http://www.douban.com/group/topic/69730497/)
#######################refresh#######################
###got sofa!(http://www.douban.com/group/topic/69730573/)
###got sofa!(http://www.douban.com/group/topic/69730548/)
too many connection resets (due to end of file reached - EOFError) after 9 requests on 36485220, last used 0.065070009 seconds ago
###got sofa!(http://www.douban.com/group/topic/69730497/)
#######################refresh#######################
###got sofa!(http://www.douban.com/group/topic/69730635/)
too many connection resets (due to end of file reached - EOFError) after 19 requests on 36485220, last used 0.025575319 seconds ago
###got sofa!(http://www.douban.com/group/topic/69730621/)
###got sofa!(http://www.douban.com/group/topic/69730600/)
###got sofa!(http://www.douban.com/group/topic/69730573/)
#######################refresh#######################
###got sofa!(http://www.douban.com/group/topic/69730702/)
###got sofa!(http://www.douban.com/group/topic/69730689/)
###got sofa!(http://www.douban.com/group/topic/69730671/)
###got sofa!(http://www.douban.com/group/topic/69730667/)
###got sofa!(http://www.douban.com/group/topic/69730651/)
###got sofa!(http://www.douban.com/group/topic/69730645/)
#######################refresh#######################
###got sofa!(http://www.douban.com/group/topic/69730790/)
###got sofa!(http://www.douban.com/group/topic/69730776/)
###got sofa!(http://www.douban.com/group/topic/69730702/)
#######################refresh#######################
###got sofa!(http://www.douban.com/group/topic/69730850/)
#######################refresh#######################
###got sofa!(http://www.douban.com/group/topic/69730894/)
###got sofa!(http://www.douban.com/group/topic/69730881/)
#######################refresh#######################
###got sofa!(http://www.douban.com/group/topic/69730940/)
###got sofa!(http://www.douban.com/group/topic/69730910/)
#######################refresh#######################
###got sofa!(http://www.douban.com/group/topic/69730985/)
###got sofa!(http://www.douban.com/group/topic/69730973/)
#######################refresh#######################
#######################refresh#######################
###got sofa!(http://www.douban.com/group/topic/69731054/)
#######################refresh#######################
###got sofa!(http://www.douban.com/group/topic/69731112/)
###got sofa!(http://www.douban.com/group/topic/69731054/)
#######################refresh#######################
###got sofa!(http://www.douban.com/group/topic/69731112/)
#######################refresh#######################
###got sofa!(http://www.douban.com/group/topic/69731185/)
###got sofa!(http://www.douban.com/group/topic/69731112/)
too many connection resets (due to end of file reached - EOFError) after 15 requests on 36485220, last used 0.010654721 seconds ago
#######################refresh#######################
###got sofa!(http://www.douban.com/group/topic/69731261/)
#######################refresh#######################
###got sofa!(http://www.douban.com/group/topic/69731303/)
###got sofa!(http://www.douban.com/group/topic/69731274/)
###got sofa!(http://www.douban.com/group/topic/69731261/)
#######################refresh#######################
###got sofa!(http://www.douban.com/group/topic/69731348/)
###got sofa!(http://www.douban.com/group/topic/69731323/)
###got sofa!(http://www.douban.com/group/topic/69731274/)
###got sofa!(http://www.douban.com/group/topic/69731261/)
#######################refresh#######################
###got sofa!(http://www.douban.com/group/topic/69731449/)
###got sofa!(http://www.douban.com/group/topic/69731432/)
#######################refresh#######################
###got sofa!(http://www.douban.com/group/topic/69731480/)
###got sofa!(http://www.douban.com/group/topic/69731432/)
#######################refresh#######################
#######################refresh#######################
###got sofa!(http://www.douban.com/group/topic/69731576/)
#######################refresh#######################
#######################refresh#######################
###got sofa!(http://www.douban.com/group/topic/69731678/)
###got sofa!(http://www.douban.com/group/topic/69731671/)
#######################refresh#######################
###got sofa!(http://www.douban.com/group/topic/69731671/)
#######################refresh#######################
#######################refresh#######################
###got sofa!(http://www.douban.com/group/topic/69731884/)
too many connection resets (due to end of file reached - EOFError) after 22 requests on 36485220, last used 0.027070761 seconds ago
#######################refresh#######################
###got sofa!(http://www.douban.com/group/topic/69731884/)
#######################refresh#######################
###got sofa!(http://www.douban.com/group/topic/69731975/)
#######################refresh#######################
###got sofa!(http://www.douban.com/group/topic/69732032/)
###got sofa!(http://www.douban.com/group/topic/69732006/)
#######################refresh#######################
###got sofa!(http://www.douban.com/group/topic/69732046/)
#######################refresh#######################
###got sofa!(http://www.douban.com/group/topic/69732144/)
###got sofa!(http://www.douban.com/group/topic/69732141/)
#######################refresh#######################
###got sofa!(http://www.douban.com/group/topic/69732197/)
#######################refresh#######################
###got sofa!(http://www.douban.com/group/topic/69732209/)
#######################refresh#######################
###got sofa!(http://www.douban.com/group/topic/69732276/)
#######################refresh#######################
###got sofa!(http://www.douban.com/group/topic/69732337/)
###got sofa!(http://www.douban.com/group/topic/69732336/)
###got sofa!(http://www.douban.com/group/topic/69732319/)
#######################refresh#######################
###got sofa!(http://www.douban.com/group/topic/69732405/)
###got sofa!(http://www.douban.com/group/topic/69732402/)
###got sofa!(http://www.douban.com/group/topic/69732363/)
#######################refresh#######################
###got sofa!(http://www.douban.com/group/topic/69732476/)
#######################refresh#######################
#######################refresh#######################
#######################refresh#######################
###got sofa!(http://www.douban.com/group/topic/69732601/)
###got sofa!(http://www.douban.com/group/topic/69732589/)
#######################refresh#######################
###got sofa!(http://www.douban.com/group/topic/69732668/)
too many connection resets (due to end of file reached - EOFError) after 8 requests on 36485220, last used 4.74638593 seconds ago
###got sofa!(http://www.douban.com/group/topic/69732589/)
#######################refresh#######################
###got sofa!(http://www.douban.com/group/topic/69732719/)
###got sofa!(http://www.douban.com/group/topic/69732702/)
#######################refresh#######################
###got sofa!(http://www.douban.com/group/topic/69732798/)
#######################refresh#######################
###got sofa!(http://www.douban.com/group/topic/69732844/)
#######################refresh#######################
#######################refresh#######################
###got sofa!(http://www.douban.com/group/topic/69732927/)
#######################refresh#######################
###got sofa!(http://www.douban.com/group/topic/69732977/)
###got sofa!(http://www.douban.com/group/topic/69732955/)
#######################refresh#######################
###got sofa!(http://www.douban.com/group/topic/69733043/)
#######################refresh#######################
###got sofa!(http://www.douban.com/group/topic/69733085/)
###got sofa!(http://www.douban.com/group/topic/69733068/)
too many connection resets (due to end of file reached - EOFError) after 20 requests on 36485220, last used 0.026972424 seconds ago
###got sofa!(http://www.douban.com/group/topic/69733043/)
#######################refresh#######################
###got sofa!(http://www.douban.com/group/topic/69733068/)
#######################refresh#######################
###got sofa!(http://www.douban.com/group/topic/69733208/)
#######################refresh#######################
###got sofa!(http://www.douban.com/group/topic/69733289/)
###got sofa!(http://www.douban.com/group/topic/69730776/)
404 => Net::HTTPNotFound for http://www.douban.com/group/topic/69733241/ -- unhandled response
#######################refresh#######################
###got sofa!(http://www.douban.com/group/topic/69733334/)
###got sofa!(http://www.douban.com/group/topic/69733328/)
#######################refresh#######################
###got sofa!(http://www.douban.com/group/topic/69733402/)
###got sofa!(http://www.douban.com/group/topic/69733387/)
#######################refresh#######################
#######################refresh#######################
#######################refresh#######################
###got sofa!(http://www.douban.com/group/topic/69733523/)
#######################refresh#######################
###got sofa!(http://www.douban.com/group/topic/69733540/)
too many connection resets (due to end of file reached - EOFError) after 33 requests on 36485220, last used 0.010531234 seconds ago
###got sofa!(http://www.douban.com/group/topic/69733523/)
#######################refresh#######################
###got sofa!(http://www.douban.com/group/topic/69733610/)
###got sofa!(http://www.douban.com/group/topic/69733590/)
###got sofa!(http://www.douban.com/group/topic/69733580/)
###got sofa!(http://www.douban.com/group/topic/69733565/)
too many connection resets (due to end of file reached - EOFError) after 2 requests on 36485220, last used 0.088822181 seconds ago
###got sofa!(http://www.douban.com/group/topic/69733523/)
#######################refresh#######################
###got sofa!(http://www.douban.com/group/topic/69733655/)
###got sofa!(http://www.douban.com/group/topic/69733580/)
###got sofa!(http://www.douban.com/group/topic/69733565/)
#######################refresh#######################
###got sofa!(http://www.douban.com/group/topic/69733733/)
###got sofa!(http://www.douban.com/group/topic/69733730/)
#######################refresh#######################
###got sofa!(http://www.douban.com/group/topic/69733805/)
###got sofa!(http://www.douban.com/group/topic/69733733/)
#######################refresh#######################
###got sofa!(http://www.douban.com/group/topic/69733837/)
###got sofa!(http://www.douban.com/group/topic/69733834/)
#######################refresh#######################
###got sofa!(http://www.douban.com/group/topic/69733895/)
###got sofa!(http://www.douban.com/group/topic/69733837/)
#######################refresh#######################
###got sofa!(http://www.douban.com/group/topic/69733950/)
#######################refresh#######################
###got sofa!(http://www.douban.com/group/topic/69733950/)
#######################refresh#######################
#######################refresh#######################
###got sofa!(http://www.douban.com/group/topic/69734080/)
###got sofa!(http://www.douban.com/group/topic/69734079/)
#######################refresh#######################
###got sofa!(http://www.douban.com/group/topic/69734121/)
#######################refresh#######################
###got sofa!(http://www.douban.com/group/topic/69734181/)
#######################refresh#######################
###got sofa!(http://www.douban.com/group/topic/69734225/)
###got sofa!(http://www.douban.com/group/topic/69734220/)
#######################refresh#######################
###got sofa!(http://www.douban.com/group/topic/69734272/)
###got sofa!(http://www.douban.com/group/topic/69734225/)
#######################refresh#######################
###got sofa!(http://www.douban.com/group/topic/69734317/)
###got sofa!(http://www.douban.com/group/topic/69734284/)
#######################refresh#######################
###got sofa!(http://www.douban.com/group/topic/69734356/)
###got sofa!(http://www.douban.com/group/topic/69734354/)
#######################refresh#######################
###got sofa!(http://www.douban.com/group/topic/69734417/)
###got sofa!(http://www.douban.com/group/topic/69734369/)
###got sofa!(http://www.douban.com/group/topic/69734354/)
#######################refresh#######################
###got sofa!(http://www.douban.com/group/topic/69734473/)
###got sofa!(http://www.douban.com/group/topic/69734470/)